Archive member included because of file (symbol)

c:/program files (x86)/atmel/atmel toolchain/arm gcc/native/4.8.1437/arm-gnu-toolchain/bin/../lib/gcc/arm-none-eabi/4.8.4/../../../../arm-none-eabi/lib/armv7e-m\libc.a(lib_a-atoi.o)
                              src/main.o (atoi)
c:/program files (x86)/atmel/atmel toolchain/arm gcc/native/4.8.1437/arm-gnu-toolchain/bin/../lib/gcc/arm-none-eabi/4.8.4/../../../../arm-none-eabi/lib/armv7e-m\libc.a(lib_a-ctype_.o)
                              src/main.o (__ctype_ptr__)
c:/program files (x86)/atmel/atmel toolchain/arm gcc/native/4.8.1437/arm-gnu-toolchain/bin/../lib/gcc/arm-none-eabi/4.8.4/../../../../arm-none-eabi/lib/armv7e-m\libc.a(lib_a-exit.o)
                              c:/program files (x86)/atmel/atmel toolchain/arm gcc/native/4.8.1437/arm-gnu-toolchain/bin/../lib/gcc/arm-none-eabi/4.8.4/../../../../arm-none-eabi/lib/armv7e-m/crt0.o (exit)
c:/program files (x86)/atmel/atmel toolchain/arm gcc/native/4.8.1437/arm-gnu-toolchain/bin/../lib/gcc/arm-none-eabi/4.8.4/../../../../arm-none-eabi/lib/armv7e-m\libc.a(lib_a-impure.o)
                              c:/program files (x86)/atmel/atmel toolchain/arm gcc/native/4.8.1437/arm-gnu-toolchain/bin/../lib/gcc/arm-none-eabi/4.8.4/../../../../arm-none-eabi/lib/armv7e-m\libc.a(lib_a-exit.o) (_global_impure_ptr)
c:/program files (x86)/atmel/atmel toolchain/arm gcc/native/4.8.1437/arm-gnu-toolchain/bin/../lib/gcc/arm-none-eabi/4.8.4/../../../../arm-none-eabi/lib/armv7e-m\libc.a(lib_a-init.o)
                              c:/program files (x86)/atmel/atmel toolchain/arm gcc/native/4.8.1437/arm-gnu-toolchain/bin/../lib/gcc/arm-none-eabi/4.8.4/../../../../arm-none-eabi/lib/armv7e-m/crt0.o (__libc_init_array)
c:/program files (x86)/atmel/atmel toolchain/arm gcc/native/4.8.1437/arm-gnu-toolchain/bin/../lib/gcc/arm-none-eabi/4.8.4/../../../../arm-none-eabi/lib/armv7e-m\libc.a(lib_a-iprintf.o)
                              src/ASF/sam/drivers/adc/adc.o (iprintf)
c:/program files (x86)/atmel/atmel toolchain/arm gcc/native/4.8.1437/arm-gnu-toolchain/bin/../lib/gcc/arm-none-eabi/4.8.4/../../../../arm-none-eabi/lib/armv7e-m\libc.a(lib_a-memset.o)
                              c:/program files (x86)/atmel/atmel toolchain/arm gcc/native/4.8.1437/arm-gnu-toolchain/bin/../lib/gcc/arm-none-eabi/4.8.4/../../../../arm-none-eabi/lib/armv7e-m/crt0.o (memset)
c:/program files (x86)/atmel/atmel toolchain/arm gcc/native/4.8.1437/arm-gnu-toolchain/bin/../lib/gcc/arm-none-eabi/4.8.4/../../../../arm-none-eabi/lib/armv7e-m\libc.a(lib_a-puts.o)
                              src/main.o (puts)
c:/program files (x86)/atmel/atmel toolchain/arm gcc/native/4.8.1437/arm-gnu-toolchain/bin/../lib/gcc/arm-none-eabi/4.8.4/../../../../arm-none-eabi/lib/armv7e-m\libc.a(lib_a-rget.o)
                              src/main.o (__srget_r)
c:/program files (x86)/atmel/atmel toolchain/arm gcc/native/4.8.1437/arm-gnu-toolchain/bin/../lib/gcc/arm-none-eabi/4.8.4/../../../../arm-none-eabi/lib/armv7e-m\libc.a(lib_a-setbuf.o)
                              src/main.o (setbuf)
c:/program files (x86)/atmel/atmel toolchain/arm gcc/native/4.8.1437/arm-gnu-toolchain/bin/../lib/gcc/arm-none-eabi/4.8.4/../../../../arm-none-eabi/lib/armv7e-m\libc.a(lib_a-setvbuf.o)
                              c:/program files (x86)/atmel/atmel toolchain/arm gcc/native/4.8.1437/arm-gnu-toolchain/bin/../lib/gcc/arm-none-eabi/4.8.4/../../../../arm-none-eabi/lib/armv7e-m\libc.a(lib_a-setbuf.o) (setvbuf)
c:/program files (x86)/atmel/atmel toolchain/arm gcc/native/4.8.1437/arm-gnu-toolchain/bin/../lib/gcc/arm-none-eabi/4.8.4/../../../../arm-none-eabi/lib/armv7e-m\libc.a(lib_a-strlen.o)
                              c:/program files (x86)/atmel/atmel toolchain/arm gcc/native/4.8.1437/arm-gnu-toolchain/bin/../lib/gcc/arm-none-eabi/4.8.4/../../../../arm-none-eabi/lib/armv7e-m\libc.a(lib_a-puts.o) (strlen)
c:/program files (x86)/atmel/atmel toolchain/arm gcc/native/4.8.1437/arm-gnu-toolchain/bin/../lib/gcc/arm-none-eabi/4.8.4/../../../../arm-none-eabi/lib/armv7e-m\libc.a(lib_a-strtol.o)
                              c:/program files (x86)/atmel/atmel toolchain/arm gcc/native/4.8.1437/arm-gnu-toolchain/bin/../lib/gcc/arm-none-eabi/4.8.4/../../../../arm-none-eabi/lib/armv7e-m\libc.a(lib_a-atoi.o) (_strtol_r)
c:/program files (x86)/atmel/atmel toolchain/arm gcc/native/4.8.1437/arm-gnu-toolchain/bin/../lib/gcc/arm-none-eabi/4.8.4/../../../../arm-none-eabi/lib/armv7e-m\libc.a(lib_a-vfiprintf.o)
                              c:/program files (x86)/atmel/atmel toolchain/arm gcc/native/4.8.1437/arm-gnu-toolchain/bin/../lib/gcc/arm-none-eabi/4.8.4/../../../../arm-none-eabi/lib/armv7e-m\libc.a(lib_a-iprintf.o) (_vfiprintf_r)
c:/program files (x86)/atmel/atmel toolchain/arm gcc/native/4.8.1437/arm-gnu-toolchain/bin/../lib/gcc/arm-none-eabi/4.8.4/../../../../arm-none-eabi/lib/armv7e-m\libc.a(lib_a-wsetup.o)
[...]
Memory Configuration

Name             Origin             Length             Attributes
rom              0x00400000         0x00100000         xr
ram              0x20000000         0x00020000         xrw
*default*        0x00000000         0xffffffff

Linker script and memory map

LOAD c:/program files (x86)/atmel/atmel toolchain/arm gcc/native/4.8.1437/arm-gnu-toolchain/bin/../lib/gcc/arm-none-eabi/4.8.4/armv7e-m/crti.o
LOAD c:/program files (x86)/atmel/atmel toolchain/arm gcc/native/4.8.1437/arm-gnu-toolchain/bin/../lib/gcc/arm-none-eabi/4.8.4/armv7e-m/crtbegin.o
LOAD c:/program files (x86)/atmel/atmel toolchain/arm gcc/native/4.8.1437/arm-gnu-toolchain/bin/../lib/gcc/arm-none-eabi/4.8.4/../../../../arm-none-eabi/lib/armv7e-m/crt0.o
LOAD src/ASF/common/services/delay/sam/cycle_counter.o
LOAD src/ASF/common/services/spi/sam_spi/spi_master.o
LOAD src/ASF/sam/drivers/spi/spi.o
LOAD src/main.o
LOAD src/ASF/common/services/clock/sam4s/sysclk.o
LOAD src/ASF/common/services/serial/usart_serial.o
LOAD src/ASF/common/utils/interrupt/interrupt_sam_nvic.o
LOAD src/ASF/common/utils/stdio/read.o
LOAD src/ASF/common/utils/stdio/write.o
LOAD src/ASF/sam/boards/sam4s_xplained/init.o
LOAD src/ASF/sam/boards/sam4s_xplained/led.o
LOAD src/ASF/sam/drivers/adc/adc.o
LOAD src/ASF/sam/drivers/adc/adc_sam3u.o
LOAD src/ASF/sam/drivers/pio/pio.o
LOAD src/ASF/sam/drivers/pio/pio_handler.o
LOAD src/ASF/sam/drivers/pmc/pmc.o
LOAD src/ASF/sam/drivers/pmc/sleep.o
LOAD src/ASF/sam/drivers/uart/uart.o
LOAD src/ASF/sam/drivers/usart/usart.o
LOAD src/ASF/sam/utils/cmsis/sam4s/source/templates/gcc/startup_sam4s.o
LOAD src/ASF/sam/utils/cmsis/sam4s/source/templates/system_sam4s.o
LOAD src/ASF/sam/utils/syscalls/gcc/syscalls.o
START GROUP
LOAD ../src/ASF/thirdparty/CMSIS/Lib/GCC\libarm_cortexM4l_math.a
LOAD c:/program files (x86)/atmel/atmel toolchain/arm gcc/native/4.8.1437/arm-gnu-toolchain/bin/../lib/gcc/arm-none-eabi/4.8.4/../../../../arm-none-eabi/lib/armv7e-m\libm.a
END GROUP
START GROUP
LOAD c:/program files (x86)/atmel/atmel toolchain/arm gcc/native/4.8.1437/arm-gnu-toolchain/bin/../lib/gcc/arm-none-eabi/4.8.4/armv7e-m\libgcc.a
LOAD c:/program files (x86)/atmel/atmel toolchain/arm gcc/native/4.8.1437/arm-gnu-toolchain/bin/../lib/gcc/arm-none-eabi/4.8.4/../../../../arm-none-eabi/lib/armv7e-m\libc.a
END GROUP
LOAD c:/program files (x86)/atmel/atmel toolchain/arm gcc/native/4.8.1437/arm-gnu-toolchain/bin/../lib/gcc/arm-none-eabi/4.8.4/armv7e-m/crtend.o
LOAD c:/program files (x86)/atmel/atmel toolchain/arm gcc/native/4.8.1437/arm-gnu-toolchain/bin/../lib/gcc/arm-none-eabi/4.8.4/armv7e-m/crtn.o
                0x00003000                __stack_size__ = DEFINED (__stack_size__)?__stack_size__:0x3000
                0x2001fffc                __ram_end__ = ((ORIGIN (ram) + 0x20000) - 0x4)

.text           0x00400000     0x319c
                0x00400000                . = ALIGN (0x4)
                0x00400000                _sfixed = .
 *(.vectors .vectors.*)
 .vectors       0x00400000       0xcc src/ASF/sam/utils/cmsis/sam4s/source/templates/gcc/startup_sam4s.o
                0x00400000                exception_table
 *(.text .text.* .gnu.linkonce.t.*)
 .text          0x004000cc       0x54 c:/program files (x86)/atmel/atmel toolchain/arm gcc/native/4.8.1437/arm-gnu-toolchain/bin/../lib/gcc/arm-none-eabi/4.8.4/armv7e-m/crtbegin.o
 .text.spi_enable_clock
                0x00400120       0x10 src/ASF/sam/drivers/spi/spi.o
                0x00400120                spi_enable_clock
 .text.spi_set_peripheral_chip_select_value
                0x00400130       0x18 src/ASF/sam/drivers/spi/spi.o
                0x00400130                spi_set_peripheral_chip_select_value
 .text.spi_write
                0x00400148       0x38 src/ASF/sam/drivers/spi/spi.o
                0x00400148                spi_write
 .text.spi_set_clock_polarity
                0x00400180       0x20 src/ASF/sam/drivers/spi/spi.o
                0x00400180                spi_set_clock_polarity
 .text.spi_set_clock_phase
                0x004001a0       0x20 src/ASF/sam/drivers/spi/spi.o
                0x004001a0                spi_set_clock_phase
 .text.spi_set_bits_per_transfer
                0x004001c0       0x14 src/ASF/sam/drivers/spi/spi.o
                0x004001c0                spi_set_bits_per_transfer
 .text.spi_set_baudrate_div
                0x004001d4       0x18 src/ASF/sam/drivers/spi/spi.o
                0x004001d4                spi_set_baudrate_div
 .text.spi_set_transfer_delay
                0x004001ec       0x18 src/ASF/sam/drivers/spi/spi.o
                0x004001ec                spi_set_transfer_delay
 .text.usart_serial_getchar
                0x00400204       0x88 src/main.o
 .text.usart_serial_putchar
                0x0040028c       0x88 src/main.o
 .text.SysTick_Handler
                0x00400314        0x4 src/main.o
                0x00400314                SysTick_Handler
 .text.do_cmd_led
                0x00400318       0x40 src/main.o
                0x00400318                do_cmd_led
 .text.do_cmd_spi
                0x00400358       0x2c src/main.o
                0x00400358                do_cmd_spi
 .text.do_cmd_synthinit
                0x00400384       0x74 src/main.o
                0x00400384                do_cmd_synthinit
 .text.sendControlRegister
                0x004003f8       0x70 src/main.o
                0x004003f8                sendControlRegister
 .text.sendChannelRegister
                0x00400468       0x9c src/main.o
                0x00400468                sendChannelRegister
 .text.setCh1Freq
                0x00400504       0x18 src/main.o
                0x00400504                setCh1Freq
 .text.synthClockInit
                0x0040051c       0x20 src/main.o
                0x0040051c                synthClockInit
 .text.get_line_from_serial
                0x0040053c       0x88 src/main.o
                0x0040053c                get_line_from_serial
 .text.cmd_process
                0x004005c4       0xf8 src/main.o
                0x004005c4                cmd_process
 .text.pins_init
                0x004006bc       0x2c src/main.o
                0x004006bc                pins_init
 .text.main     0x004006e8      0x150 src/main.o
                0x004006e8                main
 .text.sysclk_init
                0x00400838       0x64 src/ASF/common/services/clock/sam4s/sysclk.o
                0x00400838                sysclk_init
 .text._read    0x0040089c       0x40 src/ASF/common/utils/stdio/read.o
                0x0040089c                _read
 .text._write   0x004008dc       0x54 src/ASF/common/utils/stdio/write.o
                0x004008dc                _write
 .text.board_init
                0x00400930       0x78 src/ASF/sam/boards/sam4s_xplained/init.o
                0x00400930                board_init
 .text.pio_set_peripheral
                0x004009a8       0x90 src/ASF/sam/drivers/pio/pio.o
                0x004009a8                pio_set_peripheral
 .text.pio_set_input
                0x00400a38       0x34 src/ASF/sam/drivers/pio/pio.o
                0x00400a38                pio_set_input
 .text.pio_set_output
                0x00400a6c       0x28 src/ASF/sam/drivers/pio/pio.o
                0x00400a6c                pio_set_output
 .text.pio_get_interrupt_status
                0x00400a94        0x4 src/ASF/sam/drivers/pio/pio.o
                0x00400a94                pio_get_interrupt_status
 .text.pio_get_interrupt_mask
                0x00400a98        0x4 src/ASF/sam/drivers/pio/pio.o
                0x00400a98                pio_get_interrupt_mask
 .text.pio_set_pin_high
                0x00400a9c       0x1c src/ASF/sam/drivers/pio/pio.o
                0x00400a9c                pio_set_pin_high
 .text.pio_set_pin_low
                0x00400ab8       0x1c src/ASF/sam/drivers/pio/pio.o
                0x00400ab8                pio_set_pin_low
 .text.pio_configure_pin
                0x00400ad4      0x124 src/ASF/sam/drivers/pio/pio.o
                0x00400ad4                pio_configure_pin
 .text.pio_configure_pin_group
                0x00400bf8       0xdc src/ASF/sam/drivers/pio/pio.o
                0x00400bf8                pio_configure_pin_group
 .text.pio_handler_process
                0x00400cd4       0x70 src/ASF/sam/drivers/pio/pio_handler.o
                0x00400cd4                pio_handler_process
 .text.PIOA_Handler
                0x00400d44       0x14 src/ASF/sam/drivers/pio/pio_handler.o
                0x00400d44                PIOA_Handler
 .text.PIOB_Handler
                0x00400d58       0x14 src/ASF/sam/drivers/pio/pio_handler.o
                0x00400d58                PIOB_Handler
 .text.PIOC_Handler
                0x00400d6c       0x14 src/ASF/sam/drivers/pio/pio_handler.o
                0x00400d6c                PIOC_Handler
 .text.pmc_switch_mck_to_pllack
                0x00400d80       0x64 src/ASF/sam/drivers/pmc/pmc.o
                0x00400d80                pmc_switch_mck_to_pllack
 .text.pmc_switch_mainck_to_xtal
                0x00400de4       0x54 src/ASF/sam/drivers/pmc/pmc.o
                0x00400de4                pmc_switch_mainck_to_xtal
 .text.pmc_osc_is_ready_mainck
                0x00400e38       0x10 src/ASF/sam/drivers/pmc/pmc.o
                0x00400e38                pmc_osc_is_ready_mainck
 .text.pmc_disable_pllack
                0x00400e48       0x10 src/ASF/sam/drivers/pmc/pmc.o
                0x00400e48                pmc_disable_pllack
 .text.pmc_is_locked_pllack
                0x00400e58       0x10 src/ASF/sam/drivers/pmc/pmc.o
                0x00400e58                pmc_is_locked_pllack
 .text.pmc_enable_periph_clk
                0x00400e68       0x58 src/ASF/sam/drivers/pmc/pmc.o
                0x00400e68                pmc_enable_periph_clk
 .text.uart_init
                0x00400ec0       0x38 src/ASF/sam/drivers/uart/uart.o
                0x00400ec0                uart_init
 .text.uart_write
                0x00400ef8       0x10 src/ASF/sam/drivers/uart/uart.o
                0x00400ef8                uart_write
 .text.uart_read
                0x00400f08       0x14 src/ASF/sam/drivers/uart/uart.o
                0x00400f08                uart_read
 .text.usart_write
                0x00400f1c       0x14 src/ASF/sam/drivers/usart/usart.o
                0x00400f1c                usart_write
 .text.usart_read
                0x00400f30       0x18 src/ASF/sam/drivers/usart/usart.o
                0x00400f30                usart_read
 .text.Dummy_Handler
                0x00400f48        0x4 src/ASF/sam/utils/cmsis/sam4s/source/templates/gcc/startup_sam4s.o
                0x00400f48                DACC_Handler
                0x00400f48                DebugMon_Handler
                0x00400f48                HardFault_Handler
                0x00400f48                TC2_Handler
                0x00400f48                SPI_Handler
                0x00400f48                TWI1_Handler
                0x00400f48                PendSV_Handler
                0x00400f48                NMI_Handler
                0x00400f48                ADC_Handler
                0x00400f48                CRCCU_Handler
                0x00400f48                USART0_Handler
                0x00400f48                RTT_Handler
                0x00400f48                RTC_Handler
                0x00400f48                UsageFault_Handler
                0x00400f48                WDT_Handler
                0x00400f48                TC4_Handler
                0x00400f48                TC1_Handler
                0x00400f48                HSMCI_Handler
                0x00400f48                UART1_Handler
                0x00400f48                TC3_Handler
                0x00400f48                Dummy_Handler
                0x00400f48                TWI0_Handler
                0x00400f48                USART1_Handler
                0x00400f48                SSC_Handler
                0x00400f48                EFC0_Handler
                0x00400f48                ACC_Handler
                0x00400f48                PMC_Handler
                0x00400f48                PWM_Handler
                0x00400f48                MemManage_Handler
                0x00400f48                SUPC_Handler
                0x00400f48                SVC_Handler
                0x00400f48                UART0_Handler
                0x00400f48                UDP_Handler
                0x00400f48                BusFault_Handler
                0x00400f48                RSTC_Handler
                0x00400f48                TC0_Handler
                0x00400f48                TC5_Handler
 .text.Reset_Handler
                0x00400f4c       0xb4 src/ASF/sam/utils/cmsis/sam4s/source/templates/gcc/startup_sam4s.o
                0x00400f4c                Reset_Handler
 .text.SystemCoreClockUpdate
                0x00401000      0x114 src/ASF/sam/utils/cmsis/sam4s/source/templates/system_sam4s.o
                0x00401000                SystemCoreClockUpdate
 .text.system_init_flash
                0x00401114       0x74 src/ASF/sam/utils/cmsis/sam4s/source/templates/system_sam4s.o
                0x00401114                system_init_flash
 .text._sbrk    0x00401188       0x34 src/ASF/sam/utils/syscalls/gcc/syscalls.o
                0x00401188                _sbrk
 .text._close   0x004011bc        0x8 src/ASF/sam/utils/syscalls/gcc/syscalls.o
                0x004011bc                _close
 .text._fstat   0x004011c4        0xc src/ASF/sam/utils/syscalls/gcc/syscalls.o
                0x004011c4                _fstat
 .text._isatty  0x004011d0        0x4 src/ASF/sam/utils/syscalls/gcc/syscalls.o
                0x004011d0                _isatty
 .text._lseek   0x004011d4        0x4 src/ASF/sam/utils/syscalls/gcc/syscalls.o
                0x004011d4                _lseek
 .text.atoi     0x004011d8        0x8 c:/program files (x86)/atmel/atmel toolchain/arm gcc/native/4.8.1437/arm-gnu-toolchain/bin/../lib/gcc/arm-none-eabi/4.8.4/../../../../arm-none-eabi/lib/armv7e-m\libc.a(lib_a-atoi.o)
                0x004011d8                atoi
 .text.__libc_init_array
                0x004011e0       0x50 c:/program files (x86)/atmel/atmel toolchain/arm gcc/native/4.8.1437/arm-gnu-toolchain/bin/../lib/gcc/arm-none-eabi/4.8.4/../../../../arm-none-eabi/lib/armv7e-m\libc.a(lib_a-init.o)
                0x004011e0                __libc_init_array
 .text.memset   0x00401230       0x94 c:/program files (x86)/atmel/atmel toolchain/arm gcc/native/4.8.1437/arm-gnu-toolchain/bin/../lib/gcc/arm-none-eabi/4.8.4/../../../../arm-none-eabi/lib/armv7e-m\libc.a(lib_a-memset.o)
                0x00401230                memset
 .text._puts_r  0x004012c4       0x5c c:/program files (x86)/atmel/atmel toolchain/arm gcc/native/4.8.1437/arm-gnu-toolchain/bin/../lib/gcc/arm-none-eabi/4.8.4/../../../../arm-none-eabi/lib/armv7e-m\libc.a(lib_a-puts.o)
                0x004012c4                _puts_r
 .text.puts     0x00401320       0x10 c:/program files (x86)/atmel/atmel toolchain/arm gcc/native/4.8.1437/arm-gnu-toolchain/bin/../lib/gcc/arm-none-eabi/4.8.4/../../../../arm-none-eabi/lib/armv7e-m\libc.a(lib_a-puts.o)
                0x00401320                puts
 .text.__srget_r
                0x00401330       0x34 c:/program files (x86)/atmel/atmel toolchain/arm gcc/native/4.8.1437/arm-gnu-toolchain/bin/../lib/gcc/arm-none-eabi/4.8.4/../../../../arm-none-eabi/lib/armv7e-m\libc.a(lib_a-rget.o)
                0x00401330                __srget_r
 .text.setbuf   0x00401364       0x10 c:/program files (x86)/atmel/atmel toolchain/arm gcc/native/4.8.1437/arm-gnu-toolchain/bin/../lib/gcc/arm-none-eabi/4.8.4/../../../../arm-none-eabi/lib/armv7e-m\libc.a(lib_a-setbuf.o)
                0x00401364                setbuf
 .text.setvbuf  0x00401374      0x100 c:/program files (x86)/atmel/atmel toolchain/arm gcc/native/4.8.1437/arm-gnu-toolchain/bin/../lib/gcc/arm-none-eabi/4.8.4/../../../../arm-none-eabi/lib/armv7e-m\libc.a(lib_a-setvbuf.o)
                0x00401374                setvbuf
 .text.strlen   0x00401474       0x60 c:/program files (x86)/atmel/atmel toolchain/arm gcc/native/4.8.1437/arm-gnu-toolchain/bin/../lib/gcc/arm-none-eabi/4.8.4/../../../../arm-none-eabi/lib/armv7e-m\libc.a(lib_a-strlen.o)
                0x00401474                strlen
 .text._strtol_r
                0x004014d4      0x114 c:/program files (x86)/atmel/atmel toolchain/arm gcc/native/4.8.1437/arm-gnu-toolchain/bin/../lib/gcc/arm-none-eabi/4.8.4/../../../../arm-none-eabi/lib/armv7e-m\libc.a(lib_a-strtol.o)
                0x004014d4                _strtol_r
 .text.strtol   0x004015e8       0x18 c:/program files (x86)/atmel/atmel toolchain/arm gcc/native/4.8.1437/arm-gnu-toolchain/bin/../lib/gcc/arm-none-eabi/4.8.4/../../../../arm-none-eabi/lib/armv7e-m\libc.a(lib_a-strtol.o)
                0x004015e8                strtol
 .text.__swsetup_r
                0x00401600       0xc4 c:/program files (x86)/atmel/atmel toolchain/arm gcc/native/4.8.1437/arm-gnu-toolchain/bin/../lib/gcc/arm-none-eabi/4.8.4/../../../../arm-none-eabi/lib/armv7e-m\libc.a(lib_a-wsetup.o)
                0x00401600                __swsetup_r
 .text.startup.register_fini
                0x004016c4       0x14 c:/program files (x86)/atmel/atmel toolchain/arm gcc/native/4.8.1437/arm-gnu-toolchain/bin/../lib/gcc/arm-none-eabi/4.8.4/../../../../arm-none-eabi/lib/armv7e-m\libc.a(lib_a-__call_atexit.o)
 .text.atexit   0x004016d8        0xc c:/program files (x86)/atmel/atmel toolchain/arm gcc/native/4.8.1437/arm-gnu-toolchain/bin/../lib/gcc/arm-none-eabi/4.8.4/../../../../arm-none-eabi/lib/armv7e-m\libc.a(lib_a-atexit.o)
                0x004016d8                atexit
 .text.__sflush_r
                0x004016e4      0x154 c:/program files (x86)/atmel/atmel toolchain/arm gcc/native/4.8.1437/arm-gnu-toolchain/bin/../lib/gcc/arm-none-eabi/4.8.4/../../../../arm-none-eabi/lib/armv7e-m\libc.a(lib_a-fflush.o)
                0x004016e4                __sflush_r
 .text._fflush_r
                0x00401838       0x2c c:/program files (x86)/atmel/atmel toolchain/arm gcc/native/4.8.1437/arm-gnu-toolchain/bin/../lib/gcc/arm-none-eabi/4.8.4/../../../../arm-none-eabi/lib/armv7e-m\libc.a(lib_a-fflush.o)
                0x00401838                _fflush_r
 .text.fflush   0x00401864       0x24 c:/program files (x86)/atmel/atmel toolchain/arm gcc/native/4.8.1437/arm-gnu-toolchain/bin/../lib/gcc/arm-none-eabi/4.8.4/../../../../arm-none-eabi/lib/armv7e-m\libc.a(lib_a-fflush.o)
                0x00401864                fflush
 .text._cleanup_r
                0x00401888        0xc c:/program files (x86)/atmel/atmel toolchain/arm gcc/native/4.8.1437/arm-gnu-toolchain/bin/../lib/gcc/arm-none-eabi/4.8.4/../../../../arm-none-eabi/lib/armv7e-m\libc.a(lib_a-findfp.o)
                0x00401888                _cleanup_r
 .text.__sinit  0x00401894       0xf4 c:/program files (x86)/atmel/atmel toolchain/arm gcc/native/4.8.1437/arm-gnu-toolchain/bin/../lib/gcc/arm-none-eabi/4.8.4/../../../../arm-none-eabi/lib/armv7e-m\libc.a(lib_a-findfp.o)
                0x00401894                __sinit
 .text.__sfp_lock_acquire
                0x00401988        0x4 c:/program files (x86)/atmel/atmel toolchain/arm gcc/native/4.8.1437/arm-gnu-toolchain/bin/../lib/gcc/arm-none-eabi/4.8.4/../../../../arm-none-eabi/lib/armv7e-m\libc.a(lib_a-findfp.o)
                0x00401988                __sfp_lock_acquire
 .text.__sfp_lock_release
                0x0040198c        0x4 c:/program files (x86)/atmel/atmel toolchain/arm gcc/native/4.8.1437/arm-gnu-toolchain/bin/../lib/gcc/arm-none-eabi/4.8.4/../../../../arm-none-eabi/lib/armv7e-m\libc.a(lib_a-findfp.o)
                0x0040198c                __sfp_lock_release
 .text.__libc_fini_array
                0x00401990       0x30 c:/program files (x86)/atmel/atmel toolchain/arm gcc/native/4.8.1437/arm-gnu-toolchain/bin/../lib/gcc/arm-none-eabi/4.8.4/../../../../arm-none-eabi/lib/armv7e-m\libc.a(lib_a-fini.o)
                0x00401990                __libc_fini_array
 .text._malloc_trim_r
                0x004019c0       0x9c c:/program files (x86)/atmel/atmel toolchain/arm gcc/native/4.8.1437/arm-gnu-toolchain/bin/../lib/gcc/arm-none-eabi/4.8.4/../../../../arm-none-eabi/lib/armv7e-m\libc.a(lib_a-freer.o)
                0x004019c0                _malloc_trim_r
 .text._free_r  0x00401a5c      0x19c c:/program files (x86)/atmel/atmel toolchain/arm gcc/native/4.8.1437/arm-gnu-toolchain/bin/../lib/gcc/arm-none-eabi/4.8.4/../../../../arm-none-eabi/lib/armv7e-m\libc.a(lib_a-freer.o)
                0x00401a5c                _free_r
 .text.__sfvwrite_r
                0x00401bf8      0x318 c:/program files (x86)/atmel/atmel toolchain/arm gcc/native/4.8.1437/arm-gnu-toolchain/bin/../lib/gcc/arm-none-eabi/4.8.4/../../../../arm-none-eabi/lib/armv7e-m\libc.a(lib_a-fvwrite.o)
                0x00401bf8                __sfvwrite_r
 .text._fwalk   0x00401f10       0x4c c:/program files (x86)/atmel/atmel toolchain/arm gcc/native/4.8.1437/arm-gnu-toolchain/bin/../lib/gcc/arm-none-eabi/4.8.4/../../../../arm-none-eabi/lib/armv7e-m\libc.a(lib_a-fwalk.o)
                0x00401f10                _fwalk
 .text._fwalk_reent
                0x00401f5c       0x50 c:/program files (x86)/atmel/atmel toolchain/arm gcc/native/4.8.1437/arm-gnu-toolchain/bin/../lib/gcc/arm-none-eabi/4.8.4/../../../../arm-none-eabi/lib/armv7e-m\libc.a(lib_a-fwalk.o)
                0x00401f5c                _fwalk_reent
 .text.__smakebuf_r
                0x00401fac       0xe0 c:/program files (x86)/atmel/atmel toolchain/arm gcc/native/4.8.1437/arm-gnu-toolchain/bin/../lib/gcc/arm-none-eabi/4.8.4/../../../../arm-none-eabi/lib/armv7e-m\libc.a(lib_a-makebuf.o)
                0x00401fac                __smakebuf_r
 .text.malloc   0x0040208c       0x10 c:/program files (x86)/atmel/atmel toolchain/arm gcc/native/4.8.1437/arm-gnu-toolchain/bin/../lib/gcc/arm-none-eabi/4.8.4/../../../../arm-none-eabi/lib/armv7e-m\libc.a(lib_a-malloc.o)
                0x0040208c                malloc
 .text._malloc_r
                0x0040209c      0x538 c:/program files (x86)/atmel/atmel toolchain/arm gcc/native/4.8.1437/arm-gnu-toolchain/bin/../lib/gcc/arm-none-eabi/4.8.4/../../../../arm-none-eabi/lib/armv7e-m\libc.a(lib_a-mallocr.o)
                0x0040209c                _malloc_r
 .text.memchr   0x004025d4       0x90 c:/program files (x86)/atmel/atmel toolchain/arm gcc/native/4.8.1437/arm-gnu-toolchain/bin/../lib/gcc/arm-none-eabi/4.8.4/../../../../arm-none-eabi/lib/armv7e-m\libc.a(lib_a-memchr-stub.o)
                0x004025d4                memchr
 .text          0x00402664      0x134 c:/program files (x86)/atmel/atmel toolchain/arm gcc/native/4.8.1437/arm-gnu-toolchain/bin/../lib/gcc/arm-none-eabi/4.8.4/../../../../arm-none-eabi/lib/armv7e-m\libc.a(lib_a-memcpy.o)
                0x00402664                memcpy
 .text.memmove  0x00402798       0xc0 c:/program files (x86)/atmel/atmel toolchain/arm gcc/native/4.8.1437/arm-gnu-toolchain/bin/../lib/gcc/arm-none-eabi/4.8.4/../../../../arm-none-eabi/lib/armv7e-m\libc.a(lib_a-memmove.o)
                0x00402798                memmove
 .text.__malloc_lock
                0x00402858        0x4 c:/program files (x86)/atmel/atmel toolchain/arm gcc/native/4.8.1437/arm-gnu-toolchain/bin/../lib/gcc/arm-none-eabi/4.8.4/../../../../arm-none-eabi/lib/armv7e-m\libc.a(lib_a-mlock.o)
                0x00402858                __malloc_lock
 .text.__malloc_unlock
                0x0040285c        0x4 c:/program files (x86)/atmel/atmel toolchain/arm gcc/native/4.8.1437/arm-gnu-toolchain/bin/../lib/gcc/arm-none-eabi/4.8.4/../../../../arm-none-eabi/lib/armv7e-m\libc.a(lib_a-mlock.o)
                0x0040285c                __malloc_unlock
 .text._realloc_r
                0x00402860      0x3cc c:/program files (x86)/atmel/atmel toolchain/arm gcc/native/4.8.1437/arm-gnu-toolchain/bin/../lib/gcc/arm-none-eabi/4.8.4/../../../../arm-none-eabi/lib/armv7e-m\libc.a(lib_a-reallocr.o)
                0x00402860                _realloc_r
 .text.lflush   0x00402c2c       0x14 c:/program files (x86)/atmel/atmel toolchain/arm gcc/native/4.8.1437/arm-gnu-toolchain/bin/../lib/gcc/arm-none-eabi/4.8.4/../../../../arm-none-eabi/lib/armv7e-m\libc.a(lib_a-refill.o)
 .text.__srefill_r
                0x00402c40      0x114 c:/program files (x86)/atmel/atmel toolchain/arm gcc/native/4.8.1437/arm-gnu-toolchain/bin/../lib/gcc/arm-none-eabi/4.8.4/../../../../arm-none-eabi/lib/armv7e-m\libc.a(lib_a-refill.o)
                0x00402c40                __srefill_r
 .text._sbrk_r  0x00402d54       0x24 c:/program files (x86)/atmel/atmel toolchain/arm gcc/native/4.8.1437/arm-gnu-toolchain/bin/../lib/gcc/arm-none-eabi/4.8.4/../../../../arm-none-eabi/lib/armv7e-m\libc.a(lib_a-sbrkr.o)
                0x00402d54                _sbrk_r
 .text.__sread  0x00402d78       0x24 c:/program files (x86)/atmel/atmel toolchain/arm gcc/native/4.8.1437/arm-gnu-toolchain/bin/../lib/gcc/arm-none-eabi/4.8.4/../../../../arm-none-eabi/lib/armv7e-m\libc.a(lib_a-stdio.o)
                0x00402d78                __sread
 .text.__swrite
                0x00402d9c       0x38 c:/program files (x86)/atmel/atmel toolchain/arm gcc/native/4.8.1437/arm-gnu-toolchain/bin/../lib/gcc/arm-none-eabi/4.8.4/../../../../arm-none-eabi/lib/armv7e-m\libc.a(lib_a-stdio.o)
                0x00402d9c                __swrite
 .text.__sseek  0x00402dd4       0x20 c:/program files (x86)/atmel/atmel toolchain/arm gcc/native/4.8.1437/arm-gnu-toolchain/bin/../lib/gcc/arm-none-eabi/4.8.4/../../../../arm-none-eabi/lib/armv7e-m\libc.a(lib_a-stdio.o)
                0x00402dd4                __sseek
 .text.__sclose
                0x00402df4        0x8 c:/program files (x86)/atmel/atmel toolchain/arm gcc/native/4.8.1437/arm-gnu-toolchain/bin/../lib/gcc/arm-none-eabi/4.8.4/../../../../arm-none-eabi/lib/armv7e-m\libc.a(lib_a-stdio.o)
                0x00402df4                __sclose
 .text._write_r
                0x00402dfc       0x28 c:/program files (x86)/atmel/atmel toolchain/arm gcc/native/4.8.1437/arm-gnu-toolchain/bin/../lib/gcc/arm-none-eabi/4.8.4/../../../../arm-none-eabi/lib/armv7e-m\libc.a(lib_a-writer.o)
                0x00402dfc                _write_r
 .text.__register_exitproc
                0x00402e24       0xa8 c:/program files (x86)/atmel/atmel toolchain/arm gcc/native/4.8.1437/arm-gnu-toolchain/bin/../lib/gcc/arm-none-eabi/4.8.4/../../../../arm-none-eabi/lib/armv7e-m\libc.a(lib_a-__atexit.o)
                0x00402e24                __register_exitproc
 .text._close_r
                0x00402ecc       0x24 c:/program files (x86)/atmel/atmel toolchain/arm gcc/native/4.8.1437/arm-gnu-toolchain/bin/../lib/gcc/arm-none-eabi/4.8.4/../../../../arm-none-eabi/lib/armv7e-m\libc.a(lib_a-closer.o)
                0x00402ecc                _close_r
 .text._fclose_r
                0x00402ef0       0x80 c:/program files (x86)/atmel/atmel toolchain/arm gcc/native/4.8.1437/arm-gnu-toolchain/bin/../lib/gcc/arm-none-eabi/4.8.4/../../../../arm-none-eabi/lib/armv7e-m\libc.a(lib_a-fclose.o)
                0x00402ef0                _fclose_r
 .text.fclose   0x00402f70       0x10 c:/program files (x86)/atmel/atmel toolchain/arm gcc/native/4.8.1437/arm-gnu-toolchain/bin/../lib/gcc/arm-none-eabi/4.8.4/../../../../arm-none-eabi/lib/armv7e-m\libc.a(lib_a-fclose.o)
                0x00402f70                fclose
 .text._fstat_r
                0x00402f80       0x28 c:/program files (x86)/atmel/atmel toolchain/arm gcc/native/4.8.1437/arm-gnu-toolchain/bin/../lib/gcc/arm-none-eabi/4.8.4/../../../../arm-none-eabi/lib/armv7e-m\libc.a(lib_a-fstatr.o)
                0x00402f80                _fstat_r
 .text._isatty_r
                0x00402fa8       0x24 c:/program files (x86)/atmel/atmel toolchain/arm gcc/native/4.8.1437/arm-gnu-toolchain/bin/../lib/gcc/arm-none-eabi/4.8.4/../../../../arm-none-eabi/lib/armv7e-m\libc.a(lib_a-isattyr.o)
                0x00402fa8                _isatty_r
 .text._lseek_r
                0x00402fcc       0x28 c:/program files (x86)/atmel/atmel toolchain/arm gcc/native/4.8.1437/arm-gnu-toolchain/bin/../lib/gcc/arm-none-eabi/4.8.4/../../../../arm-none-eabi/lib/armv7e-m\libc.a(lib_a-lseekr.o)
                0x00402fcc                _lseek_r
 .text._read_r  0x00402ff4       0x28 c:/program files (x86)/atmel/atmel toolchain/arm gcc/native/4.8.1437/arm-gnu-toolchain/bin/../lib/gcc/arm-none-eabi/4.8.4/../../../../arm-none-eabi/lib/armv7e-m\libc.a(lib_a-readr.o)
                0x00402ff4                _read_r
 *(.glue_7t)
 .glue_7t       0x00000000        0x0 linker stubs
 *(.glue_7)
 .glue_7        0x00000000        0x0 linker stubs
 *(.rodata .rodata* .gnu.linkonce.r.*)
 .rodata        0x0040301c        0x8 src/main.o
 .rodata.str1.4
                0x00403024       0x42 src/main.o
                                 0x48 (size before relaxing)
 *fill*         0x00403066        0x2 
 .rodata._ctype_
                0x00403068      0x104 c:/program files (x86)/atmel/atmel toolchain/arm gcc/native/4.8.1437/arm-gnu-toolchain/bin/../lib/gcc/arm-none-eabi/4.8.4/../../../../arm-none-eabi/lib/armv7e-m\libc.a(lib_a-ctype_.o)
                0x00403068                _ctype_
 .rodata.str1.4
                0x0040316c        0x2 c:/program files (x86)/atmel/atmel toolchain/arm gcc/native/4.8.1437/arm-gnu-toolchain/bin/../lib/gcc/arm-none-eabi/4.8.4/../../../../arm-none-eabi/lib/armv7e-m\libc.a(lib_a-impure.o)
                                  0x4 (size before relaxing)
 *fill*         0x0040316e        0x2 
 .rodata._global_impure_ptr
                0x00403170        0x4 c:/program files (x86)/atmel/atmel toolchain/arm gcc/native/4.8.1437/arm-gnu-toolchain/bin/../lib/gcc/arm-none-eabi/4.8.4/../../../../arm-none-eabi/lib/armv7e-m\libc.a(lib_a-impure.o)
                0x00403170                _global_impure_ptr
 .rodata.str1.4
                0x00403174        0x4 c:/program files (x86)/atmel/atmel toolchain/arm gcc/native/4.8.1437/arm-gnu-toolchain/bin/../lib/gcc/arm-none-eabi/4.8.4/../../../../arm-none-eabi/lib/armv7e-m\libc.a(lib_a-puts.o)
 *(.ARM.extab* .gnu.linkonce.armextab.*)
                0x00403178                . = ALIGN (0x4)
 *(.init)
 .init          0x00403178        0x4 c:/program files (x86)/atmel/atmel toolchain/arm gcc/native/4.8.1437/arm-gnu-toolchain/bin/../lib/gcc/arm-none-eabi/4.8.4/armv7e-m/crti.o
                0x00403178                _init
 .init          0x0040317c        0x8 c:/program files (x86)/atmel/atmel toolchain/arm gcc/native/4.8.1437/arm-gnu-toolchain/bin/../lib/gcc/arm-none-eabi/4.8.4/armv7e-m/crtn.o
                0x00403184                . = ALIGN (0x4)
                0x00403184                __preinit_array_start = .
 *(.preinit_array)
                0x00403184                __preinit_array_end = .
                0x00403184                . = ALIGN (0x4)
                0x00403184                __init_array_start = .
 *(SORT(.init_array.*))
 .init_array.00000
                0x00403184        0x4 c:/program files (x86)/atmel/atmel toolchain/arm gcc/native/4.8.1437/arm-gnu-toolchain/bin/../lib/gcc/arm-none-eabi/4.8.4/../../../../arm-none-eabi/lib/armv7e-m\libc.a(lib_a-__call_atexit.o)
 *(.init_array)
 .init_array    0x00403188        0x4 c:/program files (x86)/atmel/atmel toolchain/arm gcc/native/4.8.1437/arm-gnu-toolchain/bin/../lib/gcc/arm-none-eabi/4.8.4/armv7e-m/crtbegin.o
                0x0040318c                __init_array_end = .
                0x0040318c                . = ALIGN (0x4)
 *crtbegin.o(.ctors)
 *(EXCLUDE_FILE(*crtend.o) .ctors)
 *(SORT(.ctors.*))
 *crtend.o(.ctors)
                0x0040318c                . = ALIGN (0x4)
 *(.fini)
 .fini          0x0040318c        0x4 c:/program files (x86)/atmel/atmel toolchain/arm gcc/native/4.8.1437/arm-gnu-toolchain/bin/../lib/gcc/arm-none-eabi/4.8.4/armv7e-m/crti.o
                0x0040318c                _fini
 .fini          0x00403190        0x8 c:/program files (x86)/atmel/atmel toolchain/arm gcc/native/4.8.1437/arm-gnu-toolchain/bin/../lib/gcc/arm-none-eabi/4.8.4/armv7e-m/crtn.o
                0x00403198                . = ALIGN (0x4)
                0x00403198                __fini_array_start = .
 *(.fini_array)
 .fini_array    0x00403198        0x4 c:/program files (x86)/atmel/atmel toolchain/arm gcc/native/4.8.1437/arm-gnu-toolchain/bin/../lib/gcc/arm-none-eabi/4.8.4/armv7e-m/crtbegin.o
 *(SORT(.fini_array.*))
                0x0040319c                __fini_array_end = .
 *crtbegin.o(.dtors)
 *(EXCLUDE_FILE(*crtend.o) .dtors)
 *(SORT(.dtors.*))
 *crtend.o(.dtors)
                0x0040319c                . = ALIGN (0x4)
                0x0040319c                _efixed = .
                0x0040319c                PROVIDE (__exidx_start, .)

.vfp11_veneer   0x0040319c        0x0
 .vfp11_veneer  0x00000000        0x0 linker stubs

.v4_bx          0x0040319c        0x0
 .v4_bx         0x00000000        0x0 linker stubs

.iplt           0x0040319c        0x0
 .iplt          0x00000000        0x0 c:/program files (x86)/atmel/atmel toolchain/arm gcc/native/4.8.1437/arm-gnu-toolchain/bin/../lib/gcc/arm-none-eabi/4.8.4/armv7e-m/crtbegin.o

.eh_frame       0x0040319c        0x0
 .eh_frame      0x0040319c        0x0 c:/program files (x86)/atmel/atmel toolchain/arm gcc/native/4.8.1437/arm-gnu-toolchain/bin/../lib/gcc/arm-none-eabi/4.8.4/armv7e-m/crtbegin.o

.rel.dyn        0x0040319c        0x0
 .rel.iplt      0x00000000        0x0 c:/program files (x86)/atmel/atmel toolchain/arm gcc/native/4.8.1437/arm-gnu-toolchain/bin/../lib/gcc/arm-none-eabi/4.8.4/armv7e-m/crtbegin.o

.jcr            0x0040319c        0x0
 .jcr           0x0040319c        0x0 c:/program files (x86)/atmel/atmel toolchain/arm gcc/native/4.8.1437/arm-gnu-toolchain/bin/../lib/gcc/arm-none-eabi/4.8.4/armv7e-m/crtbegin.o

.igot.plt       0x0040319c        0x0
 .igot.plt      0x00000000        0x0 c:/program files (x86)/atmel/atmel toolchain/arm gcc/native/4.8.1437/arm-gnu-toolchain/bin/../lib/gcc/arm-none-eabi/4.8.4/armv7e-m/crtbegin.o

.ARM.exidx
 *(.ARM.exidx* .gnu.linkonce.armexidx.*)
                0x0040319c                PROVIDE (__exidx_end, .)
                0x0040319c                . = ALIGN (0x4)
                0x0040319c                _etext = .

.relocate       0x20000000      0x854 load address 0x0040319c
                0x20000000                . = ALIGN (0x4)
                0x20000000                _srelocate = .
 *(.ramfunc .ramfunc.*)
 .ramfunc       0x20000000        0xc src/ASF/common/services/delay/sam/cycle_counter.o
                0x20000000                portable_delay_cycles
 *(.data .data.*)
 .data.SystemCoreClock
                0x2000000c        0x4 src/ASF/sam/utils/cmsis/sam4s/source/templates/system_sam4s.o
                0x2000000c                SystemCoreClock
 .data.__ctype_ptr__
                0x20000010        0x4 c:/program files (x86)/atmel/atmel toolchain/arm gcc/native/4.8.1437/arm-gnu-toolchain/bin/../lib/gcc/arm-none-eabi/4.8.4/../../../../arm-none-eabi/lib/armv7e-m\libc.a(lib_a-ctype_.o)
                0x20000010                __ctype_ptr__
 *fill*         0x20000014        0x4 
 .data.impure_data
                0x20000018      0x428 c:/program files (x86)/atmel/atmel toolchain/arm gcc/native/4.8.1437/arm-gnu-toolchain/bin/../lib/gcc/arm-none-eabi/4.8.4/../../../../arm-none-eabi/lib/armv7e-m\libc.a(lib_a-impure.o)
 .data._impure_ptr
                0x20000440        0x4 c:/program files (x86)/atmel/atmel toolchain/arm gcc/native/4.8.1437/arm-gnu-toolchain/bin/../lib/gcc/arm-none-eabi/4.8.4/../../../../arm-none-eabi/lib/armv7e-m\libc.a(lib_a-impure.o)
                0x20000440                _impure_ptr
 .data.__malloc_av_
                0x20000444      0x408 c:/program files (x86)/atmel/atmel toolchain/arm gcc/native/4.8.1437/arm-gnu-toolchain/bin/../lib/gcc/arm-none-eabi/4.8.4/../../../../arm-none-eabi/lib/armv7e-m\libc.a(lib_a-mallocr.o)
                0x20000444                __malloc_av_
 .data.__malloc_trim_threshold
                0x2000084c        0x4 c:/program files (x86)/atmel/atmel toolchain/arm gcc/native/4.8.1437/arm-gnu-toolchain/bin/../lib/gcc/arm-none-eabi/4.8.4/../../../../arm-none-eabi/lib/armv7e-m\libc.a(lib_a-mallocr.o)
                0x2000084c                __malloc_trim_threshold
 .data.__malloc_sbrk_base
                0x20000850        0x4 c:/program files (x86)/atmel/atmel toolchain/arm gcc/native/4.8.1437/arm-gnu-toolchain/bin/../lib/gcc/arm-none-eabi/4.8.4/../../../../arm-none-eabi/lib/armv7e-m\libc.a(lib_a-mallocr.o)
                0x20000850                __malloc_sbrk_base
                0x20000854                . = ALIGN (0x4)
                0x20000854                _erelocate = .

.bss            0x20000854       0xe0 load address 0x004039f0
                0x20000854                . = ALIGN (0x4)
                0x20000854                _sbss = .
                0x20000854                _szero = .
 *(.bss .bss.*)
 .bss           0x20000854       0x1c c:/program files (x86)/atmel/atmel toolchain/arm gcc/native/4.8.1437/arm-gnu-toolchain/bin/../lib/gcc/arm-none-eabi/4.8.4/armv7e-m/crtbegin.o
 .bss.FR1       0x20000870        0x4 src/main.o
                0x20000870                FR1
 .bss.pio_capture_handler
                0x20000874        0x4 src/ASF/sam/drivers/pio/pio_handler.o
 .bss.gs_interrupt_sources
                0x20000878       0x70 src/ASF/sam/drivers/pio/pio_handler.o
 .bss.heap.5098
                0x200008e8        0x4 src/ASF/sam/utils/syscalls/gcc/syscalls.o
 .bss.__malloc_max_total_mem
                0x200008ec        0x4 c:/program files (x86)/atmel/atmel toolchain/arm gcc/native/4.8.1437/arm-gnu-toolchain/bin/../lib/gcc/arm-none-eabi/4.8.4/../../../../arm-none-eabi/lib/armv7e-m\libc.a(lib_a-mallocr.o)
                0x200008ec                __malloc_max_total_mem
 .bss.__malloc_max_sbrked_mem
                0x200008f0        0x4 c:/program files (x86)/atmel/atmel toolchain/arm gcc/native/4.8.1437/arm-gnu-toolchain/bin/../lib/gcc/arm-none-eabi/4.8.4/../../../../arm-none-eabi/lib/armv7e-m\libc.a(lib_a-mallocr.o)
                0x200008f0                __malloc_max_sbrked_mem
 .bss.__malloc_top_pad
                0x200008f4        0x4 c:/program files (x86)/atmel/atmel toolchain/arm gcc/native/4.8.1437/arm-gnu-toolchain/bin/../lib/gcc/arm-none-eabi/4.8.4/../../../../arm-none-eabi/lib/armv7e-m\libc.a(lib_a-mallocr.o)
                0x200008f4                __malloc_top_pad
 .bss.__malloc_current_mallinfo
                0x200008f8       0x28 c:/program files (x86)/atmel/atmel toolchain/arm gcc/native/4.8.1437/arm-gnu-toolchain/bin/../lib/gcc/arm-none-eabi/4.8.4/../../../../arm-none-eabi/lib/armv7e-m\libc.a(lib_a-mallocr.o)
                0x200008f8                __malloc_current_mallinfo
 *(COMMON)
 COMMON         0x20000920        0x4 src/ASF/common/utils/stdio/read.o
                0x20000920                ptr_get
 COMMON         0x20000924        0x8 src/ASF/common/utils/stdio/write.o
                0x20000924                ptr_put
                0x20000928                stdio_base
 COMMON         0x2000092c        0x4 src/ASF/sam/drivers/pio/pio.o
                0x2000092c                pio_capture_enable_flag
 COMMON         0x20000930        0x4 c:/program files (x86)/atmel/atmel toolchain/arm gcc/native/4.8.1437/arm-gnu-toolchain/bin/../lib/gcc/arm-none-eabi/4.8.4/../../../../arm-none-eabi/lib/armv7e-m\libc.a(lib_a-reent.o)
                0x20000930                errno
                0x20000934                . = ALIGN (0x4)
                0x20000934                _ebss = .
                0x20000934                _ezero = .

.stack          0x20000934     0x3004 load address 0x00403ad0
                0x20000938                . = ALIGN (0x8)
 *fill*         0x20000934        0x4 
                0x20000938                _sstack = .
                0x20003938                . = (. + __stack_size__)
 *fill*         0x20000938     0x3000 
                0x20003938                . = ALIGN (0x8)
                0x20003938                _estack = .
                0x20003938                . = ALIGN (0x4)
                0x20003938                _end = .
OUTPUT(wcp52fw.elf elf32-littlearm)

.ARM.attributes
                0x00000000       0x2a
 .ARM.attributes
                0x00000000       0x1e c:/program files (x86)/atmel/atmel toolchain/arm gcc/native/4.8.1437/arm-gnu-toolchain/bin/../lib/gcc/arm-none-eabi/4.8.4/armv7e-m/crti.o
 .ARM.attributes
                0x0000001e       0x2e c:/program files (x86)/atmel/atmel toolchain/arm gcc/native/4.8.1437/arm-gnu-toolchain/bin/../lib/gcc/arm-none-eabi/4.8.4/armv7e-m/crtbegin.o
 .ARM.attributes
                0x0000004c       0x33 src/ASF/common/services/delay/sam/cycle_counter.o
 .ARM.attributes
                0x0000007f       0x33 src/ASF/sam/drivers/spi/spi.o
 .ARM.attributes
                0x000000b2       0x33 src/main.o
 .ARM.attributes
                0x000000e5       0x33 src/ASF/common/services/clock/sam4s/sysclk.o
 .ARM.attributes
                0x00000118       0x33 src/ASF/common/utils/stdio/read.o
 .ARM.attributes
                0x0000014b       0x33 src/ASF/common/utils/stdio/write.o
 .ARM.attributes
                0x0000017e       0x33 src/ASF/sam/boards/sam4s_xplained/init.o
 .ARM.attributes
                0x000001b1       0x33 src/ASF/sam/drivers/pio/pio.o
 .ARM.attributes
                0x000001e4       0x33 src/ASF/sam/drivers/pio/pio_handler.o
 .ARM.attributes
                0x00000217       0x33 src/ASF/sam/drivers/pmc/pmc.o
 .ARM.attributes
                0x0000024a       0x33 src/ASF/sam/drivers/uart/uart.o
 .ARM.attributes
                0x0000027d       0x33 src/ASF/sam/drivers/usart/usart.o
 .ARM.attributes
                0x000002b0       0x33 src/ASF/sam/utils/cmsis/sam4s/source/templates/gcc/startup_sam4s.o
 .ARM.attributes
                0x000002e3       0x33 src/ASF/sam/utils/cmsis/sam4s/source/templates/system_sam4s.o
 .ARM.attributes
                0x00000316       0x33 src/ASF/sam/utils/syscalls/gcc/syscalls.o
 .ARM.attributes
                0x00000349       0x2e c:/program files (x86)/atmel/atmel toolchain/arm gcc/native/4.8.1437/arm-gnu-toolchain/bin/../lib/gcc/arm-none-eabi/4.8.4/../../../../arm-none-eabi/lib/armv7e-m\libc.a(lib_a-atoi.o)
 .ARM.attributes
                0x00000377       0x2e c:/program files (x86)/atmel/atmel toolchain/arm gcc/native/4.8.1437/arm-gnu-toolchain/bin/../lib/gcc/arm-none-eabi/4.8.4/../../../../arm-none-eabi/lib/armv7e-m\libc.a(lib_a-ctype_.o)
 .ARM.attributes
                0x000003a5       0x2e c:/program files (x86)/atmel/atmel toolchain/arm gcc/native/4.8.1437/arm-gnu-toolchain/bin/../lib/gcc/arm-none-eabi/4.8.4/../../../../arm-none-eabi/lib/armv7e-m\libc.a(lib_a-impure.o)
 .ARM.attributes
                0x000003d3       0x2e c:/program files (x86)/atmel/atmel toolchain/arm gcc/native/4.8.1437/arm-gnu-toolchain/bin/../lib/gcc/arm-none-eabi/4.8.4/../../../../arm-none-eabi/lib/armv7e-m\libc.a(lib_a-init.o)
 .ARM.attributes
                0x00000401       0x2e c:/program files (x86)/atmel/atmel toolchain/arm gcc/native/4.8.1437/arm-gnu-toolchain/bin/../lib/gcc/arm-none-eabi/4.8.4/../../../../arm-none-eabi/lib/armv7e-m\libc.a(lib_a-memset.o)
 .ARM.attributes
                0x0000042f       0x2e c:/program files (x86)/atmel/atmel toolchain/arm gcc/native/4.8.1437/arm-gnu-toolchain/bin/../lib/gcc/arm-none-eabi/4.8.4/../../../../arm-none-eabi/lib/armv7e-m\libc.a(lib_a-puts.o)
 .ARM.attributes
                0x0000045d       0x2e c:/program files (x86)/atmel/atmel toolchain/arm gcc/native/4.8.1437/arm-gnu-toolchain/bin/../lib/gcc/arm-none-eabi/4.8.4/../../../../arm-none-eabi/lib/armv7e-m\libc.a(lib_a-rget.o)
 .ARM.attributes
                0x0000048b       0x2e c:/program files (x86)/atmel/atmel toolchain/arm gcc/native/4.8.1437/arm-gnu-toolchain/bin/../lib/gcc/arm-none-eabi/4.8.4/../../../../arm-none-eabi/lib/armv7e-m\libc.a(lib_a-setbuf.o)
 .ARM.attributes
                0x000004b9       0x2e c:/program files (x86)/atmel/atmel toolchain/arm gcc/native/4.8.1437/arm-gnu-toolchain/bin/../lib/gcc/arm-none-eabi/4.8.4/../../../../arm-none-eabi/lib/armv7e-m\libc.a(lib_a-setvbuf.o)
 .ARM.attributes
                0x000004e7       0x2e c:/program files (x86)/atmel/atmel toolchain/arm gcc/native/4.8.1437/arm-gnu-toolchain/bin/../lib/gcc/arm-none-eabi/4.8.4/../../../../arm-none-eabi/lib/armv7e-m\libc.a(lib_a-strlen.o)
 .ARM.attributes
                0x00000515       0x2e c:/program files (x86)/atmel/atmel toolchain/arm gcc/native/4.8.1437/arm-gnu-toolchain/bin/../lib/gcc/arm-none-eabi/4.8.4/../../../../arm-none-eabi/lib/armv7e-m\libc.a(lib_a-strtol.o)
 .ARM.attributes
                0x00000543       0x2e c:/program files (x86)/atmel/atmel toolchain/arm gcc/native/4.8.1437/arm-gnu-toolchain/bin/../lib/gcc/arm-none-eabi/4.8.4/../../../../arm-none-eabi/lib/armv7e-m\libc.a(lib_a-wsetup.o)
 .ARM.attributes
                0x00000571       0x2e c:/program files (x86)/atmel/atmel toolchain/arm gcc/native/4.8.1437/arm-gnu-toolchain/bin/../lib/gcc/arm-none-eabi/4.8.4/../../../../arm-none-eabi/lib/armv7e-m\libc.a(lib_a-__call_atexit.o)
 .ARM.attributes
                0x0000059f       0x2e c:/program files (x86)/atmel/atmel toolchain/arm gcc/native/4.8.1437/arm-gnu-toolchain/bin/../lib/gcc/arm-none-eabi/4.8.4/../../../../arm-none-eabi/lib/armv7e-m\libc.a(lib_a-atexit.o)
 .ARM.attributes
                0x000005cd       0x2e c:/program files (x86)/atmel/atmel toolchain/arm gcc/native/4.8.1437/arm-gnu-toolchain/bin/../lib/gcc/arm-none-eabi/4.8.4/../../../../arm-none-eabi/lib/armv7e-m\libc.a(lib_a-fflush.o)
 .ARM.attributes
                0x000005fb       0x2e c:/program files (x86)/atmel/atmel toolchain/arm gcc/native/4.8.1437/arm-gnu-toolchain/bin/../lib/gcc/arm-none-eabi/4.8.4/../../../../arm-none-eabi/lib/armv7e-m\libc.a(lib_a-findfp.o)
 .ARM.attributes
                0x00000629       0x2e c:/program files (x86)/atmel/atmel toolchain/arm gcc/native/4.8.1437/arm-gnu-toolchain/bin/../lib/gcc/arm-none-eabi/4.8.4/../../../../arm-none-eabi/lib/armv7e-m\libc.a(lib_a-fini.o)
 .ARM.attributes
                0x00000657       0x2e c:/program files (x86)/atmel/atmel toolchain/arm gcc/native/4.8.1437/arm-gnu-toolchain/bin/../lib/gcc/arm-none-eabi/4.8.4/../../../../arm-none-eabi/lib/armv7e-m\libc.a(lib_a-freer.o)
 .ARM.attributes
                0x00000685       0x2e c:/program files (x86)/atmel/atmel toolchain/arm gcc/native/4.8.1437/arm-gnu-toolchain/bin/../lib/gcc/arm-none-eabi/4.8.4/../../../../arm-none-eabi/lib/armv7e-m\libc.a(lib_a-fvwrite.o)
 .ARM.attributes
                0x000006b3       0x2e c:/program files (x86)/atmel/atmel toolchain/arm gcc/native/4.8.1437/arm-gnu-toolchain/bin/../lib/gcc/arm-none-eabi/4.8.4/../../../../arm-none-eabi/lib/armv7e-m\libc.a(lib_a-fwalk.o)
 .ARM.attributes
                0x000006e1       0x2e c:/program files (x86)/atmel/atmel toolchain/arm gcc/native/4.8.1437/arm-gnu-toolchain/bin/../lib/gcc/arm-none-eabi/4.8.4/../../../../arm-none-eabi/lib/armv7e-m\libc.a(lib_a-makebuf.o)
 .ARM.attributes
                0x0000070f       0x2e c:/program files (x86)/atmel/atmel toolchain/arm gcc/native/4.8.1437/arm-gnu-toolchain/bin/../lib/gcc/arm-none-eabi/4.8.4/../../../../arm-none-eabi/lib/armv7e-m\libc.a(lib_a-malloc.o)
 .ARM.attributes
                0x0000073d       0x2e c:/program files (x86)/atmel/atmel toolchain/arm gcc/native/4.8.1437/arm-gnu-toolchain/bin/../lib/gcc/arm-none-eabi/4.8.4/../../../../arm-none-eabi/lib/armv7e-m\libc.a(lib_a-mallocr.o)
 .ARM.attributes
                0x0000076b       0x2e c:/program files (x86)/atmel/atmel toolchain/arm gcc/native/4.8.1437/arm-gnu-toolchain/bin/../lib/gcc/arm-none-eabi/4.8.4/../../../../arm-none-eabi/lib/armv7e-m\libc.a(lib_a-memchr-stub.o)
 .ARM.attributes
                0x00000799       0x1c c:/program files (x86)/atmel/atmel toolchain/arm gcc/native/4.8.1437/arm-gnu-toolchain/bin/../lib/gcc/arm-none-eabi/4.8.4/../../../../arm-none-eabi/lib/armv7e-m\libc.a(lib_a-memcpy.o)
 .ARM.attributes
                0x000007b5       0x2e c:/program files (x86)/atmel/atmel toolchain/arm gcc/native/4.8.1437/arm-gnu-toolchain/bin/../lib/gcc/arm-none-eabi/4.8.4/../../../../arm-none-eabi/lib/armv7e-m\libc.a(lib_a-memmove.o)
 .ARM.attributes
                0x000007e3       0x2e c:/program files (x86)/atmel/atmel toolchain/arm gcc/native/4.8.1437/arm-gnu-toolchain/bin/../lib/gcc/arm-none-eabi/4.8.4/../../../../arm-none-eabi/lib/armv7e-m\libc.a(lib_a-mlock.o)
 .ARM.attributes
                0x00000811       0x2e c:/program files (x86)/atmel/atmel toolchain/arm gcc/native/4.8.1437/arm-gnu-toolchain/bin/../lib/gcc/arm-none-eabi/4.8.4/../../../../arm-none-eabi/lib/armv7e-m\libc.a(lib_a-reallocr.o)
 .ARM.attributes
                0x0000083f       0x2e c:/program files (x86)/atmel/atmel toolchain/arm gcc/native/4.8.1437/arm-gnu-toolchain/bin/../lib/gcc/arm-none-eabi/4.8.4/../../../../arm-none-eabi/lib/armv7e-m\libc.a(lib_a-refill.o)
 .ARM.attributes
                0x0000086d       0x2e c:/program files (x86)/atmel/atmel toolchain/arm gcc/native/4.8.1437/arm-gnu-toolchain/bin/../lib/gcc/arm-none-eabi/4.8.4/../../../../arm-none-eabi/lib/armv7e-m\libc.a(lib_a-sbrkr.o)
 .ARM.attributes
                0x0000089b       0x2e c:/program files (x86)/atmel/atmel toolchain/arm gcc/native/4.8.1437/arm-gnu-toolchain/bin/../lib/gcc/arm-none-eabi/4.8.4/../../../../arm-none-eabi/lib/armv7e-m\libc.a(lib_a-stdio.o)
 .ARM.attributes
                0x000008c9       0x2e c:/program files (x86)/atmel/atmel toolchain/arm gcc/native/4.8.1437/arm-gnu-toolchain/bin/../lib/gcc/arm-none-eabi/4.8.4/../../../../arm-none-eabi/lib/armv7e-m\libc.a(lib_a-writer.o)
 .ARM.attributes
                0x000008f7       0x2e c:/program files (x86)/atmel/atmel toolchain/arm gcc/native/4.8.1437/arm-gnu-toolchain/bin/../lib/gcc/arm-none-eabi/4.8.4/../../../../arm-none-eabi/lib/armv7e-m\libc.a(lib_a-__atexit.o)
 .ARM.attributes
                0x00000925       0x2e c:/program files (x86)/atmel/atmel toolchain/arm gcc/native/4.8.1437/arm-gnu-toolchain/bin/../lib/gcc/arm-none-eabi/4.8.4/../../../../arm-none-eabi/lib/armv7e-m\libc.a(lib_a-closer.o)
 .ARM.attributes
                0x00000953       0x2e c:/program files (x86)/atmel/atmel toolchain/arm gcc/native/4.8.1437/arm-gnu-toolchain/bin/../lib/gcc/arm-none-eabi/4.8.4/../../../../arm-none-eabi/lib/armv7e-m\libc.a(lib_a-fclose.o)
 .ARM.attributes
                0x00000981       0x2e c:/program files (x86)/atmel/atmel toolchain/arm gcc/native/4.8.1437/arm-gnu-toolchain/bin/../lib/gcc/arm-none-eabi/4.8.4/../../../../arm-none-eabi/lib/armv7e-m\libc.a(lib_a-fstatr.o)
 .ARM.attributes
                0x000009af       0x2e c:/program files (x86)/atmel/atmel toolchain/arm gcc/native/4.8.1437/arm-gnu-toolchain/bin/../lib/gcc/arm-none-eabi/4.8.4/../../../../arm-none-eabi/lib/armv7e-m\libc.a(lib_a-isattyr.o)
 .ARM.attributes
                0x000009dd       0x2e c:/program files (x86)/atmel/atmel toolchain/arm gcc/native/4.8.1437/arm-gnu-toolchain/bin/../lib/gcc/arm-none-eabi/4.8.4/../../../../arm-none-eabi/lib/armv7e-m\libc.a(lib_a-lseekr.o)
 .ARM.attributes
                0x00000a0b       0x2e c:/program files (x86)/atmel/atmel toolchain/arm gcc/native/4.8.1437/arm-gnu-toolchain/bin/../lib/gcc/arm-none-eabi/4.8.4/../../../../arm-none-eabi/lib/armv7e-m\libc.a(lib_a-readr.o)
 .ARM.attributes
                0x00000a39       0x2e c:/program files (x86)/atmel/atmel toolchain/arm gcc/native/4.8.1437/arm-gnu-toolchain/bin/../lib/gcc/arm-none-eabi/4.8.4/../../../../arm-none-eabi/lib/armv7e-m\libc.a(lib_a-reent.o)
 .ARM.attributes
                0x00000a67       0x1e c:/program files (x86)/atmel/atmel toolchain/arm gcc/native/4.8.1437/arm-gnu-toolchain/bin/../lib/gcc/arm-none-eabi/4.8.4/armv7e-m/crtn.o

.comment        0x00000000       0x5b
 .comment       0x00000000       0x5b src/ASF/common/services/delay/sam/cycle_counter.o
                                 0x5c (size before relaxing)
 .comment       0x00000000       0x5c src/ASF/sam/drivers/spi/spi.o
 .comment       0x00000000       0x5c src/main.o
 .comment       0x00000000       0x5c src/ASF/common/services/clock/sam4s/sysclk.o
 .comment       0x00000000       0x5c src/ASF/common/utils/stdio/read.o
 .comment       0x00000000       0x5c src/ASF/common/utils/stdio/write.o
 .comment       0x00000000       0x5c src/ASF/sam/boards/sam4s_xplained/init.o
 .comment       0x00000000       0x5c src/ASF/sam/drivers/pio/pio.o
 .comment       0x00000000       0x5c src/ASF/sam/drivers/pio/pio_handler.o
 .comment       0x00000000       0x5c src/ASF/sam/drivers/pmc/pmc.o
 .comment       0x00000000       0x5c src/ASF/sam/drivers/uart/uart.o
 .comment       0x00000000       0x5c src/ASF/sam/drivers/usart/usart.o
 .comment       0x00000000       0x5c src/ASF/sam/utils/cmsis/sam4s/source/templates/gcc/startup_sam4s.o
 .comment       0x00000000       0x5c src/ASF/sam/utils/cmsis/sam4s/source/templates/system_sam4s.o
 .comment       0x00000000       0x5c src/ASF/sam/utils/syscalls/gcc/syscalls.o

.debug_info     0x00000000     0xa994
 .debug_info    0x00000000      0x134 src/ASF/common/services/delay/sam/cycle_counter.o
 .debug_info    0x00000134      0x860 src/ASF/sam/drivers/spi/spi.o
 .debug_info    0x00000994     0x23c4 src/main.o
 .debug_info    0x00002d58      0x76e src/ASF/common/services/clock/sam4s/sysclk.o
 .debug_info    0x000034c6      0x1bb src/ASF/common/utils/stdio/read.o
 .debug_info    0x00003681      0x1c0 src/ASF/common/utils/stdio/write.o
 .debug_info    0x00003841      0x883 src/ASF/sam/boards/sam4s_xplained/init.o
 .debug_info    0x000040c4     0x1947 src/ASF/sam/drivers/pio/pio.o
 .debug_info    0x00005a0b      0xf72 src/ASF/sam/drivers/pio/pio_handler.o
 .debug_info    0x0000697d     0x10bf src/ASF/sam/drivers/pmc/pmc.o
 .debug_info    0x00007a3c      0x861 src/ASF/sam/drivers/uart/uart.o
 .debug_info    0x0000829d     0x178a src/ASF/sam/drivers/usart/usart.o
 .debug_info    0x00009a27      0x68d src/ASF/sam/utils/cmsis/sam4s/source/templates/gcc/startup_sam4s.o
 .debug_info    0x0000a0b4      0x4a1 src/ASF/sam/utils/cmsis/sam4s/source/templates/system_sam4s.o
 .debug_info    0x0000a555      0x43f src/ASF/sam/utils/syscalls/gcc/syscalls.o

.debug_abbrev   0x00000000     0x1d3d
 .debug_abbrev  0x00000000       0x9d src/ASF/common/services/delay/sam/cycle_counter.o
 .debug_abbrev  0x0000009d      0x247 src/ASF/sam/drivers/spi/spi.o
 .debug_abbrev  0x000002e4      0x4bd src/main.o
 .debug_abbrev  0x000007a1      0x221 src/ASF/common/services/clock/sam4s/sysclk.o
 .debug_abbrev  0x000009c2      0x101 src/ASF/common/utils/stdio/read.o
 .debug_abbrev  0x00000ac3       0xf5 src/ASF/common/utils/stdio/write.o
 .debug_abbrev  0x00000bb8      0x17c src/ASF/sam/boards/sam4s_xplained/init.o
 .debug_abbrev  0x00000d34      0x30d src/ASF/sam/drivers/pio/pio.o
 .debug_abbrev  0x00001041      0x280 src/ASF/sam/drivers/pio/pio_handler.o
 .debug_abbrev  0x000012c1      0x277 src/ASF/sam/drivers/pmc/pmc.o
 .debug_abbrev  0x00001538      0x1bd src/ASF/sam/drivers/uart/uart.o
 .debug_abbrev  0x000016f5      0x29d src/ASF/sam/drivers/usart/usart.o
 .debug_abbrev  0x00001992      0x168 src/ASF/sam/utils/cmsis/sam4s/source/templates/gcc/startup_sam4s.o
 .debug_abbrev  0x00001afa       0xf5 src/ASF/sam/utils/cmsis/sam4s/source/templates/system_sam4s.o
 .debug_abbrev  0x00001bef      0x14e src/ASF/sam/utils/syscalls/gcc/syscalls.o

.debug_aranges  0x00000000      0x970
 .debug_aranges
                0x00000000       0x20 src/ASF/common/services/delay/sam/cycle_counter.o
 .debug_aranges
                0x00000020       0x90 src/ASF/sam/drivers/spi/spi.o
 .debug_aranges
                0x000000b0       0x88 src/main.o
 .debug_aranges
                0x00000138       0x30 src/ASF/common/services/clock/sam4s/sysclk.o
 .debug_aranges
                0x00000168       0x20 src/ASF/common/utils/stdio/read.o
 .debug_aranges
                0x00000188       0x20 src/ASF/common/utils/stdio/write.o
 .debug_aranges
                0x000001a8       0x20 src/ASF/sam/boards/sam4s_xplained/init.o
 .debug_aranges
                0x000001c8      0x1a8 src/ASF/sam/drivers/pio/pio.o
 .debug_aranges
                0x00000370       0x58 src/ASF/sam/drivers/pio/pio_handler.o
 .debug_aranges
                0x000003c8      0x200 src/ASF/sam/drivers/pmc/pmc.o
 .debug_aranges
                0x000005c8       0xe8 src/ASF/sam/drivers/uart/uart.o
 .debug_aranges
                0x000006b0      0x208 src/ASF/sam/drivers/usart/usart.o
 .debug_aranges
                0x000008b8       0x28 src/ASF/sam/utils/cmsis/sam4s/source/templates/gcc/startup_sam4s.o
 .debug_aranges
                0x000008e0       0x30 src/ASF/sam/utils/cmsis/sam4s/source/templates/system_sam4s.o
 .debug_aranges
                0x00000910       0x60 src/ASF/sam/utils/syscalls/gcc/syscalls.o

.debug_ranges   0x00000000      0x8b0
 .debug_ranges  0x00000000       0x10 src/ASF/common/services/delay/sam/cycle_counter.o
 .debug_ranges  0x00000010       0x80 src/ASF/sam/drivers/spi/spi.o
 .debug_ranges  0x00000090       0x90 src/main.o
 .debug_ranges  0x00000120       0x20 src/ASF/common/services/clock/sam4s/sysclk.o
 .debug_ranges  0x00000140       0x10 src/ASF/common/utils/stdio/read.o
 .debug_ranges  0x00000150       0x10 src/ASF/common/utils/stdio/write.o
 .debug_ranges  0x00000160       0x10 src/ASF/sam/boards/sam4s_xplained/init.o
 .debug_ranges  0x00000170      0x198 src/ASF/sam/drivers/pio/pio.o
 .debug_ranges  0x00000308       0x48 src/ASF/sam/drivers/pio/pio_handler.o
 .debug_ranges  0x00000350      0x1f0 src/ASF/sam/drivers/pmc/pmc.o
 .debug_ranges  0x00000540       0xd8 src/ASF/sam/drivers/uart/uart.o
 .debug_ranges  0x00000618      0x210 src/ASF/sam/drivers/usart/usart.o
 .debug_ranges  0x00000828       0x18 src/ASF/sam/utils/cmsis/sam4s/source/templates/gcc/startup_sam4s.o
 .debug_ranges  0x00000840       0x20 src/ASF/sam/utils/cmsis/sam4s/source/templates/system_sam4s.o
 .debug_ranges  0x00000860       0x50 src/ASF/sam/utils/syscalls/gcc/syscalls.o

.debug_macro    0x00000000    0x12203
 .debug_macro   0x00000000      0x46e src/ASF/common/services/delay/sam/cycle_counter.o
 .debug_macro   0x0000046e      0x880 src/ASF/common/services/delay/sam/cycle_counter.o
 .debug_macro   0x00000cee      0x166 src/ASF/common/services/delay/sam/cycle_counter.o
 .debug_macro   0x00000e54      0x4ae src/ASF/common/services/delay/sam/cycle_counter.o
 .debug_macro   0x00001302       0x76 src/ASF/common/services/delay/sam/cycle_counter.o
 .debug_macro   0x00001378       0x16 src/ASF/common/services/delay/sam/cycle_counter.o
 .debug_macro   0x0000138e      0x6e1 src/ASF/common/services/delay/sam/cycle_counter.o
 .debug_macro   0x00001a6f       0x16 src/ASF/common/services/delay/sam/cycle_counter.o
 .debug_macro   0x00001a85       0x44 src/ASF/common/services/delay/sam/cycle_counter.o
 .debug_macro   0x00001ac9      0x209 src/ASF/common/services/delay/sam/cycle_counter.o
 .debug_macro   0x00001cd2       0x27 src/ASF/common/services/delay/sam/cycle_counter.o
 .debug_macro   0x00001cf9       0x3b src/ASF/common/services/delay/sam/cycle_counter.o
 .debug_macro   0x00001d34       0x18 src/ASF/common/services/delay/sam/cycle_counter.o
 .debug_macro   0x00001d4c       0x42 src/ASF/common/services/delay/sam/cycle_counter.o
 .debug_macro   0x00001d8e      0xb17 src/ASF/common/services/delay/sam/cycle_counter.o
 .debug_macro   0x000028a5      0x157 src/ASF/common/services/delay/sam/cycle_counter.o
 .debug_macro   0x000029fc      0x970 src/ASF/common/services/delay/sam/cycle_counter.o
 .debug_macro   0x0000336c      0x281 src/ASF/common/services/delay/sam/cycle_counter.o
 .debug_macro   0x000035ed       0xac src/ASF/common/services/delay/sam/cycle_counter.o
 .debug_macro   0x00003699      0x317 src/ASF/common/services/delay/sam/cycle_counter.o
 .debug_macro   0x000039b0      0x106 src/ASF/common/services/delay/sam/cycle_counter.o
 .debug_macro   0x00003ab6       0x1c src/ASF/common/services/delay/sam/cycle_counter.o
 .debug_macro   0x00003ad2      0x735 src/ASF/common/services/delay/sam/cycle_counter.o
 .debug_macro   0x00004207      0x2d0 src/ASF/common/services/delay/sam/cycle_counter.o
 .debug_macro   0x000044d7       0xbe src/ASF/common/services/delay/sam/cycle_counter.o
 .debug_macro   0x00004595     0x280b src/ASF/common/services/delay/sam/cycle_counter.o
 .debug_macro   0x00006da0      0x76f src/ASF/common/services/delay/sam/cycle_counter.o
 .debug_macro   0x0000750f      0xa8b src/ASF/common/services/delay/sam/cycle_counter.o
 .debug_macro   0x00007f9a       0x9a src/ASF/common/services/delay/sam/cycle_counter.o
 .debug_macro   0x00008034      0x3d6 src/ASF/common/services/delay/sam/cycle_counter.o
 .debug_macro   0x0000840a       0x64 src/ASF/common/services/delay/sam/cycle_counter.o
 .debug_macro   0x0000846e      0x1ab src/ASF/common/services/delay/sam/cycle_counter.o
 .debug_macro   0x00008619      0x383 src/ASF/common/services/delay/sam/cycle_counter.o
 .debug_macro   0x0000899c      0x621 src/ASF/common/services/delay/sam/cycle_counter.o
 .debug_macro   0x00008fbd      0x68d src/ASF/common/services/delay/sam/cycle_counter.o
 .debug_macro   0x0000964a      0x59c src/ASF/common/services/delay/sam/cycle_counter.o
 .debug_macro   0x00009be6      0x34a src/ASF/common/services/delay/sam/cycle_counter.o
 .debug_macro   0x00009f30      0x289 src/ASF/common/services/delay/sam/cycle_counter.o
 .debug_macro   0x0000a1b9      0x2d3 src/ASF/common/services/delay/sam/cycle_counter.o
 .debug_macro   0x0000a48c      0x6d6 src/ASF/common/services/delay/sam/cycle_counter.o
 .debug_macro   0x0000ab62       0x76 src/ASF/common/services/delay/sam/cycle_counter.o
 .debug_macro   0x0000abd8       0xb8 src/ASF/common/services/delay/sam/cycle_counter.o
 .debug_macro   0x0000ac90       0xb2 src/ASF/common/services/delay/sam/cycle_counter.o
 .debug_macro   0x0000ad42       0x88 src/ASF/common/services/delay/sam/cycle_counter.o
 .debug_macro   0x0000adca      0x102 src/ASF/common/services/delay/sam/cycle_counter.o
 .debug_macro   0x0000aecc      0x102 src/ASF/common/services/delay/sam/cycle_counter.o
 .debug_macro   0x0000afce       0x88 src/ASF/common/services/delay/sam/cycle_counter.o
 .debug_macro   0x0000b056       0x88 src/ASF/common/services/delay/sam/cycle_counter.o
 .debug_macro   0x0000b0de      0x2cd src/ASF/common/services/delay/sam/cycle_counter.o
 .debug_macro   0x0000b3ab       0xb2 src/ASF/common/services/delay/sam/cycle_counter.o
 .debug_macro   0x0000b45d       0xb2 src/ASF/common/services/delay/sam/cycle_counter.o
 .debug_macro   0x0000b50f       0x52 src/ASF/common/services/delay/sam/cycle_counter.o
 .debug_macro   0x0000b561       0xa6 src/ASF/common/services/delay/sam/cycle_counter.o
 .debug_macro   0x0000b607       0x7c src/ASF/common/services/delay/sam/cycle_counter.o
 .debug_macro   0x0000b683       0x40 src/ASF/common/services/delay/sam/cycle_counter.o
 .debug_macro   0x0000b6c3       0x64 src/ASF/common/services/delay/sam/cycle_counter.o
 .debug_macro   0x0000b727       0x88 src/ASF/common/services/delay/sam/cycle_counter.o
 .debug_macro   0x0000b7af       0x4c src/ASF/common/services/delay/sam/cycle_counter.o
 .debug_macro   0x0000b7fb       0xac src/ASF/common/services/delay/sam/cycle_counter.o
 .debug_macro   0x0000b8a7       0x7c src/ASF/common/services/delay/sam/cycle_counter.o
 .debug_macro   0x0000b923       0x16 src/ASF/common/services/delay/sam/cycle_counter.o
 .debug_macro   0x0000b939       0x7c src/ASF/common/services/delay/sam/cycle_counter.o
 .debug_macro   0x0000b9b5       0x22 src/ASF/common/services/delay/sam/cycle_counter.o
 .debug_macro   0x0000b9d7      0x192 src/ASF/common/services/delay/sam/cycle_counter.o
 .debug_macro   0x0000bb69      0x162 src/ASF/common/services/delay/sam/cycle_counter.o
 .debug_macro   0x0000bccb      0x162 src/ASF/common/services/delay/sam/cycle_counter.o
 .debug_macro   0x0000be2d       0x1c src/ASF/common/services/delay/sam/cycle_counter.o
 .debug_macro   0x0000be49       0x2e src/ASF/common/services/delay/sam/cycle_counter.o
 .debug_macro   0x0000be77       0x22 src/ASF/common/services/delay/sam/cycle_counter.o
 .debug_macro   0x0000be99       0x1c src/ASF/common/services/delay/sam/cycle_counter.o
 .debug_macro   0x0000beb5       0x52 src/ASF/common/services/delay/sam/cycle_counter.o
 .debug_macro   0x0000bf07       0x10 src/ASF/common/services/delay/sam/cycle_counter.o
 .debug_macro   0x0000bf17      0x21f src/ASF/common/services/delay/sam/cycle_counter.o
 .debug_macro   0x0000c136      0x935 src/ASF/common/services/delay/sam/cycle_counter.o
 .debug_macro   0x0000ca6b      0x107 src/ASF/common/services/delay/sam/cycle_counter.o
 .debug_macro   0x0000cb72       0x58 src/ASF/common/services/delay/sam/cycle_counter.o
 .debug_macro   0x0000cbca       0x35 src/ASF/common/services/delay/sam/cycle_counter.o
 .debug_macro   0x0000cbff       0xa3 src/ASF/common/services/delay/sam/cycle_counter.o
 .debug_macro   0x0000cca2       0x16 src/ASF/common/services/delay/sam/cycle_counter.o
 .debug_macro   0x0000ccb8       0x35 src/ASF/common/services/delay/sam/cycle_counter.o
 .debug_macro   0x0000cced       0x10 src/ASF/common/services/delay/sam/cycle_counter.o
 .debug_macro   0x0000ccfd       0x52 src/ASF/common/services/delay/sam/cycle_counter.o
 .debug_macro   0x0000cd4f       0x16 src/ASF/common/services/delay/sam/cycle_counter.o
 .debug_macro   0x0000cd65       0x43 src/ASF/common/services/delay/sam/cycle_counter.o
 .debug_macro   0x0000cda8      0x180 src/ASF/common/services/delay/sam/cycle_counter.o
 .debug_macro   0x0000cf28       0x10 src/ASF/common/services/delay/sam/cycle_counter.o
 .debug_macro   0x0000cf38       0x22 src/ASF/common/services/delay/sam/cycle_counter.o
 .debug_macro   0x0000cf5a       0xbd src/ASF/common/services/delay/sam/cycle_counter.o
 .debug_macro   0x0000d017       0x16 src/ASF/common/services/delay/sam/cycle_counter.o
 .debug_macro   0x0000d02d      0x16c src/ASF/common/services/delay/sam/cycle_counter.o
 .debug_macro   0x0000d199       0x22 src/ASF/common/services/delay/sam/cycle_counter.o
 .debug_macro   0x0000d1bb       0x16 src/ASF/common/services/delay/sam/cycle_counter.o
 .debug_macro   0x0000d1d1       0x16 src/ASF/common/services/delay/sam/cycle_counter.o
 .debug_macro   0x0000d1e7       0x29 src/ASF/common/services/delay/sam/cycle_counter.o
 .debug_macro   0x0000d210       0x6d src/ASF/common/services/delay/sam/cycle_counter.o
 .debug_macro   0x0000d27d       0x3f src/ASF/common/services/delay/sam/cycle_counter.o
 .debug_macro   0x0000d2bc      0x3c3 src/ASF/common/services/delay/sam/cycle_counter.o
 .debug_macro   0x0000d67f       0x22 src/ASF/common/services/delay/sam/cycle_counter.o
 .debug_macro   0x0000d6a1      0x4e2 src/ASF/sam/drivers/spi/spi.o
 .debug_macro   0x0000db83       0x10 src/ASF/sam/drivers/spi/spi.o
 .debug_macro   0x0000db93      0x610 src/main.o
 .debug_macro   0x0000e1a3       0x97 src/main.o
 .debug_macro   0x0000e23a       0xef src/main.o
 .debug_macro   0x0000e329       0x4a src/main.o
 .debug_macro   0x0000e373       0xac src/main.o
 .debug_macro   0x0000e41f      0x2a6 src/main.o
 .debug_macro   0x0000e6c5       0x10 src/main.o
 .debug_macro   0x0000e6d5       0x1f src/main.o
 .debug_macro   0x0000e6f4       0x16 src/main.o
 .debug_macro   0x0000e70a      0x20f src/main.o
 .debug_macro   0x0000e919       0x1c src/main.o
 .debug_macro   0x0000e935       0x28 src/main.o
 .debug_macro   0x0000e95d       0x22 src/main.o
 .debug_macro   0x0000e97f       0x94 src/main.o
 .debug_macro   0x0000ea13       0x40 src/main.o
 .debug_macro   0x0000ea53       0x88 src/main.o
 .debug_macro   0x0000eadb       0x34 src/main.o
 .debug_macro   0x0000eb0f       0x10 src/main.o
 .debug_macro   0x0000eb1f       0x1c src/main.o
 .debug_macro   0x0000eb3b       0x2e src/main.o
 .debug_macro   0x0000eb69       0x1c src/main.o
 .debug_macro   0x0000eb85       0x64 src/main.o
 .debug_macro   0x0000ebe9       0x4c src/main.o
 .debug_macro   0x0000ec35      0x4d9 src/ASF/common/services/clock/sam4s/sysclk.o
 .debug_macro   0x0000f10e      0x231 src/ASF/common/services/clock/sam4s/sysclk.o
 .debug_macro   0x0000f33f      0x45f src/ASF/common/utils/stdio/read.o
 .debug_macro   0x0000f79e      0x45f src/ASF/common/utils/stdio/write.o
 .debug_macro   0x0000fbfd      0x518 src/ASF/sam/boards/sam4s_xplained/init.o
 .debug_macro   0x00010115       0x82 src/ASF/sam/boards/sam4s_xplained/init.o
 .debug_macro   0x00010197      0x474 src/ASF/sam/drivers/pio/pio.o
 .debug_macro   0x0001060b       0x8e src/ASF/sam/drivers/pio/pio.o
 .debug_macro   0x00010699      0x47e src/ASF/sam/drivers/pio/pio_handler.o
 .debug_macro   0x00010b17      0x474 src/ASF/sam/drivers/pmc/pmc.o
 .debug_macro   0x00010f8b       0x52 src/ASF/sam/drivers/pmc/pmc.o
 .debug_macro   0x00010fdd      0x46e src/ASF/sam/drivers/uart/uart.o
 .debug_macro   0x0001144b       0x16 src/ASF/sam/drivers/uart/uart.o
 .debug_macro   0x00011461      0x4a4 src/ASF/sam/drivers/usart/usart.o
 .debug_macro   0x00011905       0x28 src/ASF/sam/drivers/usart/usart.o
 .debug_macro   0x0001192d      0x2e6 src/ASF/sam/utils/cmsis/sam4s/source/templates/gcc/startup_sam4s.o
 .debug_macro   0x00011c13      0x2ee src/ASF/sam/utils/cmsis/sam4s/source/templates/system_sam4s.o
 .debug_macro   0x00011f01      0x129 src/ASF/sam/utils/syscalls/gcc/syscalls.o
 .debug_macro   0x0001202a       0x52 src/ASF/sam/utils/syscalls/gcc/syscalls.o
 .debug_macro   0x0001207c       0x16 src/ASF/sam/utils/syscalls/gcc/syscalls.o
 .debug_macro   0x00012092       0x10 src/ASF/sam/utils/syscalls/gcc/syscalls.o
 .debug_macro   0x000120a2       0x41 src/ASF/sam/utils/syscalls/gcc/syscalls.o
 .debug_macro   0x000120e3      0x120 src/ASF/sam/utils/syscalls/gcc/syscalls.o

.debug_line     0x00000000     0xaba1
 .debug_line    0x00000000      0xa0e src/ASF/common/services/delay/sam/cycle_counter.o
 .debug_line    0x00000a0e      0xc58 src/ASF/sam/drivers/spi/spi.o
 .debug_line    0x00001666     0x118f src/main.o
 .debug_line    0x000027f5      0xb44 src/ASF/common/services/clock/sam4s/sysclk.o
 .debug_line    0x00003339      0xa07 src/ASF/common/utils/stdio/read.o
 .debug_line    0x00003d40      0x9fd src/ASF/common/utils/stdio/write.o
 .debug_line    0x0000473d      0xbff src/ASF/sam/boards/sam4s_xplained/init.o
 .debug_line    0x0000533c      0xe8a src/ASF/sam/drivers/pio/pio.o
 .debug_line    0x000061c6      0xac0 src/ASF/sam/drivers/pio/pio_handler.o
 .debug_line    0x00006c86      0xf7d src/ASF/sam/drivers/pmc/pmc.o
 .debug_line    0x00007c03      0xbbd src/ASF/sam/drivers/uart/uart.o
 .debug_line    0x000087c0      0xf6e src/ASF/sam/drivers/usart/usart.o
 .debug_line    0x0000972e      0x861 src/ASF/sam/utils/cmsis/sam4s/source/templates/gcc/startup_sam4s.o
 .debug_line    0x00009f8f      0x877 src/ASF/sam/utils/cmsis/sam4s/source/templates/system_sam4s.o
 .debug_line    0x0000a806      0x39b src/ASF/sam/utils/syscalls/gcc/syscalls.o

.debug_str      0x00000000    0x4ebb3
 .debug_str     0x00000000    0x45b80 src/ASF/common/services/delay/sam/cycle_counter.o
                              0x45ec2 (size before relaxing)
 .debug_str     0x00045b80     0x369d src/ASF/sam/drivers/spi/spi.o
                              0x493f7 (size before relaxing)
 .debug_str     0x0004921d     0x3089 src/main.o
                              0x4c399 (size before relaxing)
 .debug_str     0x0004c2a6      0x247 src/ASF/common/services/clock/sam4s/sysclk.o
                              0x49280 (size before relaxing)
 .debug_str     0x0004c4ed       0x2c src/ASF/common/utils/stdio/read.o
                              0x45d51 (size before relaxing)
 .debug_str     0x0004c519       0x26 src/ASF/common/utils/stdio/write.o
                              0x45d53 (size before relaxing)
 .debug_str     0x0004c53f      0x2b7 src/ASF/sam/boards/sam4s_xplained/init.o
                              0x49d1e (size before relaxing)
 .debug_str     0x0004c7f6      0x5c0 src/ASF/sam/drivers/pio/pio.o
                              0x46966 (size before relaxing)
 .debug_str     0x0004cdb6      0x161 src/ASF/sam/drivers/pio/pio_handler.o
                              0x467d7 (size before relaxing)
 .debug_str     0x0004cf17      0x6c9 src/ASF/sam/drivers/pmc/pmc.o
                              0x467b2 (size before relaxing)
 .debug_str     0x0004d5e0      0x203 src/ASF/sam/drivers/uart/uart.o
                              0x46105 (size before relaxing)
 .debug_str     0x0004d7e3      0x794 src/ASF/sam/drivers/usart/usart.o
                              0x4674b (size before relaxing)
 .debug_str     0x0004df77      0x40a src/ASF/sam/utils/cmsis/sam4s/source/templates/gcc/startup_sam4s.o
                              0x39d32 (size before relaxing)
 .debug_str     0x0004e381       0xf1 src/ASF/sam/utils/cmsis/sam4s/source/templates/system_sam4s.o
                              0x39b12 (size before relaxing)
 .debug_str     0x0004e472      0x741 src/ASF/sam/utils/syscalls/gcc/syscalls.o
                               0x4f2d (size before relaxing)

.debug_frame    0x00000000     0x1c2c
 .debug_frame   0x00000000       0x20 src/ASF/common/services/delay/sam/cycle_counter.o
 .debug_frame   0x00000020      0x120 src/ASF/sam/drivers/spi/spi.o
 .debug_frame   0x00000140      0x184 src/main.o
 .debug_frame   0x000002c4       0x58 src/ASF/common/services/clock/sam4s/sysclk.o
 .debug_frame   0x0000031c       0x30 src/ASF/common/utils/stdio/read.o
 .debug_frame   0x0000034c       0x30 src/ASF/common/utils/stdio/write.o
 .debug_frame   0x0000037c       0x28 src/ASF/sam/boards/sam4s_xplained/init.o
 .debug_frame   0x000003a4      0x370 src/ASF/sam/drivers/pio/pio.o
 .debug_frame   0x00000714       0xf4 src/ASF/sam/drivers/pio/pio_handler.o
 .debug_frame   0x00000808      0x410 src/ASF/sam/drivers/pmc/pmc.o
 .debug_frame   0x00000c18      0x1b8 src/ASF/sam/drivers/uart/uart.o
 .debug_frame   0x00000dd0      0x470 src/ASF/sam/drivers/usart/usart.o
 .debug_frame   0x00001240       0x38 src/ASF/sam/utils/cmsis/sam4s/source/templates/gcc/startup_sam4s.o
 .debug_frame   0x00001278       0x40 src/ASF/sam/utils/cmsis/sam4s/source/templates/system_sam4s.o
 .debug_frame   0x000012b8       0xa8 src/ASF/sam/utils/syscalls/gcc/syscalls.o
 .debug_frame   0x00001360       0x30 c:/program files (x86)/atmel/atmel toolchain/arm gcc/native/4.8.1437/arm-gnu-toolchain/bin/../lib/gcc/arm-none-eabi/4.8.4/../../../../arm-none-eabi/lib/armv7e-m\libc.a(lib_a-atoi.o)
 .debug_frame   0x00001390       0x2c c:/program files (x86)/atmel/atmel toolchain/arm gcc/native/4.8.1437/arm-gnu-toolchain/bin/../lib/gcc/arm-none-eabi/4.8.4/../../../../arm-none-eabi/lib/armv7e-m\libc.a(lib_a-init.o)
 .debug_frame   0x000013bc       0x2c c:/program files (x86)/atmel/atmel toolchain/arm gcc/native/4.8.1437/arm-gnu-toolchain/bin/../lib/gcc/arm-none-eabi/4.8.4/../../../../arm-none-eabi/lib/armv7e-m\libc.a(lib_a-memset.o)
 .debug_frame   0x000013e8       0x40 c:/program files (x86)/atmel/atmel toolchain/arm gcc/native/4.8.1437/arm-gnu-toolchain/bin/../lib/gcc/arm-none-eabi/4.8.4/../../../../arm-none-eabi/lib/armv7e-m\libc.a(lib_a-puts.o)
 .debug_frame   0x00001428       0x3c c:/program files (x86)/atmel/atmel toolchain/arm gcc/native/4.8.1437/arm-gnu-toolchain/bin/../lib/gcc/arm-none-eabi/4.8.4/../../../../arm-none-eabi/lib/armv7e-m\libc.a(lib_a-rget.o)
 .debug_frame   0x00001464       0x20 c:/program files (x86)/atmel/atmel toolchain/arm gcc/native/4.8.1437/arm-gnu-toolchain/bin/../lib/gcc/arm-none-eabi/4.8.4/../../../../arm-none-eabi/lib/armv7e-m\libc.a(lib_a-setbuf.o)
 .debug_frame   0x00001484       0x30 c:/program files (x86)/atmel/atmel toolchain/arm gcc/native/4.8.1437/arm-gnu-toolchain/bin/../lib/gcc/arm-none-eabi/4.8.4/../../../../arm-none-eabi/lib/armv7e-m\libc.a(lib_a-setvbuf.o)
 .debug_frame   0x000014b4       0x20 c:/program files (x86)/atmel/atmel toolchain/arm gcc/native/4.8.1437/arm-gnu-toolchain/bin/../lib/gcc/arm-none-eabi/4.8.4/../../../../arm-none-eabi/lib/armv7e-m\libc.a(lib_a-strlen.o)
 .debug_frame   0x000014d4       0x50 c:/program files (x86)/atmel/atmel toolchain/arm gcc/native/4.8.1437/arm-gnu-toolchain/bin/../lib/gcc/arm-none-eabi/4.8.4/../../../../arm-none-eabi/lib/armv7e-m\libc.a(lib_a-strtol.o)
 .debug_frame   0x00001524       0x2c c:/program files (x86)/atmel/atmel toolchain/arm gcc/native/4.8.1437/arm-gnu-toolchain/bin/../lib/gcc/arm-none-eabi/4.8.4/../../../../arm-none-eabi/lib/armv7e-m\libc.a(lib_a-wsetup.o)
 .debug_frame   0x00001550       0x48 c:/program files (x86)/atmel/atmel toolchain/arm gcc/native/4.8.1437/arm-gnu-toolchain/bin/../lib/gcc/arm-none-eabi/4.8.4/../../../../arm-none-eabi/lib/armv7e-m\libc.a(lib_a-__call_atexit.o)
 .debug_frame   0x00001598       0x20 c:/program files (x86)/atmel/atmel toolchain/arm gcc/native/4.8.1437/arm-gnu-toolchain/bin/../lib/gcc/arm-none-eabi/4.8.4/../../../../arm-none-eabi/lib/armv7e-m\libc.a(lib_a-atexit.o)
 .debug_frame   0x000015b8       0x5c c:/program files (x86)/atmel/atmel toolchain/arm gcc/native/4.8.1437/arm-gnu-toolchain/bin/../lib/gcc/arm-none-eabi/4.8.4/../../../../arm-none-eabi/lib/armv7e-m\libc.a(lib_a-fflush.o)
 .debug_frame   0x00001614      0x110 c:/program files (x86)/atmel/atmel toolchain/arm gcc/native/4.8.1437/arm-gnu-toolchain/bin/../lib/gcc/arm-none-eabi/4.8.4/../../../../arm-none-eabi/lib/armv7e-m\libc.a(lib_a-findfp.o)
 .debug_frame   0x00001724       0x2c c:/program files (x86)/atmel/atmel toolchain/arm gcc/native/4.8.1437/arm-gnu-toolchain/bin/../lib/gcc/arm-none-eabi/4.8.4/../../../../arm-none-eabi/lib/armv7e-m\libc.a(lib_a-fini.o)
 .debug_frame   0x00001750       0x50 c:/program files (x86)/atmel/atmel toolchain/arm gcc/native/4.8.1437/arm-gnu-toolchain/bin/../lib/gcc/arm-none-eabi/4.8.4/../../../../arm-none-eabi/lib/armv7e-m\libc.a(lib_a-freer.o)
 .debug_frame   0x000017a0       0x38 c:/program files (x86)/atmel/atmel toolchain/arm gcc/native/4.8.1437/arm-gnu-toolchain/bin/../lib/gcc/arm-none-eabi/4.8.4/../../../../arm-none-eabi/lib/armv7e-m\libc.a(lib_a-fvwrite.o)
 .debug_frame   0x000017d8       0x54 c:/program files (x86)/atmel/atmel toolchain/arm gcc/native/4.8.1437/arm-gnu-toolchain/bin/../lib/gcc/arm-none-eabi/4.8.4/../../../../arm-none-eabi/lib/armv7e-m\libc.a(lib_a-fwalk.o)
 .debug_frame   0x0000182c       0x30 c:/program files (x86)/atmel/atmel toolchain/arm gcc/native/4.8.1437/arm-gnu-toolchain/bin/../lib/gcc/arm-none-eabi/4.8.4/../../../../arm-none-eabi/lib/armv7e-m\libc.a(lib_a-makebuf.o)
 .debug_frame   0x0000185c       0x30 c:/program files (x86)/atmel/atmel toolchain/arm gcc/native/4.8.1437/arm-gnu-toolchain/bin/../lib/gcc/arm-none-eabi/4.8.4/../../../../arm-none-eabi/lib/armv7e-m\libc.a(lib_a-malloc.o)
 .debug_frame   0x0000188c       0x38 c:/program files (x86)/atmel/atmel toolchain/arm gcc/native/4.8.1437/arm-gnu-toolchain/bin/../lib/gcc/arm-none-eabi/4.8.4/../../../../arm-none-eabi/lib/armv7e-m\libc.a(lib_a-mallocr.o)
 .debug_frame   0x000018c4       0x2c c:/program files (x86)/atmel/atmel toolchain/arm gcc/native/4.8.1437/arm-gnu-toolchain/bin/../lib/gcc/arm-none-eabi/4.8.4/../../../../arm-none-eabi/lib/armv7e-m\libc.a(lib_a-memchr-stub.o)
 .debug_frame   0x000018f0       0x2c c:/program files (x86)/atmel/atmel toolchain/arm gcc/native/4.8.1437/arm-gnu-toolchain/bin/../lib/gcc/arm-none-eabi/4.8.4/../../../../arm-none-eabi/lib/armv7e-m\libc.a(lib_a-memmove.o)
 .debug_frame   0x0000191c       0x30 c:/program files (x86)/atmel/atmel toolchain/arm gcc/native/4.8.1437/arm-gnu-toolchain/bin/../lib/gcc/arm-none-eabi/4.8.4/../../../../arm-none-eabi/lib/armv7e-m\libc.a(lib_a-mlock.o)
 .debug_frame   0x0000194c       0x38 c:/program files (x86)/atmel/atmel toolchain/arm gcc/native/4.8.1437/arm-gnu-toolchain/bin/../lib/gcc/arm-none-eabi/4.8.4/../../../../arm-none-eabi/lib/armv7e-m\libc.a(lib_a-reallocr.o)
 .debug_frame   0x00001984       0x40 c:/program files (x86)/atmel/atmel toolchain/arm gcc/native/4.8.1437/arm-gnu-toolchain/bin/../lib/gcc/arm-none-eabi/4.8.4/../../../../arm-none-eabi/lib/armv7e-m\libc.a(lib_a-refill.o)
 .debug_frame   0x000019c4       0x2c c:/program files (x86)/atmel/atmel toolchain/arm gcc/native/4.8.1437/arm-gnu-toolchain/bin/../lib/gcc/arm-none-eabi/4.8.4/../../../../arm-none-eabi/lib/armv7e-m\libc.a(lib_a-sbrkr.o)
 .debug_frame   0x000019f0       0x80 c:/program files (x86)/atmel/atmel toolchain/arm gcc/native/4.8.1437/arm-gnu-toolchain/bin/../lib/gcc/arm-none-eabi/4.8.4/../../../../arm-none-eabi/lib/armv7e-m\libc.a(lib_a-stdio.o)
 .debug_frame   0x00001a70       0x2c c:/program files (x86)/atmel/atmel toolchain/arm gcc/native/4.8.1437/arm-gnu-toolchain/bin/../lib/gcc/arm-none-eabi/4.8.4/../../../../arm-none-eabi/lib/armv7e-m\libc.a(lib_a-writer.o)
 .debug_frame   0x00001a9c       0x30 c:/program files (x86)/atmel/atmel toolchain/arm gcc/native/4.8.1437/arm-gnu-toolchain/bin/../lib/gcc/arm-none-eabi/4.8.4/../../../../arm-none-eabi/lib/armv7e-m\libc.a(lib_a-__atexit.o)
 .debug_frame   0x00001acc       0x2c c:/program files (x86)/atmel/atmel toolchain/arm gcc/native/4.8.1437/arm-gnu-toolchain/bin/../lib/gcc/arm-none-eabi/4.8.4/../../../../arm-none-eabi/lib/armv7e-m\libc.a(lib_a-closer.o)
 .debug_frame   0x00001af8       0x3c c:/program files (x86)/atmel/atmel toolchain/arm gcc/native/4.8.1437/arm-gnu-toolchain/bin/../lib/gcc/arm-none-eabi/4.8.4/../../../../arm-none-eabi/lib/armv7e-m\libc.a(lib_a-fclose.o)
 .debug_frame   0x00001b34       0x2c c:/program files (x86)/atmel/atmel toolchain/arm gcc/native/4.8.1437/arm-gnu-toolchain/bin/../lib/gcc/arm-none-eabi/4.8.4/../../../../arm-none-eabi/lib/armv7e-m\libc.a(lib_a-fstatr.o)
 .debug_frame   0x00001b60       0x2c c:/program files (x86)/atmel/atmel toolchain/arm gcc/native/4.8.1437/arm-gnu-toolchain/bin/../lib/gcc/arm-none-eabi/4.8.4/../../../../arm-none-eabi/lib/armv7e-m\libc.a(lib_a-isattyr.o)
 .debug_frame   0x00001b8c       0x2c c:/program files (x86)/atmel/atmel toolchain/arm gcc/native/4.8.1437/arm-gnu-toolchain/bin/../lib/gcc/arm-none-eabi/4.8.4/../../../../arm-none-eabi/lib/armv7e-m\libc.a(lib_a-lseekr.o)
 .debug_frame   0x00001bb8       0x2c c:/program files (x86)/atmel/atmel toolchain/arm gcc/native/4.8.1437/arm-gnu-toolchain/bin/../lib/gcc/arm-none-eabi/4.8.4/../../../../arm-none-eabi/lib/armv7e-m\libc.a(lib_a-readr.o)
 .debug_frame   0x00001be4       0x48 c:/program files (x86)/atmel/atmel toolchain/arm gcc/native/4.8.1437/arm-gnu-toolchain/bin/../lib/gcc/arm-none-eabi/4.8.4/../../../../arm-none-eabi/lib/armv7e-m\libc.a(lib_a-reent.o)

.debug_loc      0x00000000     0x434a
 .debug_loc     0x00000000      0x51a src/ASF/sam/drivers/spi/spi.o
 .debug_loc     0x0000051a      0x850 src/main.o
 .debug_loc     0x00000d6a       0xed src/ASF/common/services/clock/sam4s/sysclk.o
 .debug_loc     0x00000e57       0xc5 src/ASF/common/utils/stdio/read.o
 .debug_loc     0x00000f1c      0x161 src/ASF/common/utils/stdio/write.o
 .debug_loc     0x0000107d       0x20 src/ASF/sam/boards/sam4s_xplained/init.o
 .debug_loc     0x0000109d      0xda0 src/ASF/sam/drivers/pio/pio.o
 .debug_loc     0x00001e3d      0x51d src/ASF/sam/drivers/pio/pio_handler.o
 .debug_loc     0x0000235a      0xc77 src/ASF/sam/drivers/pmc/pmc.o
 .debug_loc     0x00002fd1      0x26b src/ASF/sam/drivers/uart/uart.o
 .debug_loc     0x0000323c      0xf2d src/ASF/sam/drivers/usart/usart.o
 .debug_loc     0x00004169       0xb6 src/ASF/sam/utils/cmsis/sam4s/source/templates/gcc/startup_sam4s.o
 .debug_loc     0x0000421f      0x12b src/ASF/sam/utils/syscalls/gcc/syscalls.o

Cross Reference Table

Symbol                                            File
ACC_Handler                                       src/ASF/sam/utils/cmsis/sam4s/source/templates/gcc/startup_sam4s.o
ADC_Handler                                       src/ASF/sam/utils/cmsis/sam4s/source/templates/gcc/startup_sam4s.o
BusFault_Handler                                  src/ASF/sam/utils/cmsis/sam4s/source/templates/gcc/startup_sam4s.o
CFR                                               src/main.o
CFTW0                                             src/main.o
CRCCU_Handler                                     src/ASF/sam/utils/cmsis/sam4s/source/templates/gcc/startup_sam4s.o
DACC_Handler                                      src/ASF/sam/utils/cmsis/sam4s/source/templates/gcc/startup_sam4s.o
DebugMon_Handler                                  src/ASF/sam/utils/cmsis/sam4s/source/templates/gcc/startup_sam4s.o
Dummy_Handler                                     src/ASF/sam/utils/cmsis/sam4s/source/templates/gcc/startup_sam4s.o
EFC0_Handler                                      src/ASF/sam/utils/cmsis/sam4s/source/templates/gcc/startup_sam4s.o
FR1                                               src/main.o
HSMCI_Handler                                     src/ASF/sam/utils/cmsis/sam4s/source/templates/gcc/startup_sam4s.o
HardFault_Handler                                 src/ASF/sam/utils/cmsis/sam4s/source/templates/gcc/startup_sam4s.o
LED_Off                                           src/ASF/sam/boards/sam4s_xplained/led.o
LED_On                                            src/ASF/sam/boards/sam4s_xplained/led.o
MemManage_Handler                                 src/ASF/sam/utils/cmsis/sam4s/source/templates/gcc/startup_sam4s.o
NMI_Handler                                       src/ASF/sam/utils/cmsis/sam4s/source/templates/gcc/startup_sam4s.o
PIOA_Handler                                      src/ASF/sam/drivers/pio/pio_handler.o
PIOB_Handler                                      src/ASF/sam/drivers/pio/pio_handler.o
PIOC_Handler                                      src/ASF/sam/drivers/pio/pio_handler.o
PMC_Handler                                       src/ASF/sam/utils/cmsis/sam4s/source/templates/gcc/startup_sam4s.o
PWM_Handler                                       src/ASF/sam/utils/cmsis/sam4s/source/templates/gcc/startup_sam4s.o
PendSV_Handler                                    src/ASF/sam/utils/cmsis/sam4s/source/templates/gcc/startup_sam4s.o
RSTC_Handler                                      src/ASF/sam/utils/cmsis/sam4s/source/templates/gcc/startup_sam4s.o
RTC_Handler                                       src/ASF/sam/utils/cmsis/sam4s/source/templates/gcc/startup_sam4s.o
RTT_Handler                                       src/ASF/sam/utils/cmsis/sam4s/source/templates/gcc/startup_sam4s.o
Reset_Handler                                     src/ASF/sam/utils/cmsis/sam4s/source/templates/gcc/startup_sam4s.o
SPI_Handler                                       src/ASF/sam/utils/cmsis/sam4s/source/templates/gcc/startup_sam4s.o
SSC_Handler                                       src/ASF/sam/utils/cmsis/sam4s/source/templates/gcc/startup_sam4s.o
SUPC_Handler                                      src/ASF/sam/utils/cmsis/sam4s/source/templates/gcc/startup_sam4s.o
SVC_Handler                                       src/ASF/sam/utils/cmsis/sam4s/source/templates/gcc/startup_sam4s.o
SysTick_Handler                                   src/main.o
SystemCoreClock                                   src/ASF/sam/utils/cmsis/sam4s/source/templates/system_sam4s.o
SystemCoreClockUpdate                             src/ASF/sam/utils/cmsis/sam4s/source/templates/system_sam4s.o
                                                  src/ASF/common/services/clock/sam4s/sysclk.o
SystemInit                                        src/ASF/sam/utils/cmsis/sam4s/source/templates/system_sam4s.o
TC0_Handler                                       src/ASF/sam/utils/cmsis/sam4s/source/templates/gcc/startup_sam4s.o
TC1_Handler                                       src/ASF/sam/utils/cmsis/sam4s/source/templates/gcc/startup_sam4s.o
TC2_Handler                                       src/ASF/sam/utils/cmsis/sam4s/source/templates/gcc/startup_sam4s.o
TC3_Handler                                       src/ASF/sam/utils/cmsis/sam4s/source/templates/gcc/startup_sam4s.o
TC4_Handler                                       src/ASF/sam/utils/cmsis/sam4s/source/templates/gcc/startup_sam4s.o
TC5_Handler                                       src/ASF/sam/utils/cmsis/sam4s/source/templates/gcc/startup_sam4s.o
TWI0_Handler                                      src/ASF/sam/utils/cmsis/sam4s/source/templates/gcc/startup_sam4s.o
TWI1_Handler                                      src/ASF/sam/utils/cmsis/sam4s/source/templates/gcc/startup_sam4s.o
UART0_Handler                                     src/ASF/sam/utils/cmsis/sam4s/source/templates/gcc/startup_sam4s.o
UART1_Handler                                     src/ASF/sam/utils/cmsis/sam4s/source/templates/gcc/startup_sam4s.o
UDP_Handler                                       src/ASF/sam/utils/cmsis/sam4s/source/templates/gcc/startup_sam4s.o
USART0_Handler                                    src/ASF/sam/utils/cmsis/sam4s/source/templates/gcc/startup_sam4s.o
USART1_Handler                                    src/ASF/sam/utils/cmsis/sam4s/source/templates/gcc/startup_sam4s.o
UsageFault_Handler                                src/ASF/sam/utils/cmsis/sam4s/source/templates/gcc/startup_sam4s.o
WDT_Handler                                       src/ASF/sam/utils/cmsis/sam4s/source/templates/gcc/startup_sam4s.o
_Jv_RegisterClasses                               c:/program files (x86)/atmel/atmel toolchain/arm gcc/native/4.8.1437/arm-gnu-toolchain/bin/../lib/gcc/arm-none-eabi/4.8.4/armv7e-m/crtbegin.o
_PathLocale                                       c:/program files (x86)/atmel/atmel toolchain/arm gcc/native/4.8.1437/arm-gnu-toolchain/bin/../lib/gcc/arm-none-eabi/4.8.4/../../../../arm-none-eabi/lib/armv7e-m\libc.a(lib_a-locale.o)
__aeabi_idiv0                                     c:/program files (x86)/atmel/atmel toolchain/arm gcc/native/4.8.1437/arm-gnu-toolchain/bin/../lib/gcc/arm-none-eabi/4.8.4/armv7e-m\libgcc.a(_dvmd_tls.o)
__aeabi_ldiv0                                     c:/program files (x86)/atmel/atmel toolchain/arm gcc/native/4.8.1437/arm-gnu-toolchain/bin/../lib/gcc/arm-none-eabi/4.8.4/armv7e-m\libgcc.a(_dvmd_tls.o)
                                                  c:/program files (x86)/atmel/atmel toolchain/arm gcc/native/4.8.1437/arm-gnu-toolchain/bin/../lib/gcc/arm-none-eabi/4.8.4/armv7e-m\libgcc.a(_aeabi_uldivmod.o)
__aeabi_uldivmod                                  c:/program files (x86)/atmel/atmel toolchain/arm gcc/native/4.8.1437/arm-gnu-toolchain/bin/../lib/gcc/arm-none-eabi/4.8.4/armv7e-m\libgcc.a(_aeabi_uldivmod.o)
                                                  c:/program files (x86)/atmel/atmel toolchain/arm gcc/native/4.8.1437/arm-gnu-toolchain/bin/../lib/gcc/arm-none-eabi/4.8.4/../../../../arm-none-eabi/lib/armv7e-m\libc.a(lib_a-vfiprintf.o)
__ascii_wctomb                                    c:/program files (x86)/atmel/atmel toolchain/arm gcc/native/4.8.1437/arm-gnu-toolchain/bin/../lib/gcc/arm-none-eabi/4.8.4/../../../../arm-none-eabi/lib/armv7e-m\libc.a(lib_a-wctomb_r.o)
__bss_end__                                       c:/program files (x86)/atmel/atmel toolchain/arm gcc/native/4.8.1437/arm-gnu-toolchain/bin/../lib/gcc/arm-none-eabi/4.8.4/../../../../arm-none-eabi/lib/armv7e-m/crt0.o
__bss_start__                                     c:/program files (x86)/atmel/atmel toolchain/arm gcc/native/4.8.1437/arm-gnu-toolchain/bin/../lib/gcc/arm-none-eabi/4.8.4/../../../../arm-none-eabi/lib/armv7e-m/crt0.o
__call_exitprocs                                  c:/program files (x86)/atmel/atmel toolchain/arm gcc/native/4.8.1437/arm-gnu-toolchain/bin/../lib/gcc/arm-none-eabi/4.8.4/../../../../arm-none-eabi/lib/armv7e-m\libc.a(lib_a-__call_atexit.o)
                                                  c:/program files (x86)/atmel/atmel toolchain/arm gcc/native/4.8.1437/arm-gnu-toolchain/bin/../lib/gcc/arm-none-eabi/4.8.4/../../../../arm-none-eabi/lib/armv7e-m\libc.a(lib_a-exit.o)
__ctype_ptr__                                     c:/program files (x86)/atmel/atmel toolchain/arm gcc/native/4.8.1437/arm-gnu-toolchain/bin/../lib/gcc/arm-none-eabi/4.8.4/../../../../arm-none-eabi/lib/armv7e-m\libc.a(lib_a-ctype_.o)
                                                  c:/program files (x86)/atmel/atmel toolchain/arm gcc/native/4.8.1437/arm-gnu-toolchain/bin/../lib/gcc/arm-none-eabi/4.8.4/../../../../arm-none-eabi/lib/armv7e-m\libc.a(lib_a-strtol.o)
                                                  src/main.o
__deregister_frame_info                           c:/program files (x86)/atmel/atmel toolchain/arm gcc/native/4.8.1437/arm-gnu-toolchain/bin/../lib/gcc/arm-none-eabi/4.8.4/armv7e-m/crtbegin.o
__divdi3                                          c:/program files (x86)/atmel/atmel toolchain/arm gcc/native/4.8.1437/arm-gnu-toolchain/bin/../lib/gcc/arm-none-eabi/4.8.4/armv7e-m\libgcc.a(_divdi3.o)
                                                  c:/program files (x86)/atmel/atmel toolchain/arm gcc/native/4.8.1437/arm-gnu-toolchain/bin/../lib/gcc/arm-none-eabi/4.8.4/armv7e-m\libgcc.a(bpabi.o)
__dso_handle                                      c:/program files (x86)/atmel/atmel toolchain/arm gcc/native/4.8.1437/arm-gnu-toolchain/bin/../lib/gcc/arm-none-eabi/4.8.4/armv7e-m/crtbegin.o
__fini_array_end                                  c:/program files (x86)/atmel/atmel toolchain/arm gcc/native/4.8.1437/arm-gnu-toolchain/bin/../lib/gcc/arm-none-eabi/4.8.4/../../../../arm-none-eabi/lib/armv7e-m\libc.a(lib_a-fini.o)
__fini_array_start                                c:/program files (x86)/atmel/atmel toolchain/arm gcc/native/4.8.1437/arm-gnu-toolchain/bin/../lib/gcc/arm-none-eabi/4.8.4/../../../../arm-none-eabi/lib/armv7e-m\libc.a(lib_a-fini.o)
__fp_lock_all                                     c:/program files (x86)/atmel/atmel toolchain/arm gcc/native/4.8.1437/arm-gnu-toolchain/bin/../lib/gcc/arm-none-eabi/4.8.4/../../../../arm-none-eabi/lib/armv7e-m\libc.a(lib_a-findfp.o)
__fp_unlock_all                                   c:/program files (x86)/atmel/atmel toolchain/arm gcc/native/4.8.1437/arm-gnu-toolchain/bin/../lib/gcc/arm-none-eabi/4.8.4/../../../../arm-none-eabi/lib/armv7e-m\libc.a(lib_a-findfp.o)
__gnu_ldivmod_helper                              c:/program files (x86)/atmel/atmel toolchain/arm gcc/native/4.8.1437/arm-gnu-toolchain/bin/../lib/gcc/arm-none-eabi/4.8.4/armv7e-m\libgcc.a(bpabi.o)
__gnu_uldivmod_helper                             c:/program files (x86)/atmel/atmel toolchain/arm gcc/native/4.8.1437/arm-gnu-toolchain/bin/../lib/gcc/arm-none-eabi/4.8.4/armv7e-m\libgcc.a(bpabi.o)
                                                  c:/program files (x86)/atmel/atmel toolchain/arm gcc/native/4.8.1437/arm-gnu-toolchain/bin/../lib/gcc/arm-none-eabi/4.8.4/armv7e-m\libgcc.a(_aeabi_uldivmod.o)