Archive member included because of file (symbol)

c:/program files (x86)/atmel/atmel toolchain/arm gcc/native/4.8.1437/arm-gnu-toolchain/bin/../lib/gcc/arm-none-eabi/4.8.4/../../../../arm-none-eabi/lib/armv7e-m\libc.a(lib_a-exit.o)
                              c:/program files (x86)/atmel/atmel toolchain/arm gcc/native/4.8.1437/arm-gnu-toolchain/bin/../lib/gcc/arm-none-eabi/4.8.4/../../../../arm-none-eabi/lib/armv7e-m/crt0.o (exit)
c:/program files (x86)/atmel/atmel toolchain/arm gcc/native/4.8.1437/arm-gnu-toolchain/bin/../lib/gcc/arm-none-eabi/4.8.4/../../../../arm-none-eabi/lib/armv7e-m\libc.a(lib_a-impure.o)
                              c:/program files (x86)/atmel/atmel toolchain/arm gcc/native/4.8.1437/arm-gnu-toolchain/bin/../lib/gcc/arm-none-eabi/4.8.4/../../../../arm-none-eabi/lib/armv7e-m\libc.a(lib_a-exit.o) (_global_impure_ptr)
c:/program files (x86)/atmel/atmel toolchain/arm gcc/native/4.8.1437/arm-gnu-toolchain/bin/../lib/gcc/arm-none-eabi/4.8.4/../../../../arm-none-eabi/lib/armv7e-m\libc.a(lib_a-init.o)
                              c:/program files (x86)/atmel/atmel toolchain/arm gcc/native/4.8.1437/arm-gnu-toolchain/bin/../lib/gcc/arm-none-eabi/4.8.4/../../../../arm-none-eabi/lib/armv7e-m/crt0.o (__libc_init_array)
c:/program files (x86)/atmel/atmel toolchain/arm gcc/native/4.8.1437/arm-gnu-toolchain/bin/../lib/gcc/arm-none-eabi/4.8.4/../../../../arm-none-eabi/lib/armv7e-m\libc.a(lib_a-iprintf.o)
                              src/ASF/sam/utils/syscalls/gcc/syscalls.o (iprintf)
c:/program files (x86)/atmel/atmel toolchain/arm gcc/native/4.8.1437/arm-gnu-toolchain/bin/../lib/gcc/arm-none-eabi/4.8.4/../../../../arm-none-eabi/lib/armv7e-m\libc.a(lib_a-memset.o)
                              c:/program files (x86)/atmel/atmel toolchain/arm gcc/native/4.8.1437/arm-gnu-toolchain/bin/../lib/gcc/arm-none-eabi/4.8.4/../../../../arm-none-eabi/lib/armv7e-m/crt0.o (memset)
c:/program files (x86)/atmel/atmel toolchain/arm gcc/native/4.8.1437/arm-gnu-toolchain/bin/../lib/gcc/arm-none-eabi/4.8.4/../../../../arm-none-eabi/lib/armv7e-m\libc.a(lib_a-setbuf.o)
                              src/main.o (setbuf)
c:/program files (x86)/atmel/atmel toolchain/arm gcc/native/4.8.1437/arm-gnu-toolchain/bin/../lib/gcc/arm-none-eabi/4.8.4/../../../../arm-none-eabi/lib/armv7e-m\libc.a(lib_a-setvbuf.o)
                              c:/program files (x86)/atmel/atmel toolchain/arm gcc/native/4.8.1437/arm-gnu-toolchain/bin/../lib/gcc/arm-none-eabi/4.8.4/../../../../arm-none-eabi/lib/armv7e-m\libc.a(lib_a-setbuf.o) (setvbuf)
c:/program files (x86)/atmel/atmel toolchain/arm gcc/native/4.8.1437/arm-gnu-toolchain/bin/../lib/gcc/arm-none-eabi/4.8.4/../../../../arm-none-eabi/lib/armv7e-m\libc.a(lib_a-vfiprintf.o)
                              c:/program files (x86)/atmel/atmel toolchain/arm gcc/native/4.8.1437/arm-gnu-toolchain/bin/../lib/gcc/arm-none-eabi/4.8.4/../../../../arm-none-eabi/lib/armv7e-m\libc.a(lib_a-iprintf.o) (_vfiprintf_r)
c:/program files (x86)/atmel/atmel toolchain/arm gcc/native/4.8.1437/arm-gnu-toolchain/bin/../lib/gcc/arm-none-eabi/4.8.4/../../../../arm-none-eabi/lib/armv7e-m\libc.a(lib_a-wsetup.o)
                              c:/program files (x86)/atmel/atmel toolchain/arm gcc/native/4.8.1437/arm-gnu-toolchain/bin/../lib/gcc/arm-none-eabi/4.8.4/../../../../arm-none-eabi/lib/armv7e-m\libc.a(lib_a-vfiprintf.o) (__swsetup_r)
c:/program files (x86)/atmel/atmel toolchain/arm gcc/native/4.8.1437/arm-gnu-toolchain/bin/../lib/gcc/arm-none-eabi/4.8.4/../../../../arm-none-eabi/lib/armv7e-m\libc.a(lib_a-__call_atexit.o)
                              c:/program files (x86)/atmel/atmel toolchain/arm gcc/native/4.8.1437/arm-gnu-toolchain/bin/../lib/gcc/arm-none-eabi/4.8.4/../../../../arm-none-eabi/lib/armv7e-m\libc.a(lib_a-exit.o) (__call_exitprocs)
c:/program files (x86)/atmel/atmel toolchain/arm gcc/native/4.8.1437/arm-gnu-toolchain/bin/../lib/gcc/arm-none-eabi/4.8.4/../../../../arm-none-eabi/lib/armv7e-m\libc.a(lib_a-atexit.o)
                              c:/program files (x86)/atmel/atmel toolchain/arm gcc/native/4.8.1437/arm-gnu-toolchain/bin/../lib/gcc/arm-none-eabi/4.8.4/../../../../arm-none-eabi/lib/armv7e-m\libc.a(lib_a-__call_atexit.o) (atexit)
c:/program files (x86)/atmel/atmel toolchain/arm gcc/native/4.8.1437/arm-gnu-toolchain/bin/../lib/gcc/arm-none-eabi/4.8.4/../../../../arm-none-eabi/lib/armv7e-m\libc.a(lib_a-fflush.o)
                              c:/program files (x86)/atmel/atmel toolchain/arm gcc/native/4.8.1437/arm-gnu-toolchain/bin/../lib/gcc/arm-none-eabi/4.8.4/../../../../arm-none-eabi/lib/armv7e-m\libc.a(lib_a-setvbuf.o) (_fflush_r)
c:/program files (x86)/atmel/atmel toolchain/arm gcc/native/4.8.1437/arm-gnu-toolchain/bin/../lib/gcc/arm-none-eabi/4.8.4/../../../../arm-none-eabi/lib/armv7e-m\libc.a(lib_a-findfp.o)
[...]
Memory Configuration

Name             Origin             Length             Attributes
rom              0x00400000         0x00100000         xr
ram              0x20000000         0x00020000         xrw
*default*        0x00000000         0xffffffff

Linker script and memory map

LOAD c:/program files (x86)/atmel/atmel toolchain/arm gcc/native/4.8.1437/arm-gnu-toolchain/bin/../lib/gcc/arm-none-eabi/4.8.4/armv7e-m/crti.o
LOAD c:/program files (x86)/atmel/atmel toolchain/arm gcc/native/4.8.1437/arm-gnu-toolchain/bin/../lib/gcc/arm-none-eabi/4.8.4/armv7e-m/crtbegin.o
LOAD c:/program files (x86)/atmel/atmel toolchain/arm gcc/native/4.8.1437/arm-gnu-toolchain/bin/../lib/gcc/arm-none-eabi/4.8.4/../../../../arm-none-eabi/lib/armv7e-m/crt0.o
LOAD src/ASF/common/utils/stdio/read.o
LOAD src/ASF/common/utils/stdio/write.o
LOAD src/ASF/common/services/serial/usart_serial.o
LOAD src/ASF/common/services/clock/sam4s/sysclk.o
LOAD src/ASF/sam/drivers/pmc/pmc.o
LOAD src/ASF/sam/drivers/uart/uart.o
LOAD src/ASF/sam/drivers/usart/usart.o
LOAD src/ASF/sam/drivers/pmc/sleep.o
LOAD src/ASF/common/boards/user_board/init.o
LOAD src/ASF/common/utils/interrupt/interrupt_sam_nvic.o
LOAD src/ASF/sam/utils/cmsis/sam4s/source/templates/gcc/startup_sam4s.o
LOAD src/ASF/sam/utils/cmsis/sam4s/source/templates/system_sam4s.o
LOAD src/ASF/sam/utils/syscalls/gcc/syscalls.o
LOAD src/main.o
START GROUP
LOAD ../src/ASF/thirdparty/CMSIS/Lib/GCC\libarm_cortexM4l_math.a
LOAD c:/program files (x86)/atmel/atmel toolchain/arm gcc/native/4.8.1437/arm-gnu-toolchain/bin/../lib/gcc/arm-none-eabi/4.8.4/../../../../arm-none-eabi/lib/armv7e-m\libm.a
END GROUP
START GROUP
LOAD c:/program files (x86)/atmel/atmel toolchain/arm gcc/native/4.8.1437/arm-gnu-toolchain/bin/../lib/gcc/arm-none-eabi/4.8.4/armv7e-m\libgcc.a
LOAD c:/program files (x86)/atmel/atmel toolchain/arm gcc/native/4.8.1437/arm-gnu-toolchain/bin/../lib/gcc/arm-none-eabi/4.8.4/../../../../arm-none-eabi/lib/armv7e-m\libc.a
END GROUP
LOAD c:/program files (x86)/atmel/atmel toolchain/arm gcc/native/4.8.1437/arm-gnu-toolchain/bin/../lib/gcc/arm-none-eabi/4.8.4/armv7e-m/crtend.o
LOAD c:/program files (x86)/atmel/atmel toolchain/arm gcc/native/4.8.1437/arm-gnu-toolchain/bin/../lib/gcc/arm-none-eabi/4.8.4/armv7e-m/crtn.o
                0x00003000                __stack_size__ = DEFINED (__stack_size__)?__stack_size__:0x3000
                0x2001fffc                __ram_end__ = ((ORIGIN (ram) + 0x20000) - 0x4)

.text           0x00400000     0x3964
                0x00400000                . = ALIGN (0x4)
                0x00400000                _sfixed = .
 *(.vectors .vectors.*)
 .vectors       0x00400000       0xcc src/ASF/sam/utils/cmsis/sam4s/source/templates/gcc/startup_sam4s.o
                0x00400000                exception_table
 *(.text .text.* .gnu.linkonce.t.*)
 .text          0x004000cc       0x54 c:/program files (x86)/atmel/atmel toolchain/arm gcc/native/4.8.1437/arm-gnu-toolchain/bin/../lib/gcc/arm-none-eabi/4.8.4/armv7e-m/crtbegin.o
 .text._read    0x00400120       0x40 src/ASF/common/utils/stdio/read.o
                0x00400120                _read
 .text._write   0x00400160       0x54 src/ASF/common/utils/stdio/write.o
                0x00400160                _write
 .text.sysclk_init
                0x004001b4       0x64 src/ASF/common/services/clock/sam4s/sysclk.o
                0x004001b4                sysclk_init
 .text.pmc_switch_mck_to_pllack
                0x00400218       0x64 src/ASF/sam/drivers/pmc/pmc.o
                0x00400218                pmc_switch_mck_to_pllack
 .text.pmc_switch_mainck_to_xtal
                0x0040027c       0x54 src/ASF/sam/drivers/pmc/pmc.o
                0x0040027c                pmc_switch_mainck_to_xtal
 .text.pmc_osc_is_ready_mainck
                0x004002d0       0x10 src/ASF/sam/drivers/pmc/pmc.o
                0x004002d0                pmc_osc_is_ready_mainck
 .text.pmc_disable_pllack
                0x004002e0       0x10 src/ASF/sam/drivers/pmc/pmc.o
                0x004002e0                pmc_disable_pllack
 .text.pmc_is_locked_pllack
                0x004002f0       0x10 src/ASF/sam/drivers/pmc/pmc.o
                0x004002f0                pmc_is_locked_pllack
 .text.pmc_enable_periph_clk
                0x00400300       0x58 src/ASF/sam/drivers/pmc/pmc.o
                0x00400300                pmc_enable_periph_clk
 .text.uart_write
                0x00400358       0x10 src/ASF/sam/drivers/uart/uart.o
                0x00400358                uart_write
 .text.uart_read
                0x00400368       0x14 src/ASF/sam/drivers/uart/uart.o
                0x00400368                uart_read
 .text.usart_reset
                0x0040037c       0x30 src/ASF/sam/drivers/usart/usart.o
                0x0040037c                usart_reset
 .text.usart_init_rs232
                0x004003ac       0x98 src/ASF/sam/drivers/usart/usart.o
                0x004003ac                usart_init_rs232
 .text.usart_enable_tx
                0x00400444        0x8 src/ASF/sam/drivers/usart/usart.o
                0x00400444                usart_enable_tx
 .text.usart_enable_rx
                0x0040044c        0x8 src/ASF/sam/drivers/usart/usart.o
                0x0040044c                usart_enable_rx
 .text.usart_write
                0x00400454       0x14 src/ASF/sam/drivers/usart/usart.o
                0x00400454                usart_write
 .text.usart_read
                0x00400468       0x18 src/ASF/sam/drivers/usart/usart.o
                0x00400468                usart_read
 .text.board_init
                0x00400480        0x4 src/ASF/common/boards/user_board/init.o
                0x00400480                board_init
 .text.Dummy_Handler
                0x00400484        0x4 src/ASF/sam/utils/cmsis/sam4s/source/templates/gcc/startup_sam4s.o
                0x00400484                DACC_Handler
                0x00400484                DebugMon_Handler
                0x00400484                HardFault_Handler
                0x00400484                TC2_Handler
                0x00400484                SPI_Handler
                0x00400484                SysTick_Handler
                0x00400484                TWI1_Handler
                0x00400484                PendSV_Handler
                0x00400484                NMI_Handler
                0x00400484                ADC_Handler
                0x00400484                CRCCU_Handler
                0x00400484                USART0_Handler
                0x00400484                RTT_Handler
                0x00400484                PIOB_Handler
                0x00400484                RTC_Handler
                0x00400484                UsageFault_Handler
                0x00400484                WDT_Handler
                0x00400484                TC4_Handler
                0x00400484                TC1_Handler
                0x00400484                HSMCI_Handler
                0x00400484                UART1_Handler
                0x00400484                TC3_Handler
                0x00400484                Dummy_Handler
                0x00400484                TWI0_Handler
                0x00400484                USART1_Handler
                0x00400484                PIOA_Handler
                0x00400484                SSC_Handler
                0x00400484                EFC0_Handler
                0x00400484                ACC_Handler
                0x00400484                PMC_Handler
                0x00400484                PWM_Handler
                0x00400484                MemManage_Handler
                0x00400484                SUPC_Handler
                0x00400484                SVC_Handler
                0x00400484                UART0_Handler
                0x00400484                PIOC_Handler
                0x00400484                UDP_Handler
                0x00400484                BusFault_Handler
                0x00400484                RSTC_Handler
                0x00400484                TC0_Handler
                0x00400484                TC5_Handler
 .text.Reset_Handler
                0x00400488       0xb4 src/ASF/sam/utils/cmsis/sam4s/source/templates/gcc/startup_sam4s.o
                0x00400488                Reset_Handler
 .text.SystemCoreClockUpdate
                0x0040053c      0x114 src/ASF/sam/utils/cmsis/sam4s/source/templates/system_sam4s.o
                0x0040053c                SystemCoreClockUpdate
 .text.system_init_flash
                0x00400650       0x74 src/ASF/sam/utils/cmsis/sam4s/source/templates/system_sam4s.o
                0x00400650                system_init_flash
 .text._sbrk    0x004006c4       0x34 src/ASF/sam/utils/syscalls/gcc/syscalls.o
                0x004006c4                _sbrk
 .text._close   0x004006f8        0x8 src/ASF/sam/utils/syscalls/gcc/syscalls.o
                0x004006f8                _close
 .text._fstat   0x00400700        0xc src/ASF/sam/utils/syscalls/gcc/syscalls.o
                0x00400700                _fstat
 .text._isatty  0x0040070c        0x4 src/ASF/sam/utils/syscalls/gcc/syscalls.o
                0x0040070c                _isatty
 .text._lseek   0x00400710        0x4 src/ASF/sam/utils/syscalls/gcc/syscalls.o
                0x00400710                _lseek
 .text.usart_serial_getchar
                0x00400714       0x88 src/main.o
 .text.usart_serial_putchar
                0x0040079c       0x88 src/main.o
 .text.main     0x00400824       0xec src/main.o
                0x00400824                main
 .text.__libc_init_array
                0x00400910       0x50 c:/program files (x86)/atmel/atmel toolchain/arm gcc/native/4.8.1437/arm-gnu-toolchain/bin/../lib/gcc/arm-none-eabi/4.8.4/../../../../arm-none-eabi/lib/armv7e-m\libc.a(lib_a-init.o)
                0x00400910                __libc_init_array
 .text.iprintf  0x00400960       0x28 c:/program files (x86)/atmel/atmel toolchain/arm gcc/native/4.8.1437/arm-gnu-toolchain/bin/../lib/gcc/arm-none-eabi/4.8.4/../../../../arm-none-eabi/lib/armv7e-m\libc.a(lib_a-iprintf.o)
                0x00400960                iprintf
 .text.memset   0x00400988       0x94 c:/program files (x86)/atmel/atmel toolchain/arm gcc/native/4.8.1437/arm-gnu-toolchain/bin/../lib/gcc/arm-none-eabi/4.8.4/../../../../arm-none-eabi/lib/armv7e-m\libc.a(lib_a-memset.o)
                0x00400988                memset
 .text.setbuf   0x00400a1c       0x10 c:/program files (x86)/atmel/atmel toolchain/arm gcc/native/4.8.1437/arm-gnu-toolchain/bin/../lib/gcc/arm-none-eabi/4.8.4/../../../../arm-none-eabi/lib/armv7e-m\libc.a(lib_a-setbuf.o)
                0x00400a1c                setbuf
 .text.setvbuf  0x00400a2c      0x100 c:/program files (x86)/atmel/atmel toolchain/arm gcc/native/4.8.1437/arm-gnu-toolchain/bin/../lib/gcc/arm-none-eabi/4.8.4/../../../../arm-none-eabi/lib/armv7e-m\libc.a(lib_a-setvbuf.o)
                0x00400a2c                setvbuf
 .text.__sprint_r.part.0
                0x00400b2c       0x78 c:/program files (x86)/atmel/atmel toolchain/arm gcc/native/4.8.1437/arm-gnu-toolchain/bin/../lib/gcc/arm-none-eabi/4.8.4/../../../../arm-none-eabi/lib/armv7e-m\libc.a(lib_a-vfiprintf.o)
 .text._vfiprintf_r
                0x00400ba4      0xc54 c:/program files (x86)/atmel/atmel toolchain/arm gcc/native/4.8.1437/arm-gnu-toolchain/bin/../lib/gcc/arm-none-eabi/4.8.4/../../../../arm-none-eabi/lib/armv7e-m\libc.a(lib_a-vfiprintf.o)
                0x00400ba4                _vfiprintf_r
 .text.__sbprintf
                0x004017f8       0x78 c:/program files (x86)/atmel/atmel toolchain/arm gcc/native/4.8.1437/arm-gnu-toolchain/bin/../lib/gcc/arm-none-eabi/4.8.4/../../../../arm-none-eabi/lib/armv7e-m\libc.a(lib_a-vfiprintf.o)
 .text.__swsetup_r
                0x00401870       0xc4 c:/program files (x86)/atmel/atmel toolchain/arm gcc/native/4.8.1437/arm-gnu-toolchain/bin/../lib/gcc/arm-none-eabi/4.8.4/../../../../arm-none-eabi/lib/armv7e-m\libc.a(lib_a-wsetup.o)
                0x00401870                __swsetup_r
 .text.startup.register_fini
                0x00401934       0x14 c:/program files (x86)/atmel/atmel toolchain/arm gcc/native/4.8.1437/arm-gnu-toolchain/bin/../lib/gcc/arm-none-eabi/4.8.4/../../../../arm-none-eabi/lib/armv7e-m\libc.a(lib_a-__call_atexit.o)
 .text.atexit   0x00401948        0xc c:/program files (x86)/atmel/atmel toolchain/arm gcc/native/4.8.1437/arm-gnu-toolchain/bin/../lib/gcc/arm-none-eabi/4.8.4/../../../../arm-none-eabi/lib/armv7e-m\libc.a(lib_a-atexit.o)
                0x00401948                atexit
 .text.__sflush_r
                0x00401954      0x154 c:/program files (x86)/atmel/atmel toolchain/arm gcc/native/4.8.1437/arm-gnu-toolchain/bin/../lib/gcc/arm-none-eabi/4.8.4/../../../../arm-none-eabi/lib/armv7e-m\libc.a(lib_a-fflush.o)
                0x00401954                __sflush_r
 .text._fflush_r
                0x00401aa8       0x2c c:/program files (x86)/atmel/atmel toolchain/arm gcc/native/4.8.1437/arm-gnu-toolchain/bin/../lib/gcc/arm-none-eabi/4.8.4/../../../../arm-none-eabi/lib/armv7e-m\libc.a(lib_a-fflush.o)
                0x00401aa8                _fflush_r
 .text._cleanup_r
                0x00401ad4        0xc c:/program files (x86)/atmel/atmel toolchain/arm gcc/native/4.8.1437/arm-gnu-toolchain/bin/../lib/gcc/arm-none-eabi/4.8.4/../../../../arm-none-eabi/lib/armv7e-m\libc.a(lib_a-findfp.o)
                0x00401ad4                _cleanup_r
 .text.__sinit  0x00401ae0       0xf4 c:/program files (x86)/atmel/atmel toolchain/arm gcc/native/4.8.1437/arm-gnu-toolchain/bin/../lib/gcc/arm-none-eabi/4.8.4/../../../../arm-none-eabi/lib/armv7e-m\libc.a(lib_a-findfp.o)
                0x00401ae0                __sinit
 .text.__sfp_lock_acquire
                0x00401bd4        0x4 c:/program files (x86)/atmel/atmel toolchain/arm gcc/native/4.8.1437/arm-gnu-toolchain/bin/../lib/gcc/arm-none-eabi/4.8.4/../../../../arm-none-eabi/lib/armv7e-m\libc.a(lib_a-findfp.o)
                0x00401bd4                __sfp_lock_acquire
 .text.__sfp_lock_release
                0x00401bd8        0x4 c:/program files (x86)/atmel/atmel toolchain/arm gcc/native/4.8.1437/arm-gnu-toolchain/bin/../lib/gcc/arm-none-eabi/4.8.4/../../../../arm-none-eabi/lib/armv7e-m\libc.a(lib_a-findfp.o)
                0x00401bd8                __sfp_lock_release
 .text.__libc_fini_array
                0x00401bdc       0x30 c:/program files (x86)/atmel/atmel toolchain/arm gcc/native/4.8.1437/arm-gnu-toolchain/bin/../lib/gcc/arm-none-eabi/4.8.4/../../../../arm-none-eabi/lib/armv7e-m\libc.a(lib_a-fini.o)
                0x00401bdc                __libc_fini_array
 .text._fputwc_r
                0x00401c0c       0xbc c:/program files (x86)/atmel/atmel toolchain/arm gcc/native/4.8.1437/arm-gnu-toolchain/bin/../lib/gcc/arm-none-eabi/4.8.4/../../../../arm-none-eabi/lib/armv7e-m\libc.a(lib_a-fputwc.o)
                0x00401c0c                _fputwc_r
 .text._malloc_trim_r
                0x00401cc8       0x9c c:/program files (x86)/atmel/atmel toolchain/arm gcc/native/4.8.1437/arm-gnu-toolchain/bin/../lib/gcc/arm-none-eabi/4.8.4/../../../../arm-none-eabi/lib/armv7e-m\libc.a(lib_a-freer.o)
                0x00401cc8                _malloc_trim_r
 .text._free_r  0x00401d64      0x19c c:/program files (x86)/atmel/atmel toolchain/arm gcc/native/4.8.1437/arm-gnu-toolchain/bin/../lib/gcc/arm-none-eabi/4.8.4/../../../../arm-none-eabi/lib/armv7e-m\libc.a(lib_a-freer.o)
                0x00401d64                _free_r
 .text.__sfvwrite_r
                0x00401f00      0x318 c:/program files (x86)/atmel/atmel toolchain/arm gcc/native/4.8.1437/arm-gnu-toolchain/bin/../lib/gcc/arm-none-eabi/4.8.4/../../../../arm-none-eabi/lib/armv7e-m\libc.a(lib_a-fvwrite.o)
                0x00401f00                __sfvwrite_r
 .text._fwalk   0x00402218       0x4c c:/program files (x86)/atmel/atmel toolchain/arm gcc/native/4.8.1437/arm-gnu-toolchain/bin/../lib/gcc/arm-none-eabi/4.8.4/../../../../arm-none-eabi/lib/armv7e-m\libc.a(lib_a-fwalk.o)
                0x00402218                _fwalk
 .text.__locale_charset
                0x00402264        0x8 c:/program files (x86)/atmel/atmel toolchain/arm gcc/native/4.8.1437/arm-gnu-toolchain/bin/../lib/gcc/arm-none-eabi/4.8.4/../../../../arm-none-eabi/lib/armv7e-m\libc.a(lib_a-locale.o)
                0x00402264                __locale_charset
 .text.__locale_mb_cur_max
                0x0040226c        0xc c:/program files (x86)/atmel/atmel toolchain/arm gcc/native/4.8.1437/arm-gnu-toolchain/bin/../lib/gcc/arm-none-eabi/4.8.4/../../../../arm-none-eabi/lib/armv7e-m\libc.a(lib_a-locale.o)
                0x0040226c                __locale_mb_cur_max
 .text.__smakebuf_r
                0x00402278       0xe0 c:/program files (x86)/atmel/atmel toolchain/arm gcc/native/4.8.1437/arm-gnu-toolchain/bin/../lib/gcc/arm-none-eabi/4.8.4/../../../../arm-none-eabi/lib/armv7e-m\libc.a(lib_a-makebuf.o)
                0x00402278                __smakebuf_r
 .text.malloc   0x00402358       0x10 c:/program files (x86)/atmel/atmel toolchain/arm gcc/native/4.8.1437/arm-gnu-toolchain/bin/../lib/gcc/arm-none-eabi/4.8.4/../../../../arm-none-eabi/lib/armv7e-m\libc.a(lib_a-malloc.o)
                0x00402358                malloc
 .text._malloc_r
                0x00402368      0x538 c:/program files (x86)/atmel/atmel toolchain/arm gcc/native/4.8.1437/arm-gnu-toolchain/bin/../lib/gcc/arm-none-eabi/4.8.4/../../../../arm-none-eabi/lib/armv7e-m\libc.a(lib_a-mallocr.o)
                0x00402368                _malloc_r
 .text.memchr   0x004028a0       0x90 c:/program files (x86)/atmel/atmel toolchain/arm gcc/native/4.8.1437/arm-gnu-toolchain/bin/../lib/gcc/arm-none-eabi/4.8.4/../../../../arm-none-eabi/lib/armv7e-m\libc.a(lib_a-memchr-stub.o)
                0x004028a0                memchr
 .text          0x00402930      0x134 c:/program files (x86)/atmel/atmel toolchain/arm gcc/native/4.8.1437/arm-gnu-toolchain/bin/../lib/gcc/arm-none-eabi/4.8.4/../../../../arm-none-eabi/lib/armv7e-m\libc.a(lib_a-memcpy.o)
                0x00402930                memcpy
 .text.memmove  0x00402a64       0xc0 c:/program files (x86)/atmel/atmel toolchain/arm gcc/native/4.8.1437/arm-gnu-toolchain/bin/../lib/gcc/arm-none-eabi/4.8.4/../../../../arm-none-eabi/lib/armv7e-m\libc.a(lib_a-memmove.o)
                0x00402a64                memmove
 .text.__malloc_lock
                0x00402b24        0x4 c:/program files (x86)/atmel/atmel toolchain/arm gcc/native/4.8.1437/arm-gnu-toolchain/bin/../lib/gcc/arm-none-eabi/4.8.4/../../../../arm-none-eabi/lib/armv7e-m\libc.a(lib_a-mlock.o)
                0x00402b24                __malloc_lock
 .text.__malloc_unlock
                0x00402b28        0x4 c:/program files (x86)/atmel/atmel toolchain/arm gcc/native/4.8.1437/arm-gnu-toolchain/bin/../lib/gcc/arm-none-eabi/4.8.4/../../../../arm-none-eabi/lib/armv7e-m\libc.a(lib_a-mlock.o)
                0x00402b28                __malloc_unlock
 .text._realloc_r
                0x00402b2c      0x3cc c:/program files (x86)/atmel/atmel toolchain/arm gcc/native/4.8.1437/arm-gnu-toolchain/bin/../lib/gcc/arm-none-eabi/4.8.4/../../../../arm-none-eabi/lib/armv7e-m\libc.a(lib_a-reallocr.o)
                0x00402b2c                _realloc_r
 .text._sbrk_r  0x00402ef8       0x24 c:/program files (x86)/atmel/atmel toolchain/arm gcc/native/4.8.1437/arm-gnu-toolchain/bin/../lib/gcc/arm-none-eabi/4.8.4/../../../../arm-none-eabi/lib/armv7e-m\libc.a(lib_a-sbrkr.o)
                0x00402ef8                _sbrk_r
 .text.__sread  0x00402f1c       0x24 c:/program files (x86)/atmel/atmel toolchain/arm gcc/native/4.8.1437/arm-gnu-toolchain/bin/../lib/gcc/arm-none-eabi/4.8.4/../../../../arm-none-eabi/lib/armv7e-m\libc.a(lib_a-stdio.o)
                0x00402f1c                __sread
 .text.__swrite
                0x00402f40       0x38 c:/program files (x86)/atmel/atmel toolchain/arm gcc/native/4.8.1437/arm-gnu-toolchain/bin/../lib/gcc/arm-none-eabi/4.8.4/../../../../arm-none-eabi/lib/armv7e-m\libc.a(lib_a-stdio.o)
                0x00402f40                __swrite
 .text.__sseek  0x00402f78       0x20 c:/program files (x86)/atmel/atmel toolchain/arm gcc/native/4.8.1437/arm-gnu-toolchain/bin/../lib/gcc/arm-none-eabi/4.8.4/../../../../arm-none-eabi/lib/armv7e-m\libc.a(lib_a-stdio.o)
                0x00402f78                __sseek
 .text.__sclose
                0x00402f98        0x8 c:/program files (x86)/atmel/atmel toolchain/arm gcc/native/4.8.1437/arm-gnu-toolchain/bin/../lib/gcc/arm-none-eabi/4.8.4/../../../../arm-none-eabi/lib/armv7e-m\libc.a(lib_a-stdio.o)
                0x00402f98                __sclose
 .text.strlen   0x00402fa0       0x60 c:/program files (x86)/atmel/atmel toolchain/arm gcc/native/4.8.1437/arm-gnu-toolchain/bin/../lib/gcc/arm-none-eabi/4.8.4/../../../../arm-none-eabi/lib/armv7e-m\libc.a(lib_a-strlen.o)
                0x00402fa0                strlen
 .text.__swbuf_r
                0x00403000       0xa8 c:/program files (x86)/atmel/atmel toolchain/arm gcc/native/4.8.1437/arm-gnu-toolchain/bin/../lib/gcc/arm-none-eabi/4.8.4/../../../../arm-none-eabi/lib/armv7e-m\libc.a(lib_a-wbuf.o)
                0x00403000                __swbuf_r
 .text._wcrtomb_r
                0x004030a8       0x50 c:/program files (x86)/atmel/atmel toolchain/arm gcc/native/4.8.1437/arm-gnu-toolchain/bin/../lib/gcc/arm-none-eabi/4.8.4/../../../../arm-none-eabi/lib/armv7e-m\libc.a(lib_a-wcrtomb.o)
                0x004030a8                _wcrtomb_r
 .text.__ascii_wctomb
                0x004030f8       0x1c c:/program files (x86)/atmel/atmel toolchain/arm gcc/native/4.8.1437/arm-gnu-toolchain/bin/../lib/gcc/arm-none-eabi/4.8.4/../../../../arm-none-eabi/lib/armv7e-m\libc.a(lib_a-wctomb_r.o)
                0x004030f8                __ascii_wctomb
 .text._write_r
                0x00403114       0x28 c:/program files (x86)/atmel/atmel toolchain/arm gcc/native/4.8.1437/arm-gnu-toolchain/bin/../lib/gcc/arm-none-eabi/4.8.4/../../../../arm-none-eabi/lib/armv7e-m\libc.a(lib_a-writer.o)
                0x00403114                _write_r
 .text.__register_exitproc
                0x0040313c       0xa8 c:/program files (x86)/atmel/atmel toolchain/arm gcc/native/4.8.1437/arm-gnu-toolchain/bin/../lib/gcc/arm-none-eabi/4.8.4/../../../../arm-none-eabi/lib/armv7e-m\libc.a(lib_a-__atexit.o)
                0x0040313c                __register_exitproc
 .text._close_r
                0x004031e4       0x24 c:/program files (x86)/atmel/atmel toolchain/arm gcc/native/4.8.1437/arm-gnu-toolchain/bin/../lib/gcc/arm-none-eabi/4.8.4/../../../../arm-none-eabi/lib/armv7e-m\libc.a(lib_a-closer.o)
                0x004031e4                _close_r
 .text._fclose_r
                0x00403208       0x80 c:/program files (x86)/atmel/atmel toolchain/arm gcc/native/4.8.1437/arm-gnu-toolchain/bin/../lib/gcc/arm-none-eabi/4.8.4/../../../../arm-none-eabi/lib/armv7e-m\libc.a(lib_a-fclose.o)
                0x00403208                _fclose_r
 .text.fclose   0x00403288       0x10 c:/program files (x86)/atmel/atmel toolchain/arm gcc/native/4.8.1437/arm-gnu-toolchain/bin/../lib/gcc/arm-none-eabi/4.8.4/../../../../arm-none-eabi/lib/armv7e-m\libc.a(lib_a-fclose.o)
                0x00403288                fclose
 .text._fstat_r
                0x00403298       0x28 c:/program files (x86)/atmel/atmel toolchain/arm gcc/native/4.8.1437/arm-gnu-toolchain/bin/../lib/gcc/arm-none-eabi/4.8.4/../../../../arm-none-eabi/lib/armv7e-m\libc.a(lib_a-fstatr.o)
                0x00403298                _fstat_r
 .text._isatty_r
                0x004032c0       0x24 c:/program files (x86)/atmel/atmel toolchain/arm gcc/native/4.8.1437/arm-gnu-toolchain/bin/../lib/gcc/arm-none-eabi/4.8.4/../../../../arm-none-eabi/lib/armv7e-m\libc.a(lib_a-isattyr.o)
                0x004032c0                _isatty_r
 .text._lseek_r
                0x004032e4       0x28 c:/program files (x86)/atmel/atmel toolchain/arm gcc/native/4.8.1437/arm-gnu-toolchain/bin/../lib/gcc/arm-none-eabi/4.8.4/../../../../arm-none-eabi/lib/armv7e-m\libc.a(lib_a-lseekr.o)
                0x004032e4                _lseek_r
 .text._read_r  0x0040330c       0x28 c:/program files (x86)/atmel/atmel toolchain/arm gcc/native/4.8.1437/arm-gnu-toolchain/bin/../lib/gcc/arm-none-eabi/4.8.4/../../../../arm-none-eabi/lib/armv7e-m\libc.a(lib_a-readr.o)
                0x0040330c                _read_r
 .text          0x00403334       0x2c c:/program files (x86)/atmel/atmel toolchain/arm gcc/native/4.8.1437/arm-gnu-toolchain/bin/../lib/gcc/arm-none-eabi/4.8.4/armv7e-m\libgcc.a(_aeabi_uldivmod.o)
                0x00403334                __aeabi_uldivmod
 .text          0x00403360       0x60 c:/program files (x86)/atmel/atmel toolchain/arm gcc/native/4.8.1437/arm-gnu-toolchain/bin/../lib/gcc/arm-none-eabi/4.8.4/armv7e-m\libgcc.a(bpabi.o)
                0x00403360                __gnu_ldivmod_helper
                0x00403390                __gnu_uldivmod_helper
 .text          0x004033c0        0x4 c:/program files (x86)/atmel/atmel toolchain/arm gcc/native/4.8.1437/arm-gnu-toolchain/bin/../lib/gcc/arm-none-eabi/4.8.4/armv7e-m\libgcc.a(_dvmd_tls.o)
                0x004033c0                __aeabi_idiv0
                0x004033c0                __aeabi_ldiv0
 .text          0x004033c4      0x298 c:/program files (x86)/atmel/atmel toolchain/arm gcc/native/4.8.1437/arm-gnu-toolchain/bin/../lib/gcc/arm-none-eabi/4.8.4/armv7e-m\libgcc.a(_divdi3.o)
                0x004033c4                __divdi3
 .text          0x0040365c      0x284 c:/program files (x86)/atmel/atmel toolchain/arm gcc/native/4.8.1437/arm-gnu-toolchain/bin/../lib/gcc/arm-none-eabi/4.8.4/armv7e-m\libgcc.a(_udivdi3.o)
                0x0040365c                __udivdi3
 *(.glue_7t)
 .glue_7t       0x00000000        0x0 linker stubs
 *(.glue_7)
 .glue_7        0x00000000        0x0 linker stubs
 *(.rodata .rodata* .gnu.linkonce.r.*)
 .rodata.str1.4
                0x004038e0        0x6 src/main.o
                                  0x8 (size before relaxing)
 *fill*         0x004038e6        0x2 
 .rodata.str1.4
                0x004038e8        0x2 c:/program files (x86)/atmel/atmel toolchain/arm gcc/native/4.8.1437/arm-gnu-toolchain/bin/../lib/gcc/arm-none-eabi/4.8.4/../../../../arm-none-eabi/lib/armv7e-m\libc.a(lib_a-impure.o)
                                  0x4 (size before relaxing)
 *fill*         0x004038ea        0x2 
 .rodata._global_impure_ptr
                0x004038ec        0x4 c:/program files (x86)/atmel/atmel toolchain/arm gcc/native/4.8.1437/arm-gnu-toolchain/bin/../lib/gcc/arm-none-eabi/4.8.4/../../../../arm-none-eabi/lib/armv7e-m\libc.a(lib_a-impure.o)
                0x004038ec                _global_impure_ptr
 .rodata.str1.4
                0x004038f0       0x30 c:/program files (x86)/atmel/atmel toolchain/arm gcc/native/4.8.1437/arm-gnu-toolchain/bin/../lib/gcc/arm-none-eabi/4.8.4/../../../../arm-none-eabi/lib/armv7e-m\libc.a(lib_a-vfiprintf.o)
 .rodata.zeroes.6721
                0x00403920       0x10 c:/program files (x86)/atmel/atmel toolchain/arm gcc/native/4.8.1437/arm-gnu-toolchain/bin/../lib/gcc/arm-none-eabi/4.8.4/../../../../arm-none-eabi/lib/armv7e-m\libc.a(lib_a-vfiprintf.o)
 .rodata.blanks.6720
                0x00403930       0x10 c:/program files (x86)/atmel/atmel toolchain/arm gcc/native/4.8.1437/arm-gnu-toolchain/bin/../lib/gcc/arm-none-eabi/4.8.4/../../../../arm-none-eabi/lib/armv7e-m\libc.a(lib_a-vfiprintf.o)
 *(.ARM.extab* .gnu.linkonce.armextab.*)
                0x00403940                . = ALIGN (0x4)
 *(.init)
 .init          0x00403940        0x4 c:/program files (x86)/atmel/atmel toolchain/arm gcc/native/4.8.1437/arm-gnu-toolchain/bin/../lib/gcc/arm-none-eabi/4.8.4/armv7e-m/crti.o
                0x00403940                _init
 .init          0x00403944        0x8 c:/program files (x86)/atmel/atmel toolchain/arm gcc/native/4.8.1437/arm-gnu-toolchain/bin/../lib/gcc/arm-none-eabi/4.8.4/armv7e-m/crtn.o
                0x0040394c                . = ALIGN (0x4)
                0x0040394c                __preinit_array_start = .
 *(.preinit_array)
                0x0040394c                __preinit_array_end = .
                0x0040394c                . = ALIGN (0x4)
                0x0040394c                __init_array_start = .
 *(SORT(.init_array.*))
 .init_array.00000
                0x0040394c        0x4 c:/program files (x86)/atmel/atmel toolchain/arm gcc/native/4.8.1437/arm-gnu-toolchain/bin/../lib/gcc/arm-none-eabi/4.8.4/../../../../arm-none-eabi/lib/armv7e-m\libc.a(lib_a-__call_atexit.o)
 *(.init_array)
 .init_array    0x00403950        0x4 c:/program files (x86)/atmel/atmel toolchain/arm gcc/native/4.8.1437/arm-gnu-toolchain/bin/../lib/gcc/arm-none-eabi/4.8.4/armv7e-m/crtbegin.o
                0x00403954                __init_array_end = .
                0x00403954                . = ALIGN (0x4)
 *crtbegin.o(.ctors)
 *(EXCLUDE_FILE(*crtend.o) .ctors)
 *(SORT(.ctors.*))
 *crtend.o(.ctors)
                0x00403954                . = ALIGN (0x4)
 *(.fini)
 .fini          0x00403954        0x4 c:/program files (x86)/atmel/atmel toolchain/arm gcc/native/4.8.1437/arm-gnu-toolchain/bin/../lib/gcc/arm-none-eabi/4.8.4/armv7e-m/crti.o
                0x00403954                _fini
 .fini          0x00403958        0x8 c:/program files (x86)/atmel/atmel toolchain/arm gcc/native/4.8.1437/arm-gnu-toolchain/bin/../lib/gcc/arm-none-eabi/4.8.4/armv7e-m/crtn.o
                0x00403960                . = ALIGN (0x4)
                0x00403960                __fini_array_start = .
 *(.fini_array)
 .fini_array    0x00403960        0x4 c:/program files (x86)/atmel/atmel toolchain/arm gcc/native/4.8.1437/arm-gnu-toolchain/bin/../lib/gcc/arm-none-eabi/4.8.4/armv7e-m/crtbegin.o
 *(SORT(.fini_array.*))
                0x00403964                __fini_array_end = .
 *crtbegin.o(.dtors)
 *(EXCLUDE_FILE(*crtend.o) .dtors)
 *(SORT(.dtors.*))
 *crtend.o(.dtors)
                0x00403964                . = ALIGN (0x4)
                0x00403964                _efixed = .
                0x00403964                PROVIDE (__exidx_start, .)

.vfp11_veneer   0x00403964        0x0
 .vfp11_veneer  0x00000000        0x0 linker stubs

.v4_bx          0x00403964        0x0
 .v4_bx         0x00000000        0x0 linker stubs

.iplt           0x00403964        0x0
 .iplt          0x00000000        0x0 c:/program files (x86)/atmel/atmel toolchain/arm gcc/native/4.8.1437/arm-gnu-toolchain/bin/../lib/gcc/arm-none-eabi/4.8.4/armv7e-m/crtbegin.o

.ARM.exidx      0x00403964        0x8
 *(.ARM.exidx* .gnu.linkonce.armexidx.*)
 .ARM.exidx     0x00403964        0x8 c:/program files (x86)/atmel/atmel toolchain/arm gcc/native/4.8.1437/arm-gnu-toolchain/bin/../lib/gcc/arm-none-eabi/4.8.4/armv7e-m\libgcc.a(_divdi3.o)
 .ARM.exidx     0x0040396c        0x0 c:/program files (x86)/atmel/atmel toolchain/arm gcc/native/4.8.1437/arm-gnu-toolchain/bin/../lib/gcc/arm-none-eabi/4.8.4/armv7e-m\libgcc.a(_udivdi3.o)
                                  0x8 (size before relaxing)
                0x0040396c                PROVIDE (__exidx_end, .)

.eh_frame       0x0040396c        0x0
 .eh_frame      0x0040396c        0x0 c:/program files (x86)/atmel/atmel toolchain/arm gcc/native/4.8.1437/arm-gnu-toolchain/bin/../lib/gcc/arm-none-eabi/4.8.4/armv7e-m/crtbegin.o

.rel.dyn        0x0040396c        0x0
 .rel.iplt      0x00000000        0x0 c:/program files (x86)/atmel/atmel toolchain/arm gcc/native/4.8.1437/arm-gnu-toolchain/bin/../lib/gcc/arm-none-eabi/4.8.4/armv7e-m/crtbegin.o

.jcr            0x0040396c        0x0
 .jcr           0x0040396c        0x0 c:/program files (x86)/atmel/atmel toolchain/arm gcc/native/4.8.1437/arm-gnu-toolchain/bin/../lib/gcc/arm-none-eabi/4.8.4/armv7e-m/crtbegin.o

.igot.plt       0x0040396c        0x0
 .igot.plt      0x00000000        0x0 c:/program files (x86)/atmel/atmel toolchain/arm gcc/native/4.8.1437/arm-gnu-toolchain/bin/../lib/gcc/arm-none-eabi/4.8.4/armv7e-m/crtbegin.o
                0x0040396c                . = ALIGN (0x4)
                0x0040396c                _etext = .

.relocate       0x20000000      0x86c load address 0x0040396c
                0x20000000                . = ALIGN (0x4)
                0x20000000                _srelocate = .
 *(.ramfunc .ramfunc.*)
 *(.data .data.*)
 .data.SystemCoreClock
                0x20000000        0x4 src/ASF/sam/utils/cmsis/sam4s/source/templates/system_sam4s.o
                0x20000000                SystemCoreClock
 *fill*         0x20000004        0x4 
 .data.impure_data
                0x20000008      0x428 c:/program files (x86)/atmel/atmel toolchain/arm gcc/native/4.8.1437/arm-gnu-toolchain/bin/../lib/gcc/arm-none-eabi/4.8.4/../../../../arm-none-eabi/lib/armv7e-m\libc.a(lib_a-impure.o)
 .data._impure_ptr
                0x20000430        0x4 c:/program files (x86)/atmel/atmel toolchain/arm gcc/native/4.8.1437/arm-gnu-toolchain/bin/../lib/gcc/arm-none-eabi/4.8.4/../../../../arm-none-eabi/lib/armv7e-m\libc.a(lib_a-impure.o)
                0x20000430                _impure_ptr
 .data.lc_ctype_charset
                0x20000434       0x20 c:/program files (x86)/atmel/atmel toolchain/arm gcc/native/4.8.1437/arm-gnu-toolchain/bin/../lib/gcc/arm-none-eabi/4.8.4/../../../../arm-none-eabi/lib/armv7e-m\libc.a(lib_a-locale.o)
 .data.__mb_cur_max
                0x20000454        0x4 c:/program files (x86)/atmel/atmel toolchain/arm gcc/native/4.8.1437/arm-gnu-toolchain/bin/../lib/gcc/arm-none-eabi/4.8.4/../../../../arm-none-eabi/lib/armv7e-m\libc.a(lib_a-locale.o)
                0x20000454                __mb_cur_max
 .data.__malloc_av_
                0x20000458      0x408 c:/program files (x86)/atmel/atmel toolchain/arm gcc/native/4.8.1437/arm-gnu-toolchain/bin/../lib/gcc/arm-none-eabi/4.8.4/../../../../arm-none-eabi/lib/armv7e-m\libc.a(lib_a-mallocr.o)
                0x20000458                __malloc_av_
 .data.__malloc_trim_threshold
                0x20000860        0x4 c:/program files (x86)/atmel/atmel toolchain/arm gcc/native/4.8.1437/arm-gnu-toolchain/bin/../lib/gcc/arm-none-eabi/4.8.4/../../../../arm-none-eabi/lib/armv7e-m\libc.a(lib_a-mallocr.o)
                0x20000860                __malloc_trim_threshold
 .data.__malloc_sbrk_base
                0x20000864        0x4 c:/program files (x86)/atmel/atmel toolchain/arm gcc/native/4.8.1437/arm-gnu-toolchain/bin/../lib/gcc/arm-none-eabi/4.8.4/../../../../arm-none-eabi/lib/armv7e-m\libc.a(lib_a-mallocr.o)
                0x20000864                __malloc_sbrk_base
 .data.__wctomb
                0x20000868        0x4 c:/program files (x86)/atmel/atmel toolchain/arm gcc/native/4.8.1437/arm-gnu-toolchain/bin/../lib/gcc/arm-none-eabi/4.8.4/../../../../arm-none-eabi/lib/armv7e-m\libc.a(lib_a-wctomb_r.o)
                0x20000868                __wctomb
                0x2000086c                . = ALIGN (0x4)
                0x2000086c                _erelocate = .

.bss            0x2000086c       0x68 load address 0x004041d8
                0x2000086c                . = ALIGN (0x4)
                0x2000086c                _sbss = .
                0x2000086c                _szero = .
 *(.bss .bss.*)
 .bss           0x2000086c       0x1c c:/program files (x86)/atmel/atmel toolchain/arm gcc/native/4.8.1437/arm-gnu-toolchain/bin/../lib/gcc/arm-none-eabi/4.8.4/armv7e-m/crtbegin.o
 .bss.ul_reg_val.7249
                0x20000888        0x4 src/ASF/sam/drivers/usart/usart.o
 .bss.heap.5098
                0x2000088c        0x4 src/ASF/sam/utils/syscalls/gcc/syscalls.o
 .bss.__malloc_max_total_mem
                0x20000890        0x4 c:/program files (x86)/atmel/atmel toolchain/arm gcc/native/4.8.1437/arm-gnu-toolchain/bin/../lib/gcc/arm-none-eabi/4.8.4/../../../../arm-none-eabi/lib/armv7e-m\libc.a(lib_a-mallocr.o)
                0x20000890                __malloc_max_total_mem
 .bss.__malloc_max_sbrked_mem
                0x20000894        0x4 c:/program files (x86)/atmel/atmel toolchain/arm gcc/native/4.8.1437/arm-gnu-toolchain/bin/../lib/gcc/arm-none-eabi/4.8.4/../../../../arm-none-eabi/lib/armv7e-m\libc.a(lib_a-mallocr.o)
                0x20000894                __malloc_max_sbrked_mem
 .bss.__malloc_top_pad
                0x20000898        0x4 c:/program files (x86)/atmel/atmel toolchain/arm gcc/native/4.8.1437/arm-gnu-toolchain/bin/../lib/gcc/arm-none-eabi/4.8.4/../../../../arm-none-eabi/lib/armv7e-m\libc.a(lib_a-mallocr.o)
                0x20000898                __malloc_top_pad
 .bss.__malloc_current_mallinfo
                0x2000089c       0x28 c:/program files (x86)/atmel/atmel toolchain/arm gcc/native/4.8.1437/arm-gnu-toolchain/bin/../lib/gcc/arm-none-eabi/4.8.4/../../../../arm-none-eabi/lib/armv7e-m\libc.a(lib_a-mallocr.o)
                0x2000089c                __malloc_current_mallinfo
 *(COMMON)
 COMMON         0x200008c4        0x4 src/ASF/common/utils/stdio/read.o
                0x200008c4                ptr_get
 COMMON         0x200008c8        0x8 src/ASF/common/utils/stdio/write.o
                0x200008c8                ptr_put
                0x200008cc                stdio_base
 COMMON         0x200008d0        0x4 c:/program files (x86)/atmel/atmel toolchain/arm gcc/native/4.8.1437/arm-gnu-toolchain/bin/../lib/gcc/arm-none-eabi/4.8.4/../../../../arm-none-eabi/lib/armv7e-m\libc.a(lib_a-reent.o)
                0x200008d0                errno
                0x200008d4                . = ALIGN (0x4)
                0x200008d4                _ebss = .
                0x200008d4                _ezero = .

.stack          0x200008d4     0x3004 load address 0x00404240
                0x200008d8                . = ALIGN (0x8)
 *fill*         0x200008d4        0x4 
                0x200008d8                _sstack = .
                0x200038d8                . = (. + __stack_size__)
 *fill*         0x200008d8     0x3000 
                0x200038d8                . = ALIGN (0x8)
                0x200038d8                _estack = .
                0x200038d8                . = ALIGN (0x4)
                0x200038d8                _end = .
OUTPUT(wcp52fw.elf elf32-littlearm)

.ARM.attributes
                0x00000000       0x2a
 .ARM.attributes
                0x00000000       0x1e c:/program files (x86)/atmel/atmel toolchain/arm gcc/native/4.8.1437/arm-gnu-toolchain/bin/../lib/gcc/arm-none-eabi/4.8.4/armv7e-m/crti.o
 .ARM.attributes
                0x0000001e       0x2e c:/program files (x86)/atmel/atmel toolchain/arm gcc/native/4.8.1437/arm-gnu-toolchain/bin/../lib/gcc/arm-none-eabi/4.8.4/armv7e-m/crtbegin.o
 .ARM.attributes
                0x0000004c       0x33 src/ASF/common/utils/stdio/read.o
 .ARM.attributes
                0x0000007f       0x33 src/ASF/common/utils/stdio/write.o
 .ARM.attributes
                0x000000b2       0x33 src/ASF/common/services/clock/sam4s/sysclk.o
 .ARM.attributes
                0x000000e5       0x33 src/ASF/sam/drivers/pmc/pmc.o
 .ARM.attributes
                0x00000118       0x33 src/ASF/sam/drivers/uart/uart.o
 .ARM.attributes
                0x0000014b       0x33 src/ASF/sam/drivers/usart/usart.o
 .ARM.attributes
                0x0000017e       0x33 src/ASF/common/boards/user_board/init.o
 .ARM.attributes
                0x000001b1       0x33 src/ASF/sam/utils/cmsis/sam4s/source/templates/gcc/startup_sam4s.o
 .ARM.attributes
                0x000001e4       0x33 src/ASF/sam/utils/cmsis/sam4s/source/templates/system_sam4s.o
 .ARM.attributes
                0x00000217       0x33 src/ASF/sam/utils/syscalls/gcc/syscalls.o
 .ARM.attributes
                0x0000024a       0x33 src/main.o
 .ARM.attributes
                0x0000027d       0x2e c:/program files (x86)/atmel/atmel toolchain/arm gcc/native/4.8.1437/arm-gnu-toolchain/bin/../lib/gcc/arm-none-eabi/4.8.4/../../../../arm-none-eabi/lib/armv7e-m\libc.a(lib_a-impure.o)
 .ARM.attributes
                0x000002ab       0x2e c:/program files (x86)/atmel/atmel toolchain/arm gcc/native/4.8.1437/arm-gnu-toolchain/bin/../lib/gcc/arm-none-eabi/4.8.4/../../../../arm-none-eabi/lib/armv7e-m\libc.a(lib_a-init.o)
 .ARM.attributes
                0x000002d9       0x2e c:/program files (x86)/atmel/atmel toolchain/arm gcc/native/4.8.1437/arm-gnu-toolchain/bin/../lib/gcc/arm-none-eabi/4.8.4/../../../../arm-none-eabi/lib/armv7e-m\libc.a(lib_a-iprintf.o)
 .ARM.attributes
                0x00000307       0x2e c:/program files (x86)/atmel/atmel toolchain/arm gcc/native/4.8.1437/arm-gnu-toolchain/bin/../lib/gcc/arm-none-eabi/4.8.4/../../../../arm-none-eabi/lib/armv7e-m\libc.a(lib_a-memset.o)
 .ARM.attributes
                0x00000335       0x2e c:/program files (x86)/atmel/atmel toolchain/arm gcc/native/4.8.1437/arm-gnu-toolchain/bin/../lib/gcc/arm-none-eabi/4.8.4/../../../../arm-none-eabi/lib/armv7e-m\libc.a(lib_a-setbuf.o)
 .ARM.attributes
                0x00000363       0x2e c:/program files (x86)/atmel/atmel toolchain/arm gcc/native/4.8.1437/arm-gnu-toolchain/bin/../lib/gcc/arm-none-eabi/4.8.4/../../../../arm-none-eabi/lib/armv7e-m\libc.a(lib_a-setvbuf.o)
 .ARM.attributes
                0x00000391       0x2e c:/program files (x86)/atmel/atmel toolchain/arm gcc/native/4.8.1437/arm-gnu-toolchain/bin/../lib/gcc/arm-none-eabi/4.8.4/../../../../arm-none-eabi/lib/armv7e-m\libc.a(lib_a-vfiprintf.o)
 .ARM.attributes
                0x000003bf       0x2e c:/program files (x86)/atmel/atmel toolchain/arm gcc/native/4.8.1437/arm-gnu-toolchain/bin/../lib/gcc/arm-none-eabi/4.8.4/../../../../arm-none-eabi/lib/armv7e-m\libc.a(lib_a-wsetup.o)
 .ARM.attributes
                0x000003ed       0x2e c:/program files (x86)/atmel/atmel toolchain/arm gcc/native/4.8.1437/arm-gnu-toolchain/bin/../lib/gcc/arm-none-eabi/4.8.4/../../../../arm-none-eabi/lib/armv7e-m\libc.a(lib_a-__call_atexit.o)
 .ARM.attributes
                0x0000041b       0x2e c:/program files (x86)/atmel/atmel toolchain/arm gcc/native/4.8.1437/arm-gnu-toolchain/bin/../lib/gcc/arm-none-eabi/4.8.4/../../../../arm-none-eabi/lib/armv7e-m\libc.a(lib_a-atexit.o)
 .ARM.attributes
                0x00000449       0x2e c:/program files (x86)/atmel/atmel toolchain/arm gcc/native/4.8.1437/arm-gnu-toolchain/bin/../lib/gcc/arm-none-eabi/4.8.4/../../../../arm-none-eabi/lib/armv7e-m\libc.a(lib_a-fflush.o)
 .ARM.attributes
                0x00000477       0x2e c:/program files (x86)/atmel/atmel toolchain/arm gcc/native/4.8.1437/arm-gnu-toolchain/bin/../lib/gcc/arm-none-eabi/4.8.4/../../../../arm-none-eabi/lib/armv7e-m\libc.a(lib_a-findfp.o)
 .ARM.attributes
                0x000004a5       0x2e c:/program files (x86)/atmel/atmel toolchain/arm gcc/native/4.8.1437/arm-gnu-toolchain/bin/../lib/gcc/arm-none-eabi/4.8.4/../../../../arm-none-eabi/lib/armv7e-m\libc.a(lib_a-fini.o)
 .ARM.attributes
                0x000004d3       0x2e c:/program files (x86)/atmel/atmel toolchain/arm gcc/native/4.8.1437/arm-gnu-toolchain/bin/../lib/gcc/arm-none-eabi/4.8.4/../../../../arm-none-eabi/lib/armv7e-m\libc.a(lib_a-fputwc.o)
 .ARM.attributes
                0x00000501       0x2e c:/program files (x86)/atmel/atmel toolchain/arm gcc/native/4.8.1437/arm-gnu-toolchain/bin/../lib/gcc/arm-none-eabi/4.8.4/../../../../arm-none-eabi/lib/armv7e-m\libc.a(lib_a-freer.o)
 .ARM.attributes
                0x0000052f       0x2e c:/program files (x86)/atmel/atmel toolchain/arm gcc/native/4.8.1437/arm-gnu-toolchain/bin/../lib/gcc/arm-none-eabi/4.8.4/../../../../arm-none-eabi/lib/armv7e-m\libc.a(lib_a-fvwrite.o)
 .ARM.attributes
                0x0000055d       0x2e c:/program files (x86)/atmel/atmel toolchain/arm gcc/native/4.8.1437/arm-gnu-toolchain/bin/../lib/gcc/arm-none-eabi/4.8.4/../../../../arm-none-eabi/lib/armv7e-m\libc.a(lib_a-fwalk.o)
 .ARM.attributes
                0x0000058b       0x2e c:/program files (x86)/atmel/atmel toolchain/arm gcc/native/4.8.1437/arm-gnu-toolchain/bin/../lib/gcc/arm-none-eabi/4.8.4/../../../../arm-none-eabi/lib/armv7e-m\libc.a(lib_a-locale.o)
 .ARM.attributes
                0x000005b9       0x2e c:/program files (x86)/atmel/atmel toolchain/arm gcc/native/4.8.1437/arm-gnu-toolchain/bin/../lib/gcc/arm-none-eabi/4.8.4/../../../../arm-none-eabi/lib/armv7e-m\libc.a(lib_a-makebuf.o)
 .ARM.attributes
                0x000005e7       0x2e c:/program files (x86)/atmel/atmel toolchain/arm gcc/native/4.8.1437/arm-gnu-toolchain/bin/../lib/gcc/arm-none-eabi/4.8.4/../../../../arm-none-eabi/lib/armv7e-m\libc.a(lib_a-malloc.o)
 .ARM.attributes
                0x00000615       0x2e c:/program files (x86)/atmel/atmel toolchain/arm gcc/native/4.8.1437/arm-gnu-toolchain/bin/../lib/gcc/arm-none-eabi/4.8.4/../../../../arm-none-eabi/lib/armv7e-m\libc.a(lib_a-mallocr.o)
 .ARM.attributes
                0x00000643       0x2e c:/program files (x86)/atmel/atmel toolchain/arm gcc/native/4.8.1437/arm-gnu-toolchain/bin/../lib/gcc/arm-none-eabi/4.8.4/../../../../arm-none-eabi/lib/armv7e-m\libc.a(lib_a-memchr-stub.o)
 .ARM.attributes
                0x00000671       0x1c c:/program files (x86)/atmel/atmel toolchain/arm gcc/native/4.8.1437/arm-gnu-toolchain/bin/../lib/gcc/arm-none-eabi/4.8.4/../../../../arm-none-eabi/lib/armv7e-m\libc.a(lib_a-memcpy.o)
 .ARM.attributes
                0x0000068d       0x2e c:/program files (x86)/atmel/atmel toolchain/arm gcc/native/4.8.1437/arm-gnu-toolchain/bin/../lib/gcc/arm-none-eabi/4.8.4/../../../../arm-none-eabi/lib/armv7e-m\libc.a(lib_a-memmove.o)
 .ARM.attributes
                0x000006bb       0x2e c:/program files (x86)/atmel/atmel toolchain/arm gcc/native/4.8.1437/arm-gnu-toolchain/bin/../lib/gcc/arm-none-eabi/4.8.4/../../../../arm-none-eabi/lib/armv7e-m\libc.a(lib_a-mlock.o)
 .ARM.attributes
                0x000006e9       0x2e c:/program files (x86)/atmel/atmel toolchain/arm gcc/native/4.8.1437/arm-gnu-toolchain/bin/../lib/gcc/arm-none-eabi/4.8.4/../../../../arm-none-eabi/lib/armv7e-m\libc.a(lib_a-reallocr.o)
 .ARM.attributes
                0x00000717       0x2e c:/program files (x86)/atmel/atmel toolchain/arm gcc/native/4.8.1437/arm-gnu-toolchain/bin/../lib/gcc/arm-none-eabi/4.8.4/../../../../arm-none-eabi/lib/armv7e-m\libc.a(lib_a-sbrkr.o)
 .ARM.attributes
                0x00000745       0x2e c:/program files (x86)/atmel/atmel toolchain/arm gcc/native/4.8.1437/arm-gnu-toolchain/bin/../lib/gcc/arm-none-eabi/4.8.4/../../../../arm-none-eabi/lib/armv7e-m\libc.a(lib_a-stdio.o)
 .ARM.attributes
                0x00000773       0x2e c:/program files (x86)/atmel/atmel toolchain/arm gcc/native/4.8.1437/arm-gnu-toolchain/bin/../lib/gcc/arm-none-eabi/4.8.4/../../../../arm-none-eabi/lib/armv7e-m\libc.a(lib_a-strlen.o)
 .ARM.attributes
                0x000007a1       0x2e c:/program files (x86)/atmel/atmel toolchain/arm gcc/native/4.8.1437/arm-gnu-toolchain/bin/../lib/gcc/arm-none-eabi/4.8.4/../../../../arm-none-eabi/lib/armv7e-m\libc.a(lib_a-wbuf.o)
 .ARM.attributes
                0x000007cf       0x2e c:/program files (x86)/atmel/atmel toolchain/arm gcc/native/4.8.1437/arm-gnu-toolchain/bin/../lib/gcc/arm-none-eabi/4.8.4/../../../../arm-none-eabi/lib/armv7e-m\libc.a(lib_a-wcrtomb.o)
 .ARM.attributes
                0x000007fd       0x2e c:/program files (x86)/atmel/atmel toolchain/arm gcc/native/4.8.1437/arm-gnu-toolchain/bin/../lib/gcc/arm-none-eabi/4.8.4/../../../../arm-none-eabi/lib/armv7e-m\libc.a(lib_a-wctomb_r.o)
 .ARM.attributes
                0x0000082b       0x2e c:/program files (x86)/atmel/atmel toolchain/arm gcc/native/4.8.1437/arm-gnu-toolchain/bin/../lib/gcc/arm-none-eabi/4.8.4/../../../../arm-none-eabi/lib/armv7e-m\libc.a(lib_a-writer.o)
 .ARM.attributes
                0x00000859       0x2e c:/program files (x86)/atmel/atmel toolchain/arm gcc/native/4.8.1437/arm-gnu-toolchain/bin/../lib/gcc/arm-none-eabi/4.8.4/../../../../arm-none-eabi/lib/armv7e-m\libc.a(lib_a-__atexit.o)
 .ARM.attributes
                0x00000887       0x2e c:/program files (x86)/atmel/atmel toolchain/arm gcc/native/4.8.1437/arm-gnu-toolchain/bin/../lib/gcc/arm-none-eabi/4.8.4/../../../../arm-none-eabi/lib/armv7e-m\libc.a(lib_a-closer.o)
 .ARM.attributes
                0x000008b5       0x2e c:/program files (x86)/atmel/atmel toolchain/arm gcc/native/4.8.1437/arm-gnu-toolchain/bin/../lib/gcc/arm-none-eabi/4.8.4/../../../../arm-none-eabi/lib/armv7e-m\libc.a(lib_a-fclose.o)
 .ARM.attributes
                0x000008e3       0x2e c:/program files (x86)/atmel/atmel toolchain/arm gcc/native/4.8.1437/arm-gnu-toolchain/bin/../lib/gcc/arm-none-eabi/4.8.4/../../../../arm-none-eabi/lib/armv7e-m\libc.a(lib_a-fstatr.o)
 .ARM.attributes
                0x00000911       0x2e c:/program files (x86)/atmel/atmel toolchain/arm gcc/native/4.8.1437/arm-gnu-toolchain/bin/../lib/gcc/arm-none-eabi/4.8.4/../../../../arm-none-eabi/lib/armv7e-m\libc.a(lib_a-isattyr.o)
 .ARM.attributes
                0x0000093f       0x2e c:/program files (x86)/atmel/atmel toolchain/arm gcc/native/4.8.1437/arm-gnu-toolchain/bin/../lib/gcc/arm-none-eabi/4.8.4/../../../../arm-none-eabi/lib/armv7e-m\libc.a(lib_a-lseekr.o)
 .ARM.attributes
                0x0000096d       0x2e c:/program files (x86)/atmel/atmel toolchain/arm gcc/native/4.8.1437/arm-gnu-toolchain/bin/../lib/gcc/arm-none-eabi/4.8.4/../../../../arm-none-eabi/lib/armv7e-m\libc.a(lib_a-readr.o)
 .ARM.attributes
                0x0000099b       0x2e c:/program files (x86)/atmel/atmel toolchain/arm gcc/native/4.8.1437/arm-gnu-toolchain/bin/../lib/gcc/arm-none-eabi/4.8.4/../../../../arm-none-eabi/lib/armv7e-m\libc.a(lib_a-reent.o)
 .ARM.attributes
                0x000009c9       0x1e c:/program files (x86)/atmel/atmel toolchain/arm gcc/native/4.8.1437/arm-gnu-toolchain/bin/../lib/gcc/arm-none-eabi/4.8.4/armv7e-m\libgcc.a(_aeabi_uldivmod.o)
 .ARM.attributes
                0x000009e7       0x2e c:/program files (x86)/atmel/atmel toolchain/arm gcc/native/4.8.1437/arm-gnu-toolchain/bin/../lib/gcc/arm-none-eabi/4.8.4/armv7e-m\libgcc.a(bpabi.o)
 .ARM.attributes
                0x00000a15       0x1e c:/program files (x86)/atmel/atmel toolchain/arm gcc/native/4.8.1437/arm-gnu-toolchain/bin/../lib/gcc/arm-none-eabi/4.8.4/armv7e-m\libgcc.a(_dvmd_tls.o)
 .ARM.attributes
                0x00000a33       0x2e c:/program files (x86)/atmel/atmel toolchain/arm gcc/native/4.8.1437/arm-gnu-toolchain/bin/../lib/gcc/arm-none-eabi/4.8.4/armv7e-m\libgcc.a(_divdi3.o)
 .ARM.attributes
                0x00000a61       0x2e c:/program files (x86)/atmel/atmel toolchain/arm gcc/native/4.8.1437/arm-gnu-toolchain/bin/../lib/gcc/arm-none-eabi/4.8.4/armv7e-m\libgcc.a(_udivdi3.o)
 .ARM.attributes
                0x00000a8f       0x1e c:/program files (x86)/atmel/atmel toolchain/arm gcc/native/4.8.1437/arm-gnu-toolchain/bin/../lib/gcc/arm-none-eabi/4.8.4/armv7e-m/crtn.o

.comment        0x00000000       0x5b
 .comment       0x00000000       0x5b src/ASF/common/utils/stdio/read.o
                                 0x5c (size before relaxing)
 .comment       0x00000000       0x5c src/ASF/common/utils/stdio/write.o
 .comment       0x00000000       0x5c src/ASF/common/services/clock/sam4s/sysclk.o
 .comment       0x00000000       0x5c src/ASF/sam/drivers/pmc/pmc.o
 .comment       0x00000000       0x5c src/ASF/sam/drivers/uart/uart.o
 .comment       0x00000000       0x5c src/ASF/sam/drivers/usart/usart.o
 .comment       0x00000000       0x5c src/ASF/common/boards/user_board/init.o
 .comment       0x00000000       0x5c src/ASF/sam/utils/cmsis/sam4s/source/templates/gcc/startup_sam4s.o
 .comment       0x00000000       0x5c src/ASF/sam/utils/cmsis/sam4s/source/templates/system_sam4s.o
 .comment       0x00000000       0x5c src/ASF/sam/utils/syscalls/gcc/syscalls.o
 .comment       0x00000000       0x5c src/main.o

.debug_info     0x00000000     0x6fc3
 .debug_info    0x00000000      0x1bb src/ASF/common/utils/stdio/read.o
 .debug_info    0x000001bb      0x1c0 src/ASF/common/utils/stdio/write.o
 .debug_info    0x0000037b      0x76e src/ASF/common/services/clock/sam4s/sysclk.o
 .debug_info    0x00000ae9     0x10bf src/ASF/sam/drivers/pmc/pmc.o
 .debug_info    0x00001ba8      0x861 src/ASF/sam/drivers/uart/uart.o
 .debug_info    0x00002409     0x178a src/ASF/sam/drivers/usart/usart.o
 .debug_info    0x00003b93      0xa59 src/ASF/common/boards/user_board/init.o
 .debug_info    0x000045ec      0x68d src/ASF/sam/utils/cmsis/sam4s/source/templates/gcc/startup_sam4s.o
 .debug_info    0x00004c79      0x4a1 src/ASF/sam/utils/cmsis/sam4s/source/templates/system_sam4s.o
 .debug_info    0x0000511a      0x43f src/ASF/sam/utils/syscalls/gcc/syscalls.o
 .debug_info    0x00005559     0x1a6a src/main.o

.debug_abbrev   0x00000000     0x13d8
 .debug_abbrev  0x00000000      0x101 src/ASF/common/utils/stdio/read.o
 .debug_abbrev  0x00000101       0xf5 src/ASF/common/utils/stdio/write.o
 .debug_abbrev  0x000001f6      0x221 src/ASF/common/services/clock/sam4s/sysclk.o
 .debug_abbrev  0x00000417      0x277 src/ASF/sam/drivers/pmc/pmc.o
 .debug_abbrev  0x0000068e      0x1bd src/ASF/sam/drivers/uart/uart.o
 .debug_abbrev  0x0000084b      0x29d src/ASF/sam/drivers/usart/usart.o
 .debug_abbrev  0x00000ae8      0x1a0 src/ASF/common/boards/user_board/init.o
 .debug_abbrev  0x00000c88      0x168 src/ASF/sam/utils/cmsis/sam4s/source/templates/gcc/startup_sam4s.o
 .debug_abbrev  0x00000df0       0xf5 src/ASF/sam/utils/cmsis/sam4s/source/templates/system_sam4s.o
 .debug_abbrev  0x00000ee5      0x14e src/ASF/sam/utils/syscalls/gcc/syscalls.o
 .debug_abbrev  0x00001033      0x3a5 src/main.o

.debug_loc      0x00000000     0x2546
 .debug_loc     0x00000000       0xc5 src/ASF/common/utils/stdio/read.o
 .debug_loc     0x000000c5      0x161 src/ASF/common/utils/stdio/write.o
 .debug_loc     0x00000226       0xed src/ASF/common/services/clock/sam4s/sysclk.o
 .debug_loc     0x00000313      0xc77 src/ASF/sam/drivers/pmc/pmc.o
 .debug_loc     0x00000f8a      0x26b src/ASF/sam/drivers/uart/uart.o
 .debug_loc     0x000011f5      0xf2d src/ASF/sam/drivers/usart/usart.o
 .debug_loc     0x00002122       0xb6 src/ASF/sam/utils/cmsis/sam4s/source/templates/gcc/startup_sam4s.o
 .debug_loc     0x000021d8      0x12b src/ASF/sam/utils/syscalls/gcc/syscalls.o
 .debug_loc     0x00002303      0x243 src/main.o

.debug_aranges  0x00000000      0x668
 .debug_aranges
                0x00000000       0x20 src/ASF/common/utils/stdio/read.o
 .debug_aranges
                0x00000020       0x20 src/ASF/common/utils/stdio/write.o
 .debug_aranges
                0x00000040       0x30 src/ASF/common/services/clock/sam4s/sysclk.o
 .debug_aranges
                0x00000070      0x200 src/ASF/sam/drivers/pmc/pmc.o
 .debug_aranges
                0x00000270       0xe8 src/ASF/sam/drivers/uart/uart.o
 .debug_aranges
                0x00000358      0x208 src/ASF/sam/drivers/usart/usart.o
 .debug_aranges
                0x00000560       0x20 src/ASF/common/boards/user_board/init.o
 .debug_aranges
                0x00000580       0x28 src/ASF/sam/utils/cmsis/sam4s/source/templates/gcc/startup_sam4s.o
 .debug_aranges
                0x000005a8       0x30 src/ASF/sam/utils/cmsis/sam4s/source/templates/system_sam4s.o
 .debug_aranges
                0x000005d8       0x60 src/ASF/sam/utils/syscalls/gcc/syscalls.o
 .debug_aranges
                0x00000638       0x30 src/main.o

.debug_ranges   0x00000000      0x5e8
 .debug_ranges  0x00000000       0x10 src/ASF/common/utils/stdio/read.o
 .debug_ranges  0x00000010       0x10 src/ASF/common/utils/stdio/write.o
 .debug_ranges  0x00000020       0x20 src/ASF/common/services/clock/sam4s/sysclk.o
 .debug_ranges  0x00000040      0x1f0 src/ASF/sam/drivers/pmc/pmc.o
 .debug_ranges  0x00000230       0xd8 src/ASF/sam/drivers/uart/uart.o
 .debug_ranges  0x00000308      0x210 src/ASF/sam/drivers/usart/usart.o
 .debug_ranges  0x00000518       0x10 src/ASF/common/boards/user_board/init.o
 .debug_ranges  0x00000528       0x18 src/ASF/sam/utils/cmsis/sam4s/source/templates/gcc/startup_sam4s.o
 .debug_ranges  0x00000540       0x20 src/ASF/sam/utils/cmsis/sam4s/source/templates/system_sam4s.o
 .debug_ranges  0x00000560       0x50 src/ASF/sam/utils/syscalls/gcc/syscalls.o
 .debug_ranges  0x000005b0       0x38 src/main.o

.debug_macro    0x00000000    0x10595
 .debug_macro   0x00000000      0x45f src/ASF/common/utils/stdio/read.o
 .debug_macro   0x0000045f      0x87a src/ASF/common/utils/stdio/read.o
 .debug_macro   0x00000cd9      0x166 src/ASF/common/utils/stdio/read.o
 .debug_macro   0x00000e3f      0x4ae src/ASF/common/utils/stdio/read.o
 .debug_macro   0x000012ed       0x76 src/ASF/common/utils/stdio/read.o
 .debug_macro   0x00001363       0x16 src/ASF/common/utils/stdio/read.o
 .debug_macro   0x00001379      0x6e1 src/ASF/common/utils/stdio/read.o
 .debug_macro   0x00001a5a       0x16 src/ASF/common/utils/stdio/read.o
 .debug_macro   0x00001a70       0x44 src/ASF/common/utils/stdio/read.o
 .debug_macro   0x00001ab4      0x209 src/ASF/common/utils/stdio/read.o
 .debug_macro   0x00001cbd       0x27 src/ASF/common/utils/stdio/read.o
 .debug_macro   0x00001ce4       0x3b src/ASF/common/utils/stdio/read.o
 .debug_macro   0x00001d1f       0x18 src/ASF/common/utils/stdio/read.o
 .debug_macro   0x00001d37       0x42 src/ASF/common/utils/stdio/read.o
 .debug_macro   0x00001d79      0xb17 src/ASF/common/utils/stdio/read.o
 .debug_macro   0x00002890      0x157 src/ASF/common/utils/stdio/read.o
 .debug_macro   0x000029e7      0x970 src/ASF/common/utils/stdio/read.o
 .debug_macro   0x00003357      0x281 src/ASF/common/utils/stdio/read.o
 .debug_macro   0x000035d8       0xac src/ASF/common/utils/stdio/read.o
 .debug_macro   0x00003684      0x317 src/ASF/common/utils/stdio/read.o
 .debug_macro   0x0000399b      0x106 src/ASF/common/utils/stdio/read.o
 .debug_macro   0x00003aa1       0x1c src/ASF/common/utils/stdio/read.o
 .debug_macro   0x00003abd      0x735 src/ASF/common/utils/stdio/read.o
 .debug_macro   0x000041f2      0x2d0 src/ASF/common/utils/stdio/read.o
 .debug_macro   0x000044c2       0xbe src/ASF/common/utils/stdio/read.o
 .debug_macro   0x00004580     0x280b src/ASF/common/utils/stdio/read.o
 .debug_macro   0x00006d8b      0x76f src/ASF/common/utils/stdio/read.o
 .debug_macro   0x000074fa      0xa8b src/ASF/common/utils/stdio/read.o
 .debug_macro   0x00007f85       0x9a src/ASF/common/utils/stdio/read.o
 .debug_macro   0x0000801f      0x3d6 src/ASF/common/utils/stdio/read.o
 .debug_macro   0x000083f5       0x64 src/ASF/common/utils/stdio/read.o
 .debug_macro   0x00008459      0x1ab src/ASF/common/utils/stdio/read.o
 .debug_macro   0x00008604      0x383 src/ASF/common/utils/stdio/read.o
 .debug_macro   0x00008987      0x621 src/ASF/common/utils/stdio/read.o
 .debug_macro   0x00008fa8      0x68d src/ASF/common/utils/stdio/read.o
 .debug_macro   0x00009635      0x59c src/ASF/common/utils/stdio/read.o
 .debug_macro   0x00009bd1      0x34a src/ASF/common/utils/stdio/read.o
 .debug_macro   0x00009f1b      0x289 src/ASF/common/utils/stdio/read.o
 .debug_macro   0x0000a1a4      0x2d3 src/ASF/common/utils/stdio/read.o
 .debug_macro   0x0000a477      0x6d6 src/ASF/common/utils/stdio/read.o
 .debug_macro   0x0000ab4d       0x76 src/ASF/common/utils/stdio/read.o
 .debug_macro   0x0000abc3       0xb8 src/ASF/common/utils/stdio/read.o
 .debug_macro   0x0000ac7b       0xb2 src/ASF/common/utils/stdio/read.o
 .debug_macro   0x0000ad2d       0x88 src/ASF/common/utils/stdio/read.o
 .debug_macro   0x0000adb5      0x102 src/ASF/common/utils/stdio/read.o
 .debug_macro   0x0000aeb7      0x102 src/ASF/common/utils/stdio/read.o
 .debug_macro   0x0000afb9       0x88 src/ASF/common/utils/stdio/read.o
 .debug_macro   0x0000b041       0x88 src/ASF/common/utils/stdio/read.o
 .debug_macro   0x0000b0c9      0x2cd src/ASF/common/utils/stdio/read.o
 .debug_macro   0x0000b396       0xb2 src/ASF/common/utils/stdio/read.o
 .debug_macro   0x0000b448       0xb2 src/ASF/common/utils/stdio/read.o
 .debug_macro   0x0000b4fa       0x52 src/ASF/common/utils/stdio/read.o
 .debug_macro   0x0000b54c       0xa6 src/ASF/common/utils/stdio/read.o
 .debug_macro   0x0000b5f2       0x7c src/ASF/common/utils/stdio/read.o
 .debug_macro   0x0000b66e       0x40 src/ASF/common/utils/stdio/read.o
 .debug_macro   0x0000b6ae       0x64 src/ASF/common/utils/stdio/read.o
 .debug_macro   0x0000b712       0x88 src/ASF/common/utils/stdio/read.o
 .debug_macro   0x0000b79a       0x4c src/ASF/common/utils/stdio/read.o
 .debug_macro   0x0000b7e6       0xac src/ASF/common/utils/stdio/read.o
 .debug_macro   0x0000b892       0x7c src/ASF/common/utils/stdio/read.o
 .debug_macro   0x0000b90e       0x16 src/ASF/common/utils/stdio/read.o
 .debug_macro   0x0000b924       0x7c src/ASF/common/utils/stdio/read.o
 .debug_macro   0x0000b9a0       0x22 src/ASF/common/utils/stdio/read.o
 .debug_macro   0x0000b9c2      0x192 src/ASF/common/utils/stdio/read.o
 .debug_macro   0x0000bb54      0x162 src/ASF/common/utils/stdio/read.o
 .debug_macro   0x0000bcb6      0x162 src/ASF/common/utils/stdio/read.o
 .debug_macro   0x0000be18       0x1c src/ASF/common/utils/stdio/read.o
 .debug_macro   0x0000be34       0x2e src/ASF/common/utils/stdio/read.o
 .debug_macro   0x0000be62       0x22 src/ASF/common/utils/stdio/read.o
 .debug_macro   0x0000be84       0x1c src/ASF/common/utils/stdio/read.o
 .debug_macro   0x0000bea0       0x52 src/ASF/common/utils/stdio/read.o
 .debug_macro   0x0000bef2       0x10 src/ASF/common/utils/stdio/read.o
 .debug_macro   0x0000bf02      0x21f src/ASF/common/utils/stdio/read.o
 .debug_macro   0x0000c121      0x935 src/ASF/common/utils/stdio/read.o
 .debug_macro   0x0000ca56      0x107 src/ASF/common/utils/stdio/read.o
 .debug_macro   0x0000cb5d       0x58 src/ASF/common/utils/stdio/read.o
 .debug_macro   0x0000cbb5       0x35 src/ASF/common/utils/stdio/read.o
 .debug_macro   0x0000cbea       0xa3 src/ASF/common/utils/stdio/read.o
 .debug_macro   0x0000cc8d       0x16 src/ASF/common/utils/stdio/read.o
 .debug_macro   0x0000cca3       0x35 src/ASF/common/utils/stdio/read.o
 .debug_macro   0x0000ccd8       0x10 src/ASF/common/utils/stdio/read.o
 .debug_macro   0x0000cce8       0x52 src/ASF/common/utils/stdio/read.o
 .debug_macro   0x0000cd3a       0x16 src/ASF/common/utils/stdio/read.o
 .debug_macro   0x0000cd50       0x43 src/ASF/common/utils/stdio/read.o
 .debug_macro   0x0000cd93      0x180 src/ASF/common/utils/stdio/read.o
 .debug_macro   0x0000cf13       0x10 src/ASF/common/utils/stdio/read.o
 .debug_macro   0x0000cf23       0x22 src/ASF/common/utils/stdio/read.o
 .debug_macro   0x0000cf45       0xbd src/ASF/common/utils/stdio/read.o
 .debug_macro   0x0000d002       0x16 src/ASF/common/utils/stdio/read.o
 .debug_macro   0x0000d018      0x16c src/ASF/common/utils/stdio/read.o
 .debug_macro   0x0000d184       0x22 src/ASF/common/utils/stdio/read.o
 .debug_macro   0x0000d1a6       0x16 src/ASF/common/utils/stdio/read.o
 .debug_macro   0x0000d1bc       0x16 src/ASF/common/utils/stdio/read.o
 .debug_macro   0x0000d1d2       0x29 src/ASF/common/utils/stdio/read.o
 .debug_macro   0x0000d1fb       0x6d src/ASF/common/utils/stdio/read.o
 .debug_macro   0x0000d268       0x3f src/ASF/common/utils/stdio/read.o
 .debug_macro   0x0000d2a7      0x3c3 src/ASF/common/utils/stdio/read.o
 .debug_macro   0x0000d66a      0x45f src/ASF/common/utils/stdio/write.o
 .debug_macro   0x0000dac9      0x4d9 src/ASF/common/services/clock/sam4s/sysclk.o
 .debug_macro   0x0000dfa2      0x231 src/ASF/common/services/clock/sam4s/sysclk.o
 .debug_macro   0x0000e1d3      0x474 src/ASF/sam/drivers/pmc/pmc.o
 .debug_macro   0x0000e647       0x52 src/ASF/sam/drivers/pmc/pmc.o
 .debug_macro   0x0000e699      0x46e src/ASF/sam/drivers/uart/uart.o
 .debug_macro   0x0000eb07       0x16 src/ASF/sam/drivers/uart/uart.o
 .debug_macro   0x0000eb1d      0x4a4 src/ASF/sam/drivers/usart/usart.o
 .debug_macro   0x0000efc1       0x28 src/ASF/sam/drivers/usart/usart.o
 .debug_macro   0x0000efe9      0x542 src/ASF/common/boards/user_board/init.o
 .debug_macro   0x0000f52b       0x82 src/ASF/common/boards/user_board/init.o
 .debug_macro   0x0000f5ad      0x2e6 src/ASF/sam/utils/cmsis/sam4s/source/templates/gcc/startup_sam4s.o
 .debug_macro   0x0000f893      0x2ee src/ASF/sam/utils/cmsis/sam4s/source/templates/system_sam4s.o
 .debug_macro   0x0000fb81      0x129 src/ASF/sam/utils/syscalls/gcc/syscalls.o
 .debug_macro   0x0000fcaa       0x97 src/ASF/sam/utils/syscalls/gcc/syscalls.o
 .debug_macro   0x0000fd41       0xef src/ASF/sam/utils/syscalls/gcc/syscalls.o
 .debug_macro   0x0000fe30       0x4a src/ASF/sam/utils/syscalls/gcc/syscalls.o
 .debug_macro   0x0000fe7a       0x52 src/ASF/sam/utils/syscalls/gcc/syscalls.o
 .debug_macro   0x0000fecc       0x16 src/ASF/sam/utils/syscalls/gcc/syscalls.o
 .debug_macro   0x0000fee2       0x10 src/ASF/sam/utils/syscalls/gcc/syscalls.o
 .debug_macro   0x0000fef2       0x41 src/ASF/sam/utils/syscalls/gcc/syscalls.o
 .debug_macro   0x0000ff33      0x120 src/ASF/sam/utils/syscalls/gcc/syscalls.o
 .debug_macro   0x00010053      0x542 src/main.o

.debug_line     0x00000000     0x7884
 .debug_line    0x00000000      0xa07 src/ASF/common/utils/stdio/read.o
 .debug_line    0x00000a07      0x9fd src/ASF/common/utils/stdio/write.o
 .debug_line    0x00001404      0xb4f src/ASF/common/services/clock/sam4s/sysclk.o
 .debug_line    0x00001f53      0xf7d src/ASF/sam/drivers/pmc/pmc.o
 .debug_line    0x00002ed0      0xbbd src/ASF/sam/drivers/uart/uart.o
 .debug_line    0x00003a8d      0xf6e src/ASF/sam/drivers/usart/usart.o
 .debug_line    0x000049fb      0xc96 src/ASF/common/boards/user_board/init.o
 .debug_line    0x00005691      0x861 src/ASF/sam/utils/cmsis/sam4s/source/templates/gcc/startup_sam4s.o
 .debug_line    0x00005ef2      0x877 src/ASF/sam/utils/cmsis/sam4s/source/templates/system_sam4s.o
 .debug_line    0x00006769      0x39b src/ASF/sam/utils/syscalls/gcc/syscalls.o
 .debug_line    0x00006b04      0xd80 src/main.o

.debug_str      0x00000000    0x4a020
 .debug_str     0x00000000    0x45a22 src/ASF/common/utils/stdio/read.o
                              0x45d4d (size before relaxing)
 .debug_str     0x00045a22       0x2e src/ASF/common/utils/stdio/write.o
                              0x45d4f (size before relaxing)
 .debug_str     0x00045a50     0x1916 src/ASF/common/services/clock/sam4s/sysclk.o
                              0x47669 (size before relaxing)
 .debug_str     0x00047366      0x738 src/ASF/sam/drivers/pmc/pmc.o
                              0x467ae (size before relaxing)
 .debug_str     0x00047a9e      0x3c6 src/ASF/sam/drivers/uart/uart.o
                              0x46101 (size before relaxing)
 .debug_str     0x00047e64      0x958 src/ASF/sam/drivers/usart/usart.o
                              0x46747 (size before relaxing)
 .debug_str     0x000487bc      0x77e src/ASF/common/boards/user_board/init.o
                              0x47beb (size before relaxing)
 .debug_str     0x00048f3a      0x40a src/ASF/sam/utils/cmsis/sam4s/source/templates/gcc/startup_sam4s.o
                              0x39d2e (size before relaxing)
 .debug_str     0x00049344       0xf1 src/ASF/sam/utils/cmsis/sam4s/source/templates/system_sam4s.o
                              0x39b0e (size before relaxing)
 .debug_str     0x00049435      0x741 src/ASF/sam/utils/syscalls/gcc/syscalls.o
                               0x4f29 (size before relaxing)
 .debug_str     0x00049b76      0x4aa src/main.o
                              0x483f4 (size before relaxing)

.debug_frame    0x00000000     0x17b8
 .debug_frame   0x00000000       0x30 src/ASF/common/utils/stdio/read.o
 .debug_frame   0x00000030       0x30 src/ASF/common/utils/stdio/write.o
 .debug_frame   0x00000060       0x58 src/ASF/common/services/clock/sam4s/sysclk.o
 .debug_frame   0x000000b8      0x410 src/ASF/sam/drivers/pmc/pmc.o
 .debug_frame   0x000004c8      0x1b8 src/ASF/sam/drivers/uart/uart.o
 .debug_frame   0x00000680      0x470 src/ASF/sam/drivers/usart/usart.o
 .debug_frame   0x00000af0       0x20 src/ASF/common/boards/user_board/init.o
 .debug_frame   0x00000b10       0x38 src/ASF/sam/utils/cmsis/sam4s/source/templates/gcc/startup_sam4s.o
 .debug_frame   0x00000b48       0x40 src/ASF/sam/utils/cmsis/sam4s/source/templates/system_sam4s.o
 .debug_frame   0x00000b88       0xa8 src/ASF/sam/utils/syscalls/gcc/syscalls.o
 .debug_frame   0x00000c30       0x6c src/main.o
 .debug_frame   0x00000c9c       0x2c c:/program files (x86)/atmel/atmel toolchain/arm gcc/native/4.8.1437/arm-gnu-toolchain/bin/../lib/gcc/arm-none-eabi/4.8.4/../../../../arm-none-eabi/lib/armv7e-m\libc.a(lib_a-init.o)
 .debug_frame   0x00000cc8       0x58 c:/program files (x86)/atmel/atmel toolchain/arm gcc/native/4.8.1437/arm-gnu-toolchain/bin/../lib/gcc/arm-none-eabi/4.8.4/../../../../arm-none-eabi/lib/armv7e-m\libc.a(lib_a-iprintf.o)
 .debug_frame   0x00000d20       0x2c c:/program files (x86)/atmel/atmel toolchain/arm gcc/native/4.8.1437/arm-gnu-toolchain/bin/../lib/gcc/arm-none-eabi/4.8.4/../../../../arm-none-eabi/lib/armv7e-m\libc.a(lib_a-memset.o)
 .debug_frame   0x00000d4c       0x20 c:/program files (x86)/atmel/atmel toolchain/arm gcc/native/4.8.1437/arm-gnu-toolchain/bin/../lib/gcc/arm-none-eabi/4.8.4/../../../../arm-none-eabi/lib/armv7e-m\libc.a(lib_a-setbuf.o)
 .debug_frame   0x00000d6c       0x30 c:/program files (x86)/atmel/atmel toolchain/arm gcc/native/4.8.1437/arm-gnu-toolchain/bin/../lib/gcc/arm-none-eabi/4.8.4/../../../../arm-none-eabi/lib/armv7e-m\libc.a(lib_a-setvbuf.o)
 .debug_frame   0x00000d9c       0xb8 c:/program files (x86)/atmel/atmel toolchain/arm gcc/native/4.8.1437/arm-gnu-toolchain/bin/../lib/gcc/arm-none-eabi/4.8.4/../../../../arm-none-eabi/lib/armv7e-m\libc.a(lib_a-vfiprintf.o)
 .debug_frame   0x00000e54       0x2c c:/program files (x86)/atmel/atmel toolchain/arm gcc/native/4.8.1437/arm-gnu-toolchain/bin/../lib/gcc/arm-none-eabi/4.8.4/../../../../arm-none-eabi/lib/armv7e-m\libc.a(lib_a-wsetup.o)
 .debug_frame   0x00000e80       0x48 c:/program files (x86)/atmel/atmel toolchain/arm gcc/native/4.8.1437/arm-gnu-toolchain/bin/../lib/gcc/arm-none-eabi/4.8.4/../../../../arm-none-eabi/lib/armv7e-m\libc.a(lib_a-__call_atexit.o)
 .debug_frame   0x00000ec8       0x20 c:/program files (x86)/atmel/atmel toolchain/arm gcc/native/4.8.1437/arm-gnu-toolchain/bin/../lib/gcc/arm-none-eabi/4.8.4/../../../../arm-none-eabi/lib/armv7e-m\libc.a(lib_a-atexit.o)
 .debug_frame   0x00000ee8       0x5c c:/program files (x86)/atmel/atmel toolchain/arm gcc/native/4.8.1437/arm-gnu-toolchain/bin/../lib/gcc/arm-none-eabi/4.8.4/../../../../arm-none-eabi/lib/armv7e-m\libc.a(lib_a-fflush.o)
 .debug_frame   0x00000f44      0x110 c:/program files (x86)/atmel/atmel toolchain/arm gcc/native/4.8.1437/arm-gnu-toolchain/bin/../lib/gcc/arm-none-eabi/4.8.4/../../../../arm-none-eabi/lib/armv7e-m\libc.a(lib_a-findfp.o)
 .debug_frame   0x00001054       0x2c c:/program files (x86)/atmel/atmel toolchain/arm gcc/native/4.8.1437/arm-gnu-toolchain/bin/../lib/gcc/arm-none-eabi/4.8.4/../../../../arm-none-eabi/lib/armv7e-m\libc.a(lib_a-fini.o)
 .debug_frame   0x00001080       0x50 c:/program files (x86)/atmel/atmel toolchain/arm gcc/native/4.8.1437/arm-gnu-toolchain/bin/../lib/gcc/arm-none-eabi/4.8.4/../../../../arm-none-eabi/lib/armv7e-m\libc.a(lib_a-fputwc.o)
 .debug_frame   0x000010d0       0x50 c:/program files (x86)/atmel/atmel toolchain/arm gcc/native/4.8.1437/arm-gnu-toolchain/bin/../lib/gcc/arm-none-eabi/4.8.4/../../../../arm-none-eabi/lib/armv7e-m\libc.a(lib_a-freer.o)
 .debug_frame   0x00001120       0x38 c:/program files (x86)/atmel/atmel toolchain/arm gcc/native/4.8.1437/arm-gnu-toolchain/bin/../lib/gcc/arm-none-eabi/4.8.4/../../../../arm-none-eabi/lib/armv7e-m\libc.a(lib_a-fvwrite.o)
 .debug_frame   0x00001158       0x54 c:/program files (x86)/atmel/atmel toolchain/arm gcc/native/4.8.1437/arm-gnu-toolchain/bin/../lib/gcc/arm-none-eabi/4.8.4/../../../../arm-none-eabi/lib/armv7e-m\libc.a(lib_a-fwalk.o)
 .debug_frame   0x000011ac       0x98 c:/program files (x86)/atmel/atmel toolchain/arm gcc/native/4.8.1437/arm-gnu-toolchain/bin/../lib/gcc/arm-none-eabi/4.8.4/../../../../arm-none-eabi/lib/armv7e-m\libc.a(lib_a-locale.o)
 .debug_frame   0x00001244       0x30 c:/program files (x86)/atmel/atmel toolchain/arm gcc/native/4.8.1437/arm-gnu-toolchain/bin/../lib/gcc/arm-none-eabi/4.8.4/../../../../arm-none-eabi/lib/armv7e-m\libc.a(lib_a-makebuf.o)
 .debug_frame   0x00001274       0x30 c:/program files (x86)/atmel/atmel toolchain/arm gcc/native/4.8.1437/arm-gnu-toolchain/bin/../lib/gcc/arm-none-eabi/4.8.4/../../../../arm-none-eabi/lib/armv7e-m\libc.a(lib_a-malloc.o)
 .debug_frame   0x000012a4       0x38 c:/program files (x86)/atmel/atmel toolchain/arm gcc/native/4.8.1437/arm-gnu-toolchain/bin/../lib/gcc/arm-none-eabi/4.8.4/../../../../arm-none-eabi/lib/armv7e-m\libc.a(lib_a-mallocr.o)
 .debug_frame   0x000012dc       0x2c c:/program files (x86)/atmel/atmel toolchain/arm gcc/native/4.8.1437/arm-gnu-toolchain/bin/../lib/gcc/arm-none-eabi/4.8.4/../../../../arm-none-eabi/lib/armv7e-m\libc.a(lib_a-memchr-stub.o)
 .debug_frame   0x00001308       0x2c c:/program files (x86)/atmel/atmel toolchain/arm gcc/native/4.8.1437/arm-gnu-toolchain/bin/../lib/gcc/arm-none-eabi/4.8.4/../../../../arm-none-eabi/lib/armv7e-m\libc.a(lib_a-memmove.o)
 .debug_frame   0x00001334       0x30 c:/program files (x86)/atmel/atmel toolchain/arm gcc/native/4.8.1437/arm-gnu-toolchain/bin/../lib/gcc/arm-none-eabi/4.8.4/../../../../arm-none-eabi/lib/armv7e-m\libc.a(lib_a-mlock.o)
 .debug_frame   0x00001364       0x38 c:/program files (x86)/atmel/atmel toolchain/arm gcc/native/4.8.1437/arm-gnu-toolchain/bin/../lib/gcc/arm-none-eabi/4.8.4/../../../../arm-none-eabi/lib/armv7e-m\libc.a(lib_a-reallocr.o)
 .debug_frame   0x0000139c       0x2c c:/program files (x86)/atmel/atmel toolchain/arm gcc/native/4.8.1437/arm-gnu-toolchain/bin/../lib/gcc/arm-none-eabi/4.8.4/../../../../arm-none-eabi/lib/armv7e-m\libc.a(lib_a-sbrkr.o)
 .debug_frame   0x000013c8       0x80 c:/program files (x86)/atmel/atmel toolchain/arm gcc/native/4.8.1437/arm-gnu-toolchain/bin/../lib/gcc/arm-none-eabi/4.8.4/../../../../arm-none-eabi/lib/armv7e-m\libc.a(lib_a-stdio.o)
 .debug_frame   0x00001448       0x20 c:/program files (x86)/atmel/atmel toolchain/arm gcc/native/4.8.1437/arm-gnu-toolchain/bin/../lib/gcc/arm-none-eabi/4.8.4/../../../../arm-none-eabi/lib/armv7e-m\libc.a(lib_a-strlen.o)
 .debug_frame   0x00001468       0x40 c:/program files (x86)/atmel/atmel toolchain/arm gcc/native/4.8.1437/arm-gnu-toolchain/bin/../lib/gcc/arm-none-eabi/4.8.4/../../../../arm-none-eabi/lib/armv7e-m\libc.a(lib_a-wbuf.o)
 .debug_frame   0x000014a8       0x58 c:/program files (x86)/atmel/atmel toolchain/arm gcc/native/4.8.1437/arm-gnu-toolchain/bin/../lib/gcc/arm-none-eabi/4.8.4/../../../../arm-none-eabi/lib/armv7e-m\libc.a(lib_a-wcrtomb.o)
 .debug_frame   0x00001500       0x44 c:/program files (x86)/atmel/atmel toolchain/arm gcc/native/4.8.1437/arm-gnu-toolchain/bin/../lib/gcc/arm-none-eabi/4.8.4/../../../../arm-none-eabi/lib/armv7e-m\libc.a(lib_a-wctomb_r.o)
 .debug_frame   0x00001544       0x2c c:/program files (x86)/atmel/atmel toolchain/arm gcc/native/4.8.1437/arm-gnu-toolchain/bin/../lib/gcc/arm-none-eabi/4.8.4/../../../../arm-none-eabi/lib/armv7e-m\libc.a(lib_a-writer.o)
 .debug_frame   0x00001570       0x30 c:/program files (x86)/atmel/atmel toolchain/arm gcc/native/4.8.1437/arm-gnu-toolchain/bin/../lib/gcc/arm-none-eabi/4.8.4/../../../../arm-none-eabi/lib/armv7e-m\libc.a(lib_a-__atexit.o)
 .debug_frame   0x000015a0       0x2c c:/program files (x86)/atmel/atmel toolchain/arm gcc/native/4.8.1437/arm-gnu-toolchain/bin/../lib/gcc/arm-none-eabi/4.8.4/../../../../arm-none-eabi/lib/armv7e-m\libc.a(lib_a-closer.o)
 .debug_frame   0x000015cc       0x3c c:/program files (x86)/atmel/atmel toolchain/arm gcc/native/4.8.1437/arm-gnu-toolchain/bin/../lib/gcc/arm-none-eabi/4.8.4/../../../../arm-none-eabi/lib/armv7e-m\libc.a(lib_a-fclose.o)
 .debug_frame   0x00001608       0x2c c:/program files (x86)/atmel/atmel toolchain/arm gcc/native/4.8.1437/arm-gnu-toolchain/bin/../lib/gcc/arm-none-eabi/4.8.4/../../../../arm-none-eabi/lib/armv7e-m\libc.a(lib_a-fstatr.o)
 .debug_frame   0x00001634       0x2c c:/program files (x86)/atmel/atmel toolchain/arm gcc/native/4.8.1437/arm-gnu-toolchain/bin/../lib/gcc/arm-none-eabi/4.8.4/../../../../arm-none-eabi/lib/armv7e-m\libc.a(lib_a-isattyr.o)
 .debug_frame   0x00001660       0x2c c:/program files (x86)/atmel/atmel toolchain/arm gcc/native/4.8.1437/arm-gnu-toolchain/bin/../lib/gcc/arm-none-eabi/4.8.4/../../../../arm-none-eabi/lib/armv7e-m\libc.a(lib_a-lseekr.o)
 .debug_frame   0x0000168c       0x2c c:/program files (x86)/atmel/atmel toolchain/arm gcc/native/4.8.1437/arm-gnu-toolchain/bin/../lib/gcc/arm-none-eabi/4.8.4/../../../../arm-none-eabi/lib/armv7e-m\libc.a(lib_a-readr.o)
 .debug_frame   0x000016b8       0x48 c:/program files (x86)/atmel/atmel toolchain/arm gcc/native/4.8.1437/arm-gnu-toolchain/bin/../lib/gcc/arm-none-eabi/4.8.4/../../../../arm-none-eabi/lib/armv7e-m\libc.a(lib_a-reent.o)
 .debug_frame   0x00001700       0x50 c:/program files (x86)/atmel/atmel toolchain/arm gcc/native/4.8.1437/arm-gnu-toolchain/bin/../lib/gcc/arm-none-eabi/4.8.4/armv7e-m\libgcc.a(bpabi.o)
 .debug_frame   0x00001750       0x34 c:/program files (x86)/atmel/atmel toolchain/arm gcc/native/4.8.1437/arm-gnu-toolchain/bin/../lib/gcc/arm-none-eabi/4.8.4/armv7e-m\libgcc.a(_divdi3.o)
 .debug_frame   0x00001784       0x34 c:/program files (x86)/atmel/atmel toolchain/arm gcc/native/4.8.1437/arm-gnu-toolchain/bin/../lib/gcc/arm-none-eabi/4.8.4/armv7e-m\libgcc.a(_udivdi3.o)

Cross Reference Table

Symbol                                            File
ACC_Handler                                       src/ASF/sam/utils/cmsis/sam4s/source/templates/gcc/startup_sam4s.o
ADC_Handler                                       src/ASF/sam/utils/cmsis/sam4s/source/templates/gcc/startup_sam4s.o
BusFault_Handler                                  src/ASF/sam/utils/cmsis/sam4s/source/templates/gcc/startup_sam4s.o
CRCCU_Handler                                     src/ASF/sam/utils/cmsis/sam4s/source/templates/gcc/startup_sam4s.o
DACC_Handler                                      src/ASF/sam/utils/cmsis/sam4s/source/templates/gcc/startup_sam4s.o
DebugMon_Handler                                  src/ASF/sam/utils/cmsis/sam4s/source/templates/gcc/startup_sam4s.o
Dummy_Handler                                     src/ASF/sam/utils/cmsis/sam4s/source/templates/gcc/startup_sam4s.o
EFC0_Handler                                      src/ASF/sam/utils/cmsis/sam4s/source/templates/gcc/startup_sam4s.o
HSMCI_Handler                                     src/ASF/sam/utils/cmsis/sam4s/source/templates/gcc/startup_sam4s.o
HardFault_Handler                                 src/ASF/sam/utils/cmsis/sam4s/source/templates/gcc/startup_sam4s.o
MemManage_Handler                                 src/ASF/sam/utils/cmsis/sam4s/source/templates/gcc/startup_sam4s.o
NMI_Handler                                       src/ASF/sam/utils/cmsis/sam4s/source/templates/gcc/startup_sam4s.o
PIOA_Handler                                      src/ASF/sam/utils/cmsis/sam4s/source/templates/gcc/startup_sam4s.o
PIOB_Handler                                      src/ASF/sam/utils/cmsis/sam4s/source/templates/gcc/startup_sam4s.o
PIOC_Handler                                      src/ASF/sam/utils/cmsis/sam4s/source/templates/gcc/startup_sam4s.o
PMC_Handler                                       src/ASF/sam/utils/cmsis/sam4s/source/templates/gcc/startup_sam4s.o
PWM_Handler                                       src/ASF/sam/utils/cmsis/sam4s/source/templates/gcc/startup_sam4s.o
PendSV_Handler                                    src/ASF/sam/utils/cmsis/sam4s/source/templates/gcc/startup_sam4s.o
RSTC_Handler                                      src/ASF/sam/utils/cmsis/sam4s/source/templates/gcc/startup_sam4s.o
RTC_Handler                                       src/ASF/sam/utils/cmsis/sam4s/source/templates/gcc/startup_sam4s.o
RTT_Handler                                       src/ASF/sam/utils/cmsis/sam4s/source/templates/gcc/startup_sam4s.o
Reset_Handler                                     src/ASF/sam/utils/cmsis/sam4s/source/templates/gcc/startup_sam4s.o
SPI_Handler                                       src/ASF/sam/utils/cmsis/sam4s/source/templates/gcc/startup_sam4s.o
SSC_Handler                                       src/ASF/sam/utils/cmsis/sam4s/source/templates/gcc/startup_sam4s.o
SUPC_Handler                                      src/ASF/sam/utils/cmsis/sam4s/source/templates/gcc/startup_sam4s.o
SVC_Handler                                       src/ASF/sam/utils/cmsis/sam4s/source/templates/gcc/startup_sam4s.o
SysTick_Handler                                   src/ASF/sam/utils/cmsis/sam4s/source/templates/gcc/startup_sam4s.o
SystemCoreClock                                   src/ASF/sam/utils/cmsis/sam4s/source/templates/system_sam4s.o
SystemCoreClockUpdate                             src/ASF/sam/utils/cmsis/sam4s/source/templates/system_sam4s.o
                                                  src/ASF/common/services/clock/sam4s/sysclk.o
SystemInit                                        src/ASF/sam/utils/cmsis/sam4s/source/templates/system_sam4s.o
TC0_Handler                                       src/ASF/sam/utils/cmsis/sam4s/source/templates/gcc/startup_sam4s.o
TC1_Handler                                       src/ASF/sam/utils/cmsis/sam4s/source/templates/gcc/startup_sam4s.o
TC2_Handler                                       src/ASF/sam/utils/cmsis/sam4s/source/templates/gcc/startup_sam4s.o
TC3_Handler                                       src/ASF/sam/utils/cmsis/sam4s/source/templates/gcc/startup_sam4s.o
TC4_Handler                                       src/ASF/sam/utils/cmsis/sam4s/source/templates/gcc/startup_sam4s.o
TC5_Handler                                       src/ASF/sam/utils/cmsis/sam4s/source/templates/gcc/startup_sam4s.o
TWI0_Handler                                      src/ASF/sam/utils/cmsis/sam4s/source/templates/gcc/startup_sam4s.o
TWI1_Handler                                      src/ASF/sam/utils/cmsis/sam4s/source/templates/gcc/startup_sam4s.o
UART0_Handler                                     src/ASF/sam/utils/cmsis/sam4s/source/templates/gcc/startup_sam4s.o
UART1_Handler                                     src/ASF/sam/utils/cmsis/sam4s/source/templates/gcc/startup_sam4s.o
UDP_Handler                                       src/ASF/sam/utils/cmsis/sam4s/source/templates/gcc/startup_sam4s.o
USART0_Handler                                    src/ASF/sam/utils/cmsis/sam4s/source/templates/gcc/startup_sam4s.o
USART1_Handler                                    src/ASF/sam/utils/cmsis/sam4s/source/templates/gcc/startup_sam4s.o
UsageFault_Handler                                src/ASF/sam/utils/cmsis/sam4s/source/templates/gcc/startup_sam4s.o
WDT_Handler                                       src/ASF/sam/utils/cmsis/sam4s/source/templates/gcc/startup_sam4s.o
_Jv_RegisterClasses                               c:/program files (x86)/atmel/atmel toolchain/arm gcc/native/4.8.1437/arm-gnu-toolchain/bin/../lib/gcc/arm-none-eabi/4.8.4/armv7e-m/crtbegin.o
_PathLocale                                       c:/program files (x86)/atmel/atmel toolchain/arm gcc/native/4.8.1437/arm-gnu-toolchain/bin/../lib/gcc/arm-none-eabi/4.8.4/../../../../arm-none-eabi/lib/armv7e-m\libc.a(lib_a-locale.o)
__aeabi_idiv0                                     c:/program files (x86)/atmel/atmel toolchain/arm gcc/native/4.8.1437/arm-gnu-toolchain/bin/../lib/gcc/arm-none-eabi/4.8.4/armv7e-m\libgcc.a(_dvmd_tls.o)
__aeabi_ldiv0                                     c:/program files (x86)/atmel/atmel toolchain/arm gcc/native/4.8.1437/arm-gnu-toolchain/bin/../lib/gcc/arm-none-eabi/4.8.4/armv7e-m\libgcc.a(_dvmd_tls.o)
                                                  c:/program files (x86)/atmel/atmel toolchain/arm gcc/native/4.8.1437/arm-gnu-toolchain/bin/../lib/gcc/arm-none-eabi/4.8.4/armv7e-m\libgcc.a(_aeabi_uldivmod.o)
__aeabi_uldivmod                                  c:/program files (x86)/atmel/atmel toolchain/arm gcc/native/4.8.1437/arm-gnu-toolchain/bin/../lib/gcc/arm-none-eabi/4.8.4/armv7e-m\libgcc.a(_aeabi_uldivmod.o)
                                                  c:/program files (x86)/atmel/atmel toolchain/arm gcc/native/4.8.1437/arm-gnu-toolchain/bin/../lib/gcc/arm-none-eabi/4.8.4/../../../../arm-none-eabi/lib/armv7e-m\libc.a(lib_a-vfiprintf.o)
__ascii_wctomb                                    c:/program files (x86)/atmel/atmel toolchain/arm gcc/native/4.8.1437/arm-gnu-toolchain/bin/../lib/gcc/arm-none-eabi/4.8.4/../../../../arm-none-eabi/lib/armv7e-m\libc.a(lib_a-wctomb_r.o)
__bss_end__                                       c:/program files (x86)/atmel/atmel toolchain/arm gcc/native/4.8.1437/arm-gnu-toolchain/bin/../lib/gcc/arm-none-eabi/4.8.4/../../../../arm-none-eabi/lib/armv7e-m/crt0.o
__bss_start__                                     c:/program files (x86)/atmel/atmel toolchain/arm gcc/native/4.8.1437/arm-gnu-toolchain/bin/../lib/gcc/arm-none-eabi/4.8.4/../../../../arm-none-eabi/lib/armv7e-m/crt0.o
__call_exitprocs                                  c:/program files (x86)/atmel/atmel toolchain/arm gcc/native/4.8.1437/arm-gnu-toolchain/bin/../lib/gcc/arm-none-eabi/4.8.4/../../../../arm-none-eabi/lib/armv7e-m\libc.a(lib_a-__call_atexit.o)
                                                  c:/program files (x86)/atmel/atmel toolchain/arm gcc/native/4.8.1437/arm-gnu-toolchain/bin/../lib/gcc/arm-none-eabi/4.8.4/../../../../arm-none-eabi/lib/armv7e-m\libc.a(lib_a-exit.o)
__deregister_frame_info                           c:/program files (x86)/atmel/atmel toolchain/arm gcc/native/4.8.1437/arm-gnu-toolchain/bin/../lib/gcc/arm-none-eabi/4.8.4/armv7e-m/crtbegin.o
__divdi3                                          c:/program files (x86)/atmel/atmel toolchain/arm gcc/native/4.8.1437/arm-gnu-toolchain/bin/../lib/gcc/arm-none-eabi/4.8.4/armv7e-m\libgcc.a(_divdi3.o)
                                                  c:/program files (x86)/atmel/atmel toolchain/arm gcc/native/4.8.1437/arm-gnu-toolchain/bin/../lib/gcc/arm-none-eabi/4.8.4/armv7e-m\libgcc.a(bpabi.o)
__dso_handle                                      c:/program files (x86)/atmel/atmel toolchain/arm gcc/native/4.8.1437/arm-gnu-toolchain/bin/../lib/gcc/arm-none-eabi/4.8.4/armv7e-m/crtbegin.o
__fini_array_end                                  c:/program files (x86)/atmel/atmel toolchain/arm gcc/native/4.8.1437/arm-gnu-toolchain/bin/../lib/gcc/arm-none-eabi/4.8.4/../../../../arm-none-eabi/lib/armv7e-m\libc.a(lib_a-fini.o)
__fini_array_start                                c:/program files (x86)/atmel/atmel toolchain/arm gcc/native/4.8.1437/arm-gnu-toolchain/bin/../lib/gcc/arm-none-eabi/4.8.4/../../../../arm-none-eabi/lib/armv7e-m\libc.a(lib_a-fini.o)
__fp_lock_all                                     c:/program files (x86)/atmel/atmel toolchain/arm gcc/native/4.8.1437/arm-gnu-toolchain/bin/../lib/gcc/arm-none-eabi/4.8.4/../../../../arm-none-eabi/lib/armv7e-m\libc.a(lib_a-findfp.o)
__fp_unlock_all                                   c:/program files (x86)/atmel/atmel toolchain/arm gcc/native/4.8.1437/arm-gnu-toolchain/bin/../lib/gcc/arm-none-eabi/4.8.4/../../../../arm-none-eabi/lib/armv7e-m\libc.a(lib_a-findfp.o)
__gnu_ldivmod_helper                              c:/program files (x86)/atmel/atmel toolchain/arm gcc/native/4.8.1437/arm-gnu-toolchain/bin/../lib/gcc/arm-none-eabi/4.8.4/armv7e-m\libgcc.a(bpabi.o)
__gnu_uldivmod_helper                             c:/program files (x86)/atmel/atmel toolchain/arm gcc/native/4.8.1437/arm-gnu-toolchain/bin/../lib/gcc/arm-none-eabi/4.8.4/armv7e-m\libgcc.a(bpabi.o)
                                                  c:/program files (x86)/atmel/atmel toolchain/arm gcc/native/4.8.1437/arm-gnu-toolchain/bin/../lib/gcc/arm-none-eabi/4.8.4/armv7e-m\libgcc.a(_aeabi_uldivmod.o)
__init_array_end                                  c:/program files (x86)/atmel/atmel toolchain/arm gcc/native/4.8.1437/arm-gnu-toolchain/bin/../lib/gcc/arm-none-eabi/4.8.4/../../../../arm-none-eabi/lib/armv7e-m\libc.a(lib_a-init.o)
__init_array_start                                c:/program files (x86)/atmel/atmel toolchain/arm gcc/native/4.8.1437/arm-gnu-toolchain/bin/../lib/gcc/arm-none-eabi/4.8.4/../../../../arm-none-eabi/lib/armv7e-m\libc.a(lib_a-init.o)
__libc_fini                                       c:/program files (x86)/atmel/atmel toolchain/arm gcc/native/4.8.1437/arm-gnu-toolchain/bin/../lib/gcc/arm-none-eabi/4.8.4/../../../../arm-none-eabi/lib/armv7e-m\libc.a(lib_a-__call_atexit.o)
__libc_fini_array                                 c:/program files (x86)/atmel/atmel toolchain/arm gcc/native/4.8.1437/arm-gnu-toolchain/bin/../lib/gcc/arm-none-eabi/4.8.4/../../../../arm-none-eabi/lib/armv7e-m\libc.a(lib_a-fini.o)
                                                  c:/program files (x86)/atmel/atmel toolchain/arm gcc/native/4.8.1437/arm-gnu-toolchain/bin/../lib/gcc/arm-none-eabi/4.8.4/../../../../arm-none-eabi/lib/armv7e-m\libc.a(lib_a-__call_atexit.o)
                                                  c:/program files (x86)/atmel/atmel toolchain/arm gcc/native/4.8.1437/arm-gnu-toolchain/bin/../lib/gcc/arm-none-eabi/4.8.4/../../../../arm-none-eabi/lib/armv7e-m/crt0.o
__libc_init_array                                 c:/program files (x86)/atmel/atmel toolchain/arm gcc/native/4.8.1437/arm-gnu-toolchain/bin/../lib/gcc/arm-none-eabi/4.8.4/../../../../arm-none-eabi/lib/armv7e-m\libc.a(lib_a-init.o)
                                                  src/ASF/sam/utils/cmsis/sam4s/source/templates/gcc/startup_sam4s.o
                                                  c:/program files (x86)/atmel/atmel toolchain/arm gcc/native/4.8.1437/arm-gnu-toolchain/bin/../lib/gcc/arm-none-eabi/4.8.4/../../../../arm-none-eabi/lib/armv7e-m/crt0.o
__locale_charset                                  c:/program files (x86)/atmel/atmel toolchain/arm gcc/native/4.8.1437/arm-gnu-toolchain/bin/../lib/gcc/arm-none-eabi/4.8.4/../../../../arm-none-eabi/lib/armv7e-m\libc.a(lib_a-locale.o)
                                                  c:/program files (x86)/atmel/atmel toolchain/arm gcc/native/4.8.1437/arm-gnu-toolchain/bin/../lib/gcc/arm-none-eabi/4.8.4/../../../../arm-none-eabi/lib/armv7e-m\libc.a(lib_a-wctomb_r.o)
                                                  c:/program files (x86)/atmel/atmel toolchain/arm gcc/native/4.8.1437/arm-gnu-toolchain/bin/../lib/gcc/arm-none-eabi/4.8.4/../../../../arm-none-eabi/lib/armv7e-m\libc.a(lib_a-wcrtomb.o)
__locale_cjk_lang                                 c:/program files (x86)/atmel/atmel toolchain/arm gcc/native/4.8.1437/arm-gnu-toolchain/bin/../lib/gcc/arm-none-eabi/4.8.4/../../../../arm-none-eabi/lib/armv7e-m\libc.a(lib_a-locale.o)
__locale_mb_cur_max                               c:/program files (x86)/atmel/atmel toolchain/arm gcc/native/4.8.1437/arm-gnu-toolchain/bin/../lib/gcc/arm-none-eabi/4.8.4/../../../../arm-none-eabi/lib/armv7e-m\libc.a(lib_a-locale.o)
                                                  c:/program files (x86)/atmel/atmel toolchain/arm gcc/native/4.8.1437/arm-gnu-toolchain/bin/../lib/gcc/arm-none-eabi/4.8.4/../../../../arm-none-eabi/lib/armv7e-m\libc.a(lib_a-fputwc.o)
__locale_msgcharset                               c:/program files (x86)/atmel/atmel toolchain/arm gcc/native/4.8.1437/arm-gnu-toolchain/bin/../lib/gcc/arm-none-eabi/4.8.4/../../../../arm-none-eabi/lib/armv7e-m\libc.a(lib_a-locale.o)
__malloc_av_                                      c:/program files (x86)/atmel/atmel toolchain/arm gcc/native/4.8.1437/arm-gnu-toolchain/bin/../lib/gcc/arm-none-eabi/4.8.4/../../../../arm-none-eabi/lib/armv7e-m\libc.a(lib_a-mallocr.o)
                                                  c:/program files (x86)/atmel/atmel toolchain/arm gcc/native/4.8.1437/arm-gnu-toolchain/bin/../lib/gcc/arm-none-eabi/4.8.4/../../../../arm-none-eabi/lib/armv7e-m\libc.a(lib_a-reallocr.o)
                                                  c:/program files (x86)/atmel/atmel toolchain/arm gcc/native/4.8.1437/arm-gnu-toolchain/bin/../lib/gcc/arm-none-eabi/4.8.4/../../../../arm-none-eabi/lib/armv7e-m\libc.a(lib_a-freer.o)
__malloc_current_mallinfo                         c:/program files (x86)/atmel/atmel toolchain/arm gcc/native/4.8.1437/arm-gnu-toolchain/bin/../lib/gcc/arm-none-eabi/4.8.4/../../../../arm-none-eabi/lib/armv7e-m\libc.a(lib_a-mallocr.o)
                                                  c:/program files (x86)/atmel/atmel toolchain/arm gcc/native/4.8.1437/arm-gnu-toolchain/bin/../lib/gcc/arm-none-eabi/4.8.4/../../../../arm-none-eabi/lib/armv7e-m\libc.a(lib_a-freer.o)
__malloc_lock                                     c:/program files (x86)/atmel/atmel toolchain/arm gcc/native/4.8.1437/arm-gnu-toolchain/bin/../lib/gcc/arm-none-eabi/4.8.4/../../../../arm-none-eabi/lib/armv7e-m\libc.a(lib_a-mlock.o)
                                                  c:/program files (x86)/atmel/atmel toolchain/arm gcc/native/4.8.1437/arm-gnu-toolchain/bin/../lib/gcc/arm-none-eabi/4.8.4/../../../../arm-none-eabi/lib/armv7e-m\libc.a(lib_a-reallocr.o)
                                                  c:/program files (x86)/atmel/atmel toolchain/arm gcc/native/4.8.1437/arm-gnu-toolchain/bin/../lib/gcc/arm-none-eabi/4.8.4/../../../../arm-none-eabi/lib/armv7e-m\libc.a(lib_a-mallocr.o)
                                                  c:/program files (x86)/atmel/atmel toolchain/arm gcc/native/4.8.1437/arm-gnu-toolchain/bin/../lib/gcc/arm-none-eabi/4.8.4/../../../../arm-none-eabi/lib/armv7e-m\libc.a(lib_a-freer.o)
__malloc_max_sbrked_mem                           c:/program files (x86)/atmel/atmel toolchain/arm gcc/native/4.8.1437/arm-gnu-toolchain/bin/../lib/gcc/arm-none-eabi/4.8.4/../../../../arm-none-eabi/lib/armv7e-m\libc.a(lib_a-mallocr.o)
__malloc_max_total_mem                            c:/program files (x86)/atmel/atmel toolchain/arm gcc/native/4.8.1437/arm-gnu-toolchain/bin/../lib/gcc/arm-none-eabi/4.8.4/../../../../arm-none-eabi/lib/armv7e-m\libc.a(lib_a-mallocr.o)
__malloc_sbrk_base                                c:/program files (x86)/atmel/atmel toolchain/arm gcc/native/4.8.1437/arm-gnu-toolchain/bin/../lib/gcc/arm-none-eabi/4.8.4/../../../../arm-none-eabi/lib/armv7e-m\libc.a(lib_a-mallocr.o)
                                                  c:/program files (x86)/atmel/atmel toolchain/arm gcc/native/4.8.1437/arm-gnu-toolchain/bin/../lib/gcc/arm-none-eabi/4.8.4/../../../../arm-none-eabi/lib/armv7e-m\libc.a(lib_a-freer.o)
__malloc_top_pad                                  c:/program files (x86)/atmel/atmel toolchain/arm gcc/native/4.8.1437/arm-gnu-toolchain/bin/../lib/gcc/arm-none-eabi/4.8.4/../../../../arm-none-eabi/lib/armv7e-m\libc.a(lib_a-mallocr.o)
                                                  c:/program files (x86)/atmel/atmel toolchain/arm gcc/native/4.8.1437/arm-gnu-toolchain/bin/../lib/gcc/arm-none-eabi/4.8.4/../../../../arm-none-eabi/lib/armv7e-m\libc.a(lib_a-freer.o)