Archive member included because of file (symbol)

c:/program files (x86)/atmel/atmel toolchain/arm gcc/native/4.8.1437/arm-gnu-toolchain/bin/../lib/gcc/arm-none-eabi/4.8.4/armv7e-m\libgcc.a(_aeabi_ldivmod.o)
                              src/spi_example.o (__aeabi_ldivmod)
c:/program files (x86)/atmel/atmel toolchain/arm gcc/native/4.8.1437/arm-gnu-toolchain/bin/../lib/gcc/arm-none-eabi/4.8.4/armv7e-m\libgcc.a(bpabi.o)
                              c:/program files (x86)/atmel/atmel toolchain/arm gcc/native/4.8.1437/arm-gnu-toolchain/bin/../lib/gcc/arm-none-eabi/4.8.4/armv7e-m\libgcc.a(_aeabi_ldivmod.o) (__gnu_ldivmod_helper)
c:/program files (x86)/atmel/atmel toolchain/arm gcc/native/4.8.1437/arm-gnu-toolchain/bin/../lib/gcc/arm-none-eabi/4.8.4/armv7e-m\libgcc.a(_dvmd_tls.o)
                              c:/program files (x86)/atmel/atmel toolchain/arm gcc/native/4.8.1437/arm-gnu-toolchain/bin/../lib/gcc/arm-none-eabi/4.8.4/armv7e-m\libgcc.a(_aeabi_ldivmod.o) (__aeabi_ldiv0)
c:/program files (x86)/atmel/atmel toolchain/arm gcc/native/4.8.1437/arm-gnu-toolchain/bin/../lib/gcc/arm-none-eabi/4.8.4/armv7e-m\libgcc.a(_divdi3.o)
                              c:/program files (x86)/atmel/atmel toolchain/arm gcc/native/4.8.1437/arm-gnu-toolchain/bin/../lib/gcc/arm-none-eabi/4.8.4/armv7e-m\libgcc.a(bpabi.o) (__divdi3)
c:/program files (x86)/atmel/atmel toolchain/arm gcc/native/4.8.1437/arm-gnu-toolchain/bin/../lib/gcc/arm-none-eabi/4.8.4/armv7e-m\libgcc.a(_udivdi3.o)
                              c:/program files (x86)/atmel/atmel toolchain/arm gcc/native/4.8.1437/arm-gnu-toolchain/bin/../lib/gcc/arm-none-eabi/4.8.4/armv7e-m\libgcc.a(bpabi.o) (__udivdi3)
c:/program files (x86)/atmel/atmel toolchain/arm gcc/native/4.8.1437/arm-gnu-toolchain/bin/../lib/gcc/arm-none-eabi/4.8.4/../../../../arm-none-eabi/lib/armv7e-m\libc.a(lib_a-exit.o)
                              c:/program files (x86)/atmel/atmel toolchain/arm gcc/native/4.8.1437/arm-gnu-toolchain/bin/../lib/gcc/arm-none-eabi/4.8.4/../../../../arm-none-eabi/lib/armv7e-m/crt0.o (exit)
c:/program files (x86)/atmel/atmel toolchain/arm gcc/native/4.8.1437/arm-gnu-toolchain/bin/../lib/gcc/arm-none-eabi/4.8.4/../../../../arm-none-eabi/lib/armv7e-m\libc.a(lib_a-impure.o)
                              c:/program files (x86)/atmel/atmel toolchain/arm gcc/native/4.8.1437/arm-gnu-toolchain/bin/../lib/gcc/arm-none-eabi/4.8.4/../../../../arm-none-eabi/lib/armv7e-m\libc.a(lib_a-exit.o) (_global_impure_ptr)
c:/program files (x86)/atmel/atmel toolchain/arm gcc/native/4.8.1437/arm-gnu-toolchain/bin/../lib/gcc/arm-none-eabi/4.8.4/../../../../arm-none-eabi/lib/armv7e-m\libc.a(lib_a-init.o)
                              c:/program files (x86)/atmel/atmel toolchain/arm gcc/native/4.8.1437/arm-gnu-toolchain/bin/../lib/gcc/arm-none-eabi/4.8.4/../../../../arm-none-eabi/lib/armv7e-m/crt0.o (__libc_init_array)
c:/program files (x86)/atmel/atmel toolchain/arm gcc/native/4.8.1437/arm-gnu-toolchain/bin/../lib/gcc/arm-none-eabi/4.8.4/../../../../arm-none-eabi/lib/armv7e-m\libc.a(lib_a-iprintf.o)
                              src/ASF/sam/utils/syscalls/gcc/syscalls.o (iprintf)
c:/program files (x86)/atmel/atmel toolchain/arm gcc/native/4.8.1437/arm-gnu-toolchain/bin/../lib/gcc/arm-none-eabi/4.8.4/../../../../arm-none-eabi/lib/armv7e-m\libc.a(lib_a-iscanf.o)
                              src/spi_example.o (iscanf)
c:/program files (x86)/atmel/atmel toolchain/arm gcc/native/4.8.1437/arm-gnu-toolchain/bin/../lib/gcc/arm-none-eabi/4.8.4/../../../../arm-none-eabi/lib/armv7e-m\libc.a(lib_a-memset.o)
                              c:/program files (x86)/atmel/atmel toolchain/arm gcc/native/4.8.1437/arm-gnu-toolchain/bin/../lib/gcc/arm-none-eabi/4.8.4/../../../../arm-none-eabi/lib/armv7e-m/crt0.o (memset)
c:/program files (x86)/atmel/atmel toolchain/arm gcc/native/4.8.1437/arm-gnu-toolchain/bin/../lib/gcc/arm-none-eabi/4.8.4/../../../../arm-none-eabi/lib/armv7e-m\libc.a(lib_a-puts.o)
                              src/spi_example.o (puts)
c:/program files (x86)/atmel/atmel toolchain/arm gcc/native/4.8.1437/arm-gnu-toolchain/bin/../lib/gcc/arm-none-eabi/4.8.4/../../../../arm-none-eabi/lib/armv7e-m\libc.a(lib_a-strcmp.o)
                              src/spi_example.o (strcmp)
c:/program files (x86)/atmel/atmel toolchain/arm gcc/native/4.8.1437/arm-gnu-toolchain/bin/../lib/gcc/arm-none-eabi/4.8.4/../../../../arm-none-eabi/lib/armv7e-m\libc.a(lib_a-strlen.o)
                              c:/program files (x86)/atmel/atmel toolchain/arm gcc/native/4.8.1437/arm-gnu-toolchain/bin/../lib/gcc/arm-none-eabi/4.8.4/../../../../arm-none-eabi/lib/armv7e-m\libc.a(lib_a-puts.o) (strlen)
c:/program files (x86)/atmel/atmel toolchain/arm gcc/native/4.8.1437/arm-gnu-toolchain/bin/../lib/gcc/arm-none-eabi/4.8.4/../../../../arm-none-eabi/lib/armv7e-m\libc.a(lib_a-vfiprintf.o)
[...]
Memory Configuration

Name             Origin             Length             Attributes
rom              0x00400000         0x00100000         xr
ram              0x20000000         0x00020000         xrw
*default*        0x00000000         0xffffffff

Linker script and memory map

LOAD c:/program files (x86)/atmel/atmel toolchain/arm gcc/native/4.8.1437/arm-gnu-toolchain/bin/../lib/gcc/arm-none-eabi/4.8.4/armv7e-m/crti.o
LOAD c:/program files (x86)/atmel/atmel toolchain/arm gcc/native/4.8.1437/arm-gnu-toolchain/bin/../lib/gcc/arm-none-eabi/4.8.4/armv7e-m/crtbegin.o
LOAD c:/program files (x86)/atmel/atmel toolchain/arm gcc/native/4.8.1437/arm-gnu-toolchain/bin/../lib/gcc/arm-none-eabi/4.8.4/../../../../arm-none-eabi/lib/armv7e-m/crt0.o
LOAD src/ASF/common/services/clock/sam4s/sysclk.o
LOAD src/ASF/common/services/serial/usart_serial.o
LOAD src/ASF/common/utils/interrupt/interrupt_sam_nvic.o
LOAD src/ASF/common/utils/stdio/read.o
LOAD src/ASF/common/utils/stdio/write.o
LOAD src/ASF/sam/boards/sam4s_xplained/init.o
LOAD src/ASF/sam/boards/sam4s_xplained/led.o
LOAD src/ASF/sam/drivers/pio/pio.o
LOAD src/ASF/sam/drivers/pio/pio_handler.o
LOAD src/ASF/sam/drivers/pmc/pmc.o
LOAD src/ASF/sam/drivers/pmc/sleep.o
LOAD src/ASF/sam/drivers/spi/spi.o
LOAD src/ASF/sam/drivers/uart/uart.o
LOAD src/ASF/sam/drivers/usart/usart.o
LOAD src/ASF/sam/utils/cmsis/sam4s/source/templates/gcc/startup_sam4s.o
LOAD src/ASF/sam/utils/cmsis/sam4s/source/templates/system_sam4s.o
LOAD src/ASF/sam/utils/syscalls/gcc/syscalls.o
LOAD src/spi_example.o
START GROUP
LOAD ../src/ASF/thirdparty/CMSIS/Lib/GCC\libarm_cortexM4l_math.a
LOAD c:/program files (x86)/atmel/atmel toolchain/arm gcc/native/4.8.1437/arm-gnu-toolchain/bin/../lib/gcc/arm-none-eabi/4.8.4/../../../../arm-none-eabi/lib/armv7e-m\libm.a
END GROUP
START GROUP
LOAD c:/program files (x86)/atmel/atmel toolchain/arm gcc/native/4.8.1437/arm-gnu-toolchain/bin/../lib/gcc/arm-none-eabi/4.8.4/armv7e-m\libgcc.a
LOAD c:/program files (x86)/atmel/atmel toolchain/arm gcc/native/4.8.1437/arm-gnu-toolchain/bin/../lib/gcc/arm-none-eabi/4.8.4/../../../../arm-none-eabi/lib/armv7e-m\libc.a
END GROUP
LOAD c:/program files (x86)/atmel/atmel toolchain/arm gcc/native/4.8.1437/arm-gnu-toolchain/bin/../lib/gcc/arm-none-eabi/4.8.4/armv7e-m/crtend.o
LOAD c:/program files (x86)/atmel/atmel toolchain/arm gcc/native/4.8.1437/arm-gnu-toolchain/bin/../lib/gcc/arm-none-eabi/4.8.4/armv7e-m/crtn.o
                0x00003000                __stack_size__ = DEFINED (__stack_size__)?__stack_size__:0x3000
                0x2001fffc                __ram_end__ = ((ORIGIN (ram) + 0x20000) - 0x4)

.text           0x00400000     0x565c
                0x00400000                . = ALIGN (0x4)
                0x00400000                _sfixed = .
 *(.vectors .vectors.*)
 .vectors       0x00400000       0xcc src/ASF/sam/utils/cmsis/sam4s/source/templates/gcc/startup_sam4s.o
                0x00400000                exception_table
 *(.text .text.* .gnu.linkonce.t.*)
 .text          0x004000cc       0x54 c:/program files (x86)/atmel/atmel toolchain/arm gcc/native/4.8.1437/arm-gnu-toolchain/bin/../lib/gcc/arm-none-eabi/4.8.4/armv7e-m/crtbegin.o
 .text.sysclk_init
                0x00400120       0x64 src/ASF/common/services/clock/sam4s/sysclk.o
                0x00400120                sysclk_init
 .text._read    0x00400184       0x40 src/ASF/common/utils/stdio/read.o
                0x00400184                _read
 .text._write   0x004001c4       0x54 src/ASF/common/utils/stdio/write.o
                0x004001c4                _write
 .text.board_init
                0x00400218       0x78 src/ASF/sam/boards/sam4s_xplained/init.o
                0x00400218                board_init
 .text.pio_set_peripheral
                0x00400290       0x90 src/ASF/sam/drivers/pio/pio.o
                0x00400290                pio_set_peripheral
 .text.pio_set_input
                0x00400320       0x34 src/ASF/sam/drivers/pio/pio.o
                0x00400320                pio_set_input
 .text.pio_set_output
                0x00400354       0x28 src/ASF/sam/drivers/pio/pio.o
                0x00400354                pio_set_output
 .text.pio_get_interrupt_status
                0x0040037c        0x4 src/ASF/sam/drivers/pio/pio.o
                0x0040037c                pio_get_interrupt_status
 .text.pio_get_interrupt_mask
                0x00400380        0x4 src/ASF/sam/drivers/pio/pio.o
                0x00400380                pio_get_interrupt_mask
 .text.pio_configure_pin
                0x00400384      0x124 src/ASF/sam/drivers/pio/pio.o
                0x00400384                pio_configure_pin
 .text.pio_configure_pin_group
                0x004004a8       0xdc src/ASF/sam/drivers/pio/pio.o
                0x004004a8                pio_configure_pin_group
 .text.pio_handler_process
                0x00400584       0x70 src/ASF/sam/drivers/pio/pio_handler.o
                0x00400584                pio_handler_process
 .text.PIOA_Handler
                0x004005f4       0x14 src/ASF/sam/drivers/pio/pio_handler.o
                0x004005f4                PIOA_Handler
 .text.PIOB_Handler
                0x00400608       0x14 src/ASF/sam/drivers/pio/pio_handler.o
                0x00400608                PIOB_Handler
 .text.PIOC_Handler
                0x0040061c       0x14 src/ASF/sam/drivers/pio/pio_handler.o
                0x0040061c                PIOC_Handler
 .text.pmc_switch_mck_to_pllack
                0x00400630       0x64 src/ASF/sam/drivers/pmc/pmc.o
                0x00400630                pmc_switch_mck_to_pllack
 .text.pmc_switch_mainck_to_xtal
                0x00400694       0x54 src/ASF/sam/drivers/pmc/pmc.o
                0x00400694                pmc_switch_mainck_to_xtal
 .text.pmc_osc_is_ready_mainck
                0x004006e8       0x10 src/ASF/sam/drivers/pmc/pmc.o
                0x004006e8                pmc_osc_is_ready_mainck
 .text.pmc_disable_pllack
                0x004006f8       0x10 src/ASF/sam/drivers/pmc/pmc.o
                0x004006f8                pmc_disable_pllack
 .text.pmc_is_locked_pllack
                0x00400708       0x10 src/ASF/sam/drivers/pmc/pmc.o
                0x00400708                pmc_is_locked_pllack
 .text.pmc_enable_periph_clk
                0x00400718       0x58 src/ASF/sam/drivers/pmc/pmc.o
                0x00400718                pmc_enable_periph_clk
 .text.spi_enable_clock
                0x00400770       0x10 src/ASF/sam/drivers/spi/spi.o
                0x00400770                spi_enable_clock
 .text.spi_set_peripheral_chip_select_value
                0x00400780       0x18 src/ASF/sam/drivers/spi/spi.o
                0x00400780                spi_set_peripheral_chip_select_value
 .text.spi_write
                0x00400798       0x38 src/ASF/sam/drivers/spi/spi.o
                0x00400798                spi_write
 .text.spi_set_clock_polarity
                0x004007d0       0x20 src/ASF/sam/drivers/spi/spi.o
                0x004007d0                spi_set_clock_polarity
 .text.spi_set_clock_phase
                0x004007f0       0x20 src/ASF/sam/drivers/spi/spi.o
                0x004007f0                spi_set_clock_phase
 .text.spi_set_bits_per_transfer
                0x00400810       0x14 src/ASF/sam/drivers/spi/spi.o
                0x00400810                spi_set_bits_per_transfer
 .text.spi_set_baudrate_div
                0x00400824       0x18 src/ASF/sam/drivers/spi/spi.o
                0x00400824                spi_set_baudrate_div
 .text.spi_set_transfer_delay
                0x0040083c       0x18 src/ASF/sam/drivers/spi/spi.o
                0x0040083c                spi_set_transfer_delay
 .text.Dummy_Handler
                0x00400854        0x4 src/ASF/sam/utils/cmsis/sam4s/source/templates/gcc/startup_sam4s.o
                0x00400854                DACC_Handler
                0x00400854                DebugMon_Handler
                0x00400854                HardFault_Handler
                0x00400854                TC2_Handler
                0x00400854                SPI_Handler
                0x00400854                SysTick_Handler
                0x00400854                TWI1_Handler
                0x00400854                PendSV_Handler
                0x00400854                NMI_Handler
                0x00400854                ADC_Handler
                0x00400854                CRCCU_Handler
                0x00400854                USART0_Handler
                0x00400854                RTT_Handler
                0x00400854                RTC_Handler
                0x00400854                UsageFault_Handler
                0x00400854                WDT_Handler
                0x00400854                TC4_Handler
                0x00400854                TC1_Handler
                0x00400854                HSMCI_Handler
                0x00400854                UART1_Handler
                0x00400854                TC3_Handler
                0x00400854                Dummy_Handler
                0x00400854                TWI0_Handler
                0x00400854                USART1_Handler
                0x00400854                SSC_Handler
                0x00400854                EFC0_Handler
                0x00400854                ACC_Handler
                0x00400854                PMC_Handler
                0x00400854                PWM_Handler
                0x00400854                MemManage_Handler
                0x00400854                SUPC_Handler
                0x00400854                SVC_Handler
                0x00400854                UART0_Handler
                0x00400854                UDP_Handler
                0x00400854                BusFault_Handler
                0x00400854                RSTC_Handler
                0x00400854                TC0_Handler
                0x00400854                TC5_Handler
 .text.Reset_Handler
                0x00400858       0xb4 src/ASF/sam/utils/cmsis/sam4s/source/templates/gcc/startup_sam4s.o
                0x00400858                Reset_Handler
 .text.SystemCoreClockUpdate
                0x0040090c      0x114 src/ASF/sam/utils/cmsis/sam4s/source/templates/system_sam4s.o
                0x0040090c                SystemCoreClockUpdate
 .text.system_init_flash
                0x00400a20       0x74 src/ASF/sam/utils/cmsis/sam4s/source/templates/system_sam4s.o
                0x00400a20                system_init_flash
 .text._sbrk    0x00400a94       0x34 src/ASF/sam/utils/syscalls/gcc/syscalls.o
                0x00400a94                _sbrk
 .text._close   0x00400ac8        0x8 src/ASF/sam/utils/syscalls/gcc/syscalls.o
                0x00400ac8                _close
 .text._fstat   0x00400ad0        0xc src/ASF/sam/utils/syscalls/gcc/syscalls.o
                0x00400ad0                _fstat
 .text._isatty  0x00400adc        0x4 src/ASF/sam/utils/syscalls/gcc/syscalls.o
                0x00400adc                _isatty
 .text._lseek   0x00400ae0        0x4 src/ASF/sam/utils/syscalls/gcc/syscalls.o
                0x00400ae0                _lseek
 .text.main     0x00400ae4      0x2a4 src/spi_example.o
                0x00400ae4                main
 .text          0x00400d88       0x38 c:/program files (x86)/atmel/atmel toolchain/arm gcc/native/4.8.1437/arm-gnu-toolchain/bin/../lib/gcc/arm-none-eabi/4.8.4/armv7e-m\libgcc.a(_aeabi_ldivmod.o)
                0x00400d88                __aeabi_ldivmod
 .text          0x00400dc0       0x60 c:/program files (x86)/atmel/atmel toolchain/arm gcc/native/4.8.1437/arm-gnu-toolchain/bin/../lib/gcc/arm-none-eabi/4.8.4/armv7e-m\libgcc.a(bpabi.o)
                0x00400dc0                __gnu_ldivmod_helper
                0x00400df0                __gnu_uldivmod_helper
 .text          0x00400e20        0x4 c:/program files (x86)/atmel/atmel toolchain/arm gcc/native/4.8.1437/arm-gnu-toolchain/bin/../lib/gcc/arm-none-eabi/4.8.4/armv7e-m\libgcc.a(_dvmd_tls.o)
                0x00400e20                __aeabi_idiv0
                0x00400e20                __aeabi_ldiv0
 .text          0x00400e24      0x298 c:/program files (x86)/atmel/atmel toolchain/arm gcc/native/4.8.1437/arm-gnu-toolchain/bin/../lib/gcc/arm-none-eabi/4.8.4/armv7e-m\libgcc.a(_divdi3.o)
                0x00400e24                __divdi3
 .text          0x004010bc      0x284 c:/program files (x86)/atmel/atmel toolchain/arm gcc/native/4.8.1437/arm-gnu-toolchain/bin/../lib/gcc/arm-none-eabi/4.8.4/armv7e-m\libgcc.a(_udivdi3.o)
                0x004010bc                __udivdi3
 .text.__libc_init_array
                0x00401340       0x50 c:/program files (x86)/atmel/atmel toolchain/arm gcc/native/4.8.1437/arm-gnu-toolchain/bin/../lib/gcc/arm-none-eabi/4.8.4/../../../../arm-none-eabi/lib/armv7e-m\libc.a(lib_a-init.o)
                0x00401340                __libc_init_array
 .text.iprintf  0x00401390       0x28 c:/program files (x86)/atmel/atmel toolchain/arm gcc/native/4.8.1437/arm-gnu-toolchain/bin/../lib/gcc/arm-none-eabi/4.8.4/../../../../arm-none-eabi/lib/armv7e-m\libc.a(lib_a-iprintf.o)
                0x00401390                iprintf
 .text.iscanf   0x004013b8       0x28 c:/program files (x86)/atmel/atmel toolchain/arm gcc/native/4.8.1437/arm-gnu-toolchain/bin/../lib/gcc/arm-none-eabi/4.8.4/../../../../arm-none-eabi/lib/armv7e-m\libc.a(lib_a-iscanf.o)
                0x004013b8                iscanf
 .text.memset   0x004013e0       0x94 c:/program files (x86)/atmel/atmel toolchain/arm gcc/native/4.8.1437/arm-gnu-toolchain/bin/../lib/gcc/arm-none-eabi/4.8.4/../../../../arm-none-eabi/lib/armv7e-m\libc.a(lib_a-memset.o)
                0x004013e0                memset
 .text._puts_r  0x00401474       0x5c c:/program files (x86)/atmel/atmel toolchain/arm gcc/native/4.8.1437/arm-gnu-toolchain/bin/../lib/gcc/arm-none-eabi/4.8.4/../../../../arm-none-eabi/lib/armv7e-m\libc.a(lib_a-puts.o)
                0x00401474                _puts_r
 .text.puts     0x004014d0       0x10 c:/program files (x86)/atmel/atmel toolchain/arm gcc/native/4.8.1437/arm-gnu-toolchain/bin/../lib/gcc/arm-none-eabi/4.8.4/../../../../arm-none-eabi/lib/armv7e-m\libc.a(lib_a-puts.o)
                0x004014d0                puts
 .text          0x004014e0      0x21c c:/program files (x86)/atmel/atmel toolchain/arm gcc/native/4.8.1437/arm-gnu-toolchain/bin/../lib/gcc/arm-none-eabi/4.8.4/../../../../arm-none-eabi/lib/armv7e-m\libc.a(lib_a-strcmp.o)
                0x004014e0                strcmp
 .text.strlen   0x004016fc       0x60 c:/program files (x86)/atmel/atmel toolchain/arm gcc/native/4.8.1437/arm-gnu-toolchain/bin/../lib/gcc/arm-none-eabi/4.8.4/../../../../arm-none-eabi/lib/armv7e-m\libc.a(lib_a-strlen.o)
                0x004016fc                strlen
 .text.__sprint_r.part.0
                0x0040175c       0x78 c:/program files (x86)/atmel/atmel toolchain/arm gcc/native/4.8.1437/arm-gnu-toolchain/bin/../lib/gcc/arm-none-eabi/4.8.4/../../../../arm-none-eabi/lib/armv7e-m\libc.a(lib_a-vfiprintf.o)
 .text._vfiprintf_r
                0x004017d4      0xc54 c:/program files (x86)/atmel/atmel toolchain/arm gcc/native/4.8.1437/arm-gnu-toolchain/bin/../lib/gcc/arm-none-eabi/4.8.4/../../../../arm-none-eabi/lib/armv7e-m\libc.a(lib_a-vfiprintf.o)
                0x004017d4                _vfiprintf_r
 .text.__sbprintf
                0x00402428       0x78 c:/program files (x86)/atmel/atmel toolchain/arm gcc/native/4.8.1437/arm-gnu-toolchain/bin/../lib/gcc/arm-none-eabi/4.8.4/../../../../arm-none-eabi/lib/armv7e-m\libc.a(lib_a-vfiprintf.o)
 .text.__svfiscanf_r
                0x004024a0      0x998 c:/program files (x86)/atmel/atmel toolchain/arm gcc/native/4.8.1437/arm-gnu-toolchain/bin/../lib/gcc/arm-none-eabi/4.8.4/../../../../arm-none-eabi/lib/armv7e-m\libc.a(lib_a-vfiscanf.o)
                0x004024a0                __svfiscanf_r
 .text.__swsetup_r
                0x00402e38       0xc4 c:/program files (x86)/atmel/atmel toolchain/arm gcc/native/4.8.1437/arm-gnu-toolchain/bin/../lib/gcc/arm-none-eabi/4.8.4/../../../../arm-none-eabi/lib/armv7e-m\libc.a(lib_a-wsetup.o)
                0x00402e38                __swsetup_r
 .text.startup.register_fini
                0x00402efc       0x14 c:/program files (x86)/atmel/atmel toolchain/arm gcc/native/4.8.1437/arm-gnu-toolchain/bin/../lib/gcc/arm-none-eabi/4.8.4/../../../../arm-none-eabi/lib/armv7e-m\libc.a(lib_a-__call_atexit.o)
 .text.atexit   0x00402f10        0xc c:/program files (x86)/atmel/atmel toolchain/arm gcc/native/4.8.1437/arm-gnu-toolchain/bin/../lib/gcc/arm-none-eabi/4.8.4/../../../../arm-none-eabi/lib/armv7e-m\libc.a(lib_a-atexit.o)
                0x00402f10                atexit
 .text.__sflush_r
                0x00402f1c      0x154 c:/program files (x86)/atmel/atmel toolchain/arm gcc/native/4.8.1437/arm-gnu-toolchain/bin/../lib/gcc/arm-none-eabi/4.8.4/../../../../arm-none-eabi/lib/armv7e-m\libc.a(lib_a-fflush.o)
                0x00402f1c                __sflush_r
 .text._fflush_r
                0x00403070       0x2c c:/program files (x86)/atmel/atmel toolchain/arm gcc/native/4.8.1437/arm-gnu-toolchain/bin/../lib/gcc/arm-none-eabi/4.8.4/../../../../arm-none-eabi/lib/armv7e-m\libc.a(lib_a-fflush.o)
                0x00403070                _fflush_r
 .text.fflush   0x0040309c       0x24 c:/program files (x86)/atmel/atmel toolchain/arm gcc/native/4.8.1437/arm-gnu-toolchain/bin/../lib/gcc/arm-none-eabi/4.8.4/../../../../arm-none-eabi/lib/armv7e-m\libc.a(lib_a-fflush.o)
                0x0040309c                fflush
 .text._cleanup_r
                0x004030c0        0xc c:/program files (x86)/atmel/atmel toolchain/arm gcc/native/4.8.1437/arm-gnu-toolchain/bin/../lib/gcc/arm-none-eabi/4.8.4/../../../../arm-none-eabi/lib/armv7e-m\libc.a(lib_a-findfp.o)
                0x004030c0                _cleanup_r
 .text.__sinit  0x004030cc       0xf4 c:/program files (x86)/atmel/atmel toolchain/arm gcc/native/4.8.1437/arm-gnu-toolchain/bin/../lib/gcc/arm-none-eabi/4.8.4/../../../../arm-none-eabi/lib/armv7e-m\libc.a(lib_a-findfp.o)
                0x004030cc                __sinit
 .text.__sfp_lock_acquire
                0x004031c0        0x4 c:/program files (x86)/atmel/atmel toolchain/arm gcc/native/4.8.1437/arm-gnu-toolchain/bin/../lib/gcc/arm-none-eabi/4.8.4/../../../../arm-none-eabi/lib/armv7e-m\libc.a(lib_a-findfp.o)
                0x004031c0                __sfp_lock_acquire
 .text.__sfp_lock_release
                0x004031c4        0x4 c:/program files (x86)/atmel/atmel toolchain/arm gcc/native/4.8.1437/arm-gnu-toolchain/bin/../lib/gcc/arm-none-eabi/4.8.4/../../../../arm-none-eabi/lib/armv7e-m\libc.a(lib_a-findfp.o)
                0x004031c4                __sfp_lock_release
 .text.__libc_fini_array
                0x004031c8       0x30 c:/program files (x86)/atmel/atmel toolchain/arm gcc/native/4.8.1437/arm-gnu-toolchain/bin/../lib/gcc/arm-none-eabi/4.8.4/../../../../arm-none-eabi/lib/armv7e-m\libc.a(lib_a-fini.o)
                0x004031c8                __libc_fini_array
 .text._fputwc_r
                0x004031f8       0xbc c:/program files (x86)/atmel/atmel toolchain/arm gcc/native/4.8.1437/arm-gnu-toolchain/bin/../lib/gcc/arm-none-eabi/4.8.4/../../../../arm-none-eabi/lib/armv7e-m\libc.a(lib_a-fputwc.o)
                0x004031f8                _fputwc_r
 .text._fread_r
                0x004032b4      0x190 c:/program files (x86)/atmel/atmel toolchain/arm gcc/native/4.8.1437/arm-gnu-toolchain/bin/../lib/gcc/arm-none-eabi/4.8.4/../../../../arm-none-eabi/lib/armv7e-m\libc.a(lib_a-fread.o)
                0x004032b4                _fread_r
 .text._malloc_trim_r
                0x00403444       0x9c c:/program files (x86)/atmel/atmel toolchain/arm gcc/native/4.8.1437/arm-gnu-toolchain/bin/../lib/gcc/arm-none-eabi/4.8.4/../../../../arm-none-eabi/lib/armv7e-m\libc.a(lib_a-freer.o)
                0x00403444                _malloc_trim_r
 .text._free_r  0x004034e0      0x19c c:/program files (x86)/atmel/atmel toolchain/arm gcc/native/4.8.1437/arm-gnu-toolchain/bin/../lib/gcc/arm-none-eabi/4.8.4/../../../../arm-none-eabi/lib/armv7e-m\libc.a(lib_a-freer.o)
                0x004034e0                _free_r
 .text.__sfvwrite_r
                0x0040367c      0x318 c:/program files (x86)/atmel/atmel toolchain/arm gcc/native/4.8.1437/arm-gnu-toolchain/bin/../lib/gcc/arm-none-eabi/4.8.4/../../../../arm-none-eabi/lib/armv7e-m\libc.a(lib_a-fvwrite.o)
                0x0040367c                __sfvwrite_r
 .text._fwalk   0x00403994       0x4c c:/program files (x86)/atmel/atmel toolchain/arm gcc/native/4.8.1437/arm-gnu-toolchain/bin/../lib/gcc/arm-none-eabi/4.8.4/../../../../arm-none-eabi/lib/armv7e-m\libc.a(lib_a-fwalk.o)
                0x00403994                _fwalk
 .text._fwalk_reent
                0x004039e0       0x50 c:/program files (x86)/atmel/atmel toolchain/arm gcc/native/4.8.1437/arm-gnu-toolchain/bin/../lib/gcc/arm-none-eabi/4.8.4/../../../../arm-none-eabi/lib/armv7e-m\libc.a(lib_a-fwalk.o)
                0x004039e0                _fwalk_reent
 .text.iswspace
                0x00403a30       0x1c c:/program files (x86)/atmel/atmel toolchain/arm gcc/native/4.8.1437/arm-gnu-toolchain/bin/../lib/gcc/arm-none-eabi/4.8.4/../../../../arm-none-eabi/lib/armv7e-m\libc.a(lib_a-iswspace.o)
                0x00403a30                iswspace
 .text.__locale_charset
                0x00403a4c        0x8 c:/program files (x86)/atmel/atmel toolchain/arm gcc/native/4.8.1437/arm-gnu-toolchain/bin/../lib/gcc/arm-none-eabi/4.8.4/../../../../arm-none-eabi/lib/armv7e-m\libc.a(lib_a-locale.o)
                0x00403a4c                __locale_charset
 .text.__locale_mb_cur_max
                0x00403a54        0xc c:/program files (x86)/atmel/atmel toolchain/arm gcc/native/4.8.1437/arm-gnu-toolchain/bin/../lib/gcc/arm-none-eabi/4.8.4/../../../../arm-none-eabi/lib/armv7e-m\libc.a(lib_a-locale.o)
                0x00403a54                __locale_mb_cur_max
 .text.__smakebuf_r
                0x00403a60       0xe0 c:/program files (x86)/atmel/atmel toolchain/arm gcc/native/4.8.1437/arm-gnu-toolchain/bin/../lib/gcc/arm-none-eabi/4.8.4/../../../../arm-none-eabi/lib/armv7e-m\libc.a(lib_a-makebuf.o)
                0x00403a60                __smakebuf_r
 .text._malloc_r
                0x00403b40      0x538 c:/program files (x86)/atmel/atmel toolchain/arm gcc/native/4.8.1437/arm-gnu-toolchain/bin/../lib/gcc/arm-none-eabi/4.8.4/../../../../arm-none-eabi/lib/armv7e-m\libc.a(lib_a-mallocr.o)
                0x00403b40                _malloc_r
 .text._mbrtowc_r
                0x00404078       0x5c c:/program files (x86)/atmel/atmel toolchain/arm gcc/native/4.8.1437/arm-gnu-toolchain/bin/../lib/gcc/arm-none-eabi/4.8.4/../../../../arm-none-eabi/lib/armv7e-m\libc.a(lib_a-mbrtowc.o)
                0x00404078                _mbrtowc_r
 .text.__ascii_mbtowc
                0x004040d4       0x2c c:/program files (x86)/atmel/atmel toolchain/arm gcc/native/4.8.1437/arm-gnu-toolchain/bin/../lib/gcc/arm-none-eabi/4.8.4/../../../../arm-none-eabi/lib/armv7e-m\libc.a(lib_a-mbtowc_r.o)
                0x004040d4                __ascii_mbtowc
 .text.memchr   0x00404100       0x90 c:/program files (x86)/atmel/atmel toolchain/arm gcc/native/4.8.1437/arm-gnu-toolchain/bin/../lib/gcc/arm-none-eabi/4.8.4/../../../../arm-none-eabi/lib/armv7e-m\libc.a(lib_a-memchr-stub.o)
                0x00404100                memchr
 .text          0x00404190      0x134 c:/program files (x86)/atmel/atmel toolchain/arm gcc/native/4.8.1437/arm-gnu-toolchain/bin/../lib/gcc/arm-none-eabi/4.8.4/../../../../arm-none-eabi/lib/armv7e-m\libc.a(lib_a-memcpy.o)
                0x00404190                memcpy
 .text.memmove  0x004042c4       0xc0 c:/program files (x86)/atmel/atmel toolchain/arm gcc/native/4.8.1437/arm-gnu-toolchain/bin/../lib/gcc/arm-none-eabi/4.8.4/../../../../arm-none-eabi/lib/armv7e-m\libc.a(lib_a-memmove.o)
                0x004042c4                memmove
 .text.__malloc_lock
                0x00404384        0x4 c:/program files (x86)/atmel/atmel toolchain/arm gcc/native/4.8.1437/arm-gnu-toolchain/bin/../lib/gcc/arm-none-eabi/4.8.4/../../../../arm-none-eabi/lib/armv7e-m\libc.a(lib_a-mlock.o)
                0x00404384                __malloc_lock
 .text.__malloc_unlock
                0x00404388        0x4 c:/program files (x86)/atmel/atmel toolchain/arm gcc/native/4.8.1437/arm-gnu-toolchain/bin/../lib/gcc/arm-none-eabi/4.8.4/../../../../arm-none-eabi/lib/armv7e-m\libc.a(lib_a-mlock.o)
                0x00404388                __malloc_unlock
 .text._realloc_r
                0x0040438c      0x3cc c:/program files (x86)/atmel/atmel toolchain/arm gcc/native/4.8.1437/arm-gnu-toolchain/bin/../lib/gcc/arm-none-eabi/4.8.4/../../../../arm-none-eabi/lib/armv7e-m\libc.a(lib_a-reallocr.o)
                0x0040438c                _realloc_r
 .text.lflush   0x00404758       0x14 c:/program files (x86)/atmel/atmel toolchain/arm gcc/native/4.8.1437/arm-gnu-toolchain/bin/../lib/gcc/arm-none-eabi/4.8.4/../../../../arm-none-eabi/lib/armv7e-m\libc.a(lib_a-refill.o)
 .text.__srefill_r
                0x0040476c      0x114 c:/program files (x86)/atmel/atmel toolchain/arm gcc/native/4.8.1437/arm-gnu-toolchain/bin/../lib/gcc/arm-none-eabi/4.8.4/../../../../arm-none-eabi/lib/armv7e-m\libc.a(lib_a-refill.o)
                0x0040476c                __srefill_r
 .text._sbrk_r  0x00404880       0x24 c:/program files (x86)/atmel/atmel toolchain/arm gcc/native/4.8.1437/arm-gnu-toolchain/bin/../lib/gcc/arm-none-eabi/4.8.4/../../../../arm-none-eabi/lib/armv7e-m\libc.a(lib_a-sbrkr.o)
                0x00404880                _sbrk_r
 .text.__sccl   0x004048a4       0x70 c:/program files (x86)/atmel/atmel toolchain/arm gcc/native/4.8.1437/arm-gnu-toolchain/bin/../lib/gcc/arm-none-eabi/4.8.4/../../../../arm-none-eabi/lib/armv7e-m\libc.a(lib_a-sccl.o)
                0x004048a4                __sccl
 .text.__sread  0x00404914       0x24 c:/program files (x86)/atmel/atmel toolchain/arm gcc/native/4.8.1437/arm-gnu-toolchain/bin/../lib/gcc/arm-none-eabi/4.8.4/../../../../arm-none-eabi/lib/armv7e-m\libc.a(lib_a-stdio.o)
                0x00404914                __sread
 .text.__swrite
                0x00404938       0x38 c:/program files (x86)/atmel/atmel toolchain/arm gcc/native/4.8.1437/arm-gnu-toolchain/bin/../lib/gcc/arm-none-eabi/4.8.4/../../../../arm-none-eabi/lib/armv7e-m\libc.a(lib_a-stdio.o)
                0x00404938                __swrite
 .text.__sseek  0x00404970       0x20 c:/program files (x86)/atmel/atmel toolchain/arm gcc/native/4.8.1437/arm-gnu-toolchain/bin/../lib/gcc/arm-none-eabi/4.8.4/../../../../arm-none-eabi/lib/armv7e-m\libc.a(lib_a-stdio.o)
                0x00404970                __sseek
 .text.__sclose
                0x00404990        0x8 c:/program files (x86)/atmel/atmel toolchain/arm gcc/native/4.8.1437/arm-gnu-toolchain/bin/../lib/gcc/arm-none-eabi/4.8.4/../../../../arm-none-eabi/lib/armv7e-m\libc.a(lib_a-stdio.o)
                0x00404990                __sclose
 .text._strtol_r
                0x00404998      0x114 c:/program files (x86)/atmel/atmel toolchain/arm gcc/native/4.8.1437/arm-gnu-toolchain/bin/../lib/gcc/arm-none-eabi/4.8.4/../../../../arm-none-eabi/lib/armv7e-m\libc.a(lib_a-strtol.o)
                0x00404998                _strtol_r
 .text._strtoll_r
                0x00404aac      0x19c c:/program files (x86)/atmel/atmel toolchain/arm gcc/native/4.8.1437/arm-gnu-toolchain/bin/../lib/gcc/arm-none-eabi/4.8.4/../../../../arm-none-eabi/lib/armv7e-m\libc.a(lib_a-strtoll_r.o)
                0x00404aac                _strtoll_r
 .text._strtoul_r
                0x00404c48      0x120 c:/program files (x86)/atmel/atmel toolchain/arm gcc/native/4.8.1437/arm-gnu-toolchain/bin/../lib/gcc/arm-none-eabi/4.8.4/../../../../arm-none-eabi/lib/armv7e-m\libc.a(lib_a-strtoul.o)
                0x00404c48                _strtoul_r
 .text._strtoull_r
                0x00404d68      0x190 c:/program files (x86)/atmel/atmel toolchain/arm gcc/native/4.8.1437/arm-gnu-toolchain/bin/../lib/gcc/arm-none-eabi/4.8.4/../../../../arm-none-eabi/lib/armv7e-m\libc.a(lib_a-strtoull_r.o)
                0x00404d68                _strtoull_r
 .text.__submore
                0x00404ef8       0x78 c:/program files (x86)/atmel/atmel toolchain/arm gcc/native/4.8.1437/arm-gnu-toolchain/bin/../lib/gcc/arm-none-eabi/4.8.4/../../../../arm-none-eabi/lib/armv7e-m\libc.a(lib_a-ungetc.o)
                0x00404ef8                __submore
 .text._ungetc_r
                0x00404f70       0xd4 c:/program files (x86)/atmel/atmel toolchain/arm gcc/native/4.8.1437/arm-gnu-toolchain/bin/../lib/gcc/arm-none-eabi/4.8.4/../../../../arm-none-eabi/lib/armv7e-m\libc.a(lib_a-ungetc.o)
                0x00404f70                _ungetc_r
 .text.__swbuf_r
                0x00405044       0xa8 c:/program files (x86)/atmel/atmel toolchain/arm gcc/native/4.8.1437/arm-gnu-toolchain/bin/../lib/gcc/arm-none-eabi/4.8.4/../../../../arm-none-eabi/lib/armv7e-m\libc.a(lib_a-wbuf.o)
                0x00405044                __swbuf_r
 .text._wcrtomb_r
                0x004050ec       0x50 c:/program files (x86)/atmel/atmel toolchain/arm gcc/native/4.8.1437/arm-gnu-toolchain/bin/../lib/gcc/arm-none-eabi/4.8.4/../../../../arm-none-eabi/lib/armv7e-m\libc.a(lib_a-wcrtomb.o)
                0x004050ec                _wcrtomb_r
 .text.__ascii_wctomb
                0x0040513c       0x1c c:/program files (x86)/atmel/atmel toolchain/arm gcc/native/4.8.1437/arm-gnu-toolchain/bin/../lib/gcc/arm-none-eabi/4.8.4/../../../../arm-none-eabi/lib/armv7e-m\libc.a(lib_a-wctomb_r.o)
                0x0040513c                __ascii_wctomb
 .text._write_r
                0x00405158       0x28 c:/program files (x86)/atmel/atmel toolchain/arm gcc/native/4.8.1437/arm-gnu-toolchain/bin/../lib/gcc/arm-none-eabi/4.8.4/../../../../arm-none-eabi/lib/armv7e-m\libc.a(lib_a-writer.o)
                0x00405158                _write_r
 .text.__register_exitproc
                0x00405180       0xa8 c:/program files (x86)/atmel/atmel toolchain/arm gcc/native/4.8.1437/arm-gnu-toolchain/bin/../lib/gcc/arm-none-eabi/4.8.4/../../../../arm-none-eabi/lib/armv7e-m\libc.a(lib_a-__atexit.o)
                0x00405180                __register_exitproc
 .text._close_r
                0x00405228       0x24 c:/program files (x86)/atmel/atmel toolchain/arm gcc/native/4.8.1437/arm-gnu-toolchain/bin/../lib/gcc/arm-none-eabi/4.8.4/../../../../arm-none-eabi/lib/armv7e-m\libc.a(lib_a-closer.o)
                0x00405228                _close_r
 .text._fclose_r
                0x0040524c       0x80 c:/program files (x86)/atmel/atmel toolchain/arm gcc/native/4.8.1437/arm-gnu-toolchain/bin/../lib/gcc/arm-none-eabi/4.8.4/../../../../arm-none-eabi/lib/armv7e-m\libc.a(lib_a-fclose.o)
                0x0040524c                _fclose_r
 .text.fclose   0x004052cc       0x10 c:/program files (x86)/atmel/atmel toolchain/arm gcc/native/4.8.1437/arm-gnu-toolchain/bin/../lib/gcc/arm-none-eabi/4.8.4/../../../../arm-none-eabi/lib/armv7e-m\libc.a(lib_a-fclose.o)
                0x004052cc                fclose
 .text._fstat_r
                0x004052dc       0x28 c:/program files (x86)/atmel/atmel toolchain/arm gcc/native/4.8.1437/arm-gnu-toolchain/bin/../lib/gcc/arm-none-eabi/4.8.4/../../../../arm-none-eabi/lib/armv7e-m\libc.a(lib_a-fstatr.o)
                0x004052dc                _fstat_r
 .text._isatty_r
                0x00405304       0x24 c:/program files (x86)/atmel/atmel toolchain/arm gcc/native/4.8.1437/arm-gnu-toolchain/bin/../lib/gcc/arm-none-eabi/4.8.4/../../../../arm-none-eabi/lib/armv7e-m\libc.a(lib_a-isattyr.o)
                0x00405304                _isatty_r
 .text._lseek_r
                0x00405328       0x28 c:/program files (x86)/atmel/atmel toolchain/arm gcc/native/4.8.1437/arm-gnu-toolchain/bin/../lib/gcc/arm-none-eabi/4.8.4/../../../../arm-none-eabi/lib/armv7e-m\libc.a(lib_a-lseekr.o)
                0x00405328                _lseek_r
 .text._read_r  0x00405350       0x28 c:/program files (x86)/atmel/atmel toolchain/arm gcc/native/4.8.1437/arm-gnu-toolchain/bin/../lib/gcc/arm-none-eabi/4.8.4/../../../../arm-none-eabi/lib/armv7e-m\libc.a(lib_a-readr.o)
                0x00405350                _read_r
 .text          0x00405378       0x2c c:/program files (x86)/atmel/atmel toolchain/arm gcc/native/4.8.1437/arm-gnu-toolchain/bin/../lib/gcc/arm-none-eabi/4.8.4/armv7e-m\libgcc.a(_aeabi_uldivmod.o)
                0x00405378                __aeabi_uldivmod
 *(.glue_7t)
 .glue_7t       0x00000000        0x0 linker stubs
 *(.glue_7)
 .glue_7        0x00000000        0x0 linker stubs
 *(.rodata .rodata* .gnu.linkonce.r.*)
 .rodata.str1.4
                0x004053a4      0x110 src/spi_example.o
 .rodata.str1.4
                0x004054b4        0x2 c:/program files (x86)/atmel/atmel toolchain/arm gcc/native/4.8.1437/arm-gnu-toolchain/bin/../lib/gcc/arm-none-eabi/4.8.4/../../../../arm-none-eabi/lib/armv7e-m\libc.a(lib_a-impure.o)
                                  0x4 (size before relaxing)
 *fill*         0x004054b6        0x2 
 .rodata._global_impure_ptr
                0x004054b8        0x4 c:/program files (x86)/atmel/atmel toolchain/arm gcc/native/4.8.1437/arm-gnu-toolchain/bin/../lib/gcc/arm-none-eabi/4.8.4/../../../../arm-none-eabi/lib/armv7e-m\libc.a(lib_a-impure.o)
                0x004054b8                _global_impure_ptr
 .rodata.str1.4
                0x004054bc        0x2 c:/program files (x86)/atmel/atmel toolchain/arm gcc/native/4.8.1437/arm-gnu-toolchain/bin/../lib/gcc/arm-none-eabi/4.8.4/../../../../arm-none-eabi/lib/armv7e-m\libc.a(lib_a-puts.o)
                                  0x4 (size before relaxing)
 *fill*         0x004054be        0x2 
 .rodata.str1.4
                0x004054c0       0x2f c:/program files (x86)/atmel/atmel toolchain/arm gcc/native/4.8.1437/arm-gnu-toolchain/bin/../lib/gcc/arm-none-eabi/4.8.4/../../../../arm-none-eabi/lib/armv7e-m\libc.a(lib_a-vfiprintf.o)
                                 0x30 (size before relaxing)
 *fill*         0x004054ef        0x1 
 .rodata.zeroes.6721
                0x004054f0       0x10 c:/program files (x86)/atmel/atmel toolchain/arm gcc/native/4.8.1437/arm-gnu-toolchain/bin/../lib/gcc/arm-none-eabi/4.8.4/../../../../arm-none-eabi/lib/armv7e-m\libc.a(lib_a-vfiprintf.o)
 .rodata.blanks.6720
                0x00405500       0x10 c:/program files (x86)/atmel/atmel toolchain/arm gcc/native/4.8.1437/arm-gnu-toolchain/bin/../lib/gcc/arm-none-eabi/4.8.4/../../../../arm-none-eabi/lib/armv7e-m\libc.a(lib_a-vfiprintf.o)
 .rodata.basefix.6187
                0x00405510       0x24 c:/program files (x86)/atmel/atmel toolchain/arm gcc/native/4.8.1437/arm-gnu-toolchain/bin/../lib/gcc/arm-none-eabi/4.8.4/../../../../arm-none-eabi/lib/armv7e-m\libc.a(lib_a-vfiscanf.o)
 .rodata._ctype_
                0x00405534      0x104 c:/program files (x86)/atmel/atmel toolchain/arm gcc/native/4.8.1437/arm-gnu-toolchain/bin/../lib/gcc/arm-none-eabi/4.8.4/../../../../arm-none-eabi/lib/armv7e-m\libc.a(lib_a-ctype_.o)
                0x00405534                _ctype_
 .rodata.str1.4
                0x00000000       0x30 c:/program files (x86)/atmel/atmel toolchain/arm gcc/native/4.8.1437/arm-gnu-toolchain/bin/../lib/gcc/arm-none-eabi/4.8.4/../../../../arm-none-eabi/lib/armv7e-m\libc.a(lib_a-mbrtowc.o)
                                  0x4 (size before relaxing)
 *(.ARM.extab* .gnu.linkonce.armextab.*)
                0x00405638                . = ALIGN (0x4)
 *(.init)
 .init          0x00405638        0x4 c:/program files (x86)/atmel/atmel toolchain/arm gcc/native/4.8.1437/arm-gnu-toolchain/bin/../lib/gcc/arm-none-eabi/4.8.4/armv7e-m/crti.o
                0x00405638                _init
 .init          0x0040563c        0x8 c:/program files (x86)/atmel/atmel toolchain/arm gcc/native/4.8.1437/arm-gnu-toolchain/bin/../lib/gcc/arm-none-eabi/4.8.4/armv7e-m/crtn.o
                0x00405644                . = ALIGN (0x4)
                0x00405644                __preinit_array_start = .
 *(.preinit_array)
                0x00405644                __preinit_array_end = .
                0x00405644                . = ALIGN (0x4)
                0x00405644                __init_array_start = .
 *(SORT(.init_array.*))
 .init_array.00000
                0x00405644        0x4 c:/program files (x86)/atmel/atmel toolchain/arm gcc/native/4.8.1437/arm-gnu-toolchain/bin/../lib/gcc/arm-none-eabi/4.8.4/../../../../arm-none-eabi/lib/armv7e-m\libc.a(lib_a-__call_atexit.o)
 *(.init_array)
 .init_array    0x00405648        0x4 c:/program files (x86)/atmel/atmel toolchain/arm gcc/native/4.8.1437/arm-gnu-toolchain/bin/../lib/gcc/arm-none-eabi/4.8.4/armv7e-m/crtbegin.o
                0x0040564c                __init_array_end = .
                0x0040564c                . = ALIGN (0x4)
 *crtbegin.o(.ctors)
 *(EXCLUDE_FILE(*crtend.o) .ctors)
 *(SORT(.ctors.*))
 *crtend.o(.ctors)
                0x0040564c                . = ALIGN (0x4)
 *(.fini)
 .fini          0x0040564c        0x4 c:/program files (x86)/atmel/atmel toolchain/arm gcc/native/4.8.1437/arm-gnu-toolchain/bin/../lib/gcc/arm-none-eabi/4.8.4/armv7e-m/crti.o
                0x0040564c                _fini
 .fini          0x00405650        0x8 c:/program files (x86)/atmel/atmel toolchain/arm gcc/native/4.8.1437/arm-gnu-toolchain/bin/../lib/gcc/arm-none-eabi/4.8.4/armv7e-m/crtn.o
                0x00405658                . = ALIGN (0x4)
                0x00405658                __fini_array_start = .
 *(.fini_array)
 .fini_array    0x00405658        0x4 c:/program files (x86)/atmel/atmel toolchain/arm gcc/native/4.8.1437/arm-gnu-toolchain/bin/../lib/gcc/arm-none-eabi/4.8.4/armv7e-m/crtbegin.o
 *(SORT(.fini_array.*))
                0x0040565c                __fini_array_end = .
 *crtbegin.o(.dtors)
 *(EXCLUDE_FILE(*crtend.o) .dtors)
 *(SORT(.dtors.*))
 *crtend.o(.dtors)
                0x0040565c                . = ALIGN (0x4)
                0x0040565c                _efixed = .
                0x0040565c                PROVIDE (__exidx_start, .)

.vfp11_veneer   0x0040565c        0x0
 .vfp11_veneer  0x00000000        0x0 linker stubs

.v4_bx          0x0040565c        0x0
 .v4_bx         0x00000000        0x0 linker stubs

.iplt           0x0040565c        0x0
 .iplt          0x00000000        0x0 c:/program files (x86)/atmel/atmel toolchain/arm gcc/native/4.8.1437/arm-gnu-toolchain/bin/../lib/gcc/arm-none-eabi/4.8.4/armv7e-m/crtbegin.o

.ARM.exidx      0x0040565c        0x8
 *(.ARM.exidx* .gnu.linkonce.armexidx.*)
 .ARM.exidx     0x0040565c        0x8 c:/program files (x86)/atmel/atmel toolchain/arm gcc/native/4.8.1437/arm-gnu-toolchain/bin/../lib/gcc/arm-none-eabi/4.8.4/armv7e-m\libgcc.a(_divdi3.o)
 .ARM.exidx     0x00405664        0x0 c:/program files (x86)/atmel/atmel toolchain/arm gcc/native/4.8.1437/arm-gnu-toolchain/bin/../lib/gcc/arm-none-eabi/4.8.4/armv7e-m\libgcc.a(_udivdi3.o)
                                  0x8 (size before relaxing)
                0x00405664                PROVIDE (__exidx_end, .)

.eh_frame       0x00405664        0x0
 .eh_frame      0x00405664        0x0 c:/program files (x86)/atmel/atmel toolchain/arm gcc/native/4.8.1437/arm-gnu-toolchain/bin/../lib/gcc/arm-none-eabi/4.8.4/armv7e-m/crtbegin.o

.rel.dyn        0x00405664        0x0
 .rel.iplt      0x00000000        0x0 c:/program files (x86)/atmel/atmel toolchain/arm gcc/native/4.8.1437/arm-gnu-toolchain/bin/../lib/gcc/arm-none-eabi/4.8.4/armv7e-m/crtbegin.o

.jcr            0x00405664        0x0
 .jcr           0x00405664        0x0 c:/program files (x86)/atmel/atmel toolchain/arm gcc/native/4.8.1437/arm-gnu-toolchain/bin/../lib/gcc/arm-none-eabi/4.8.4/armv7e-m/crtbegin.o

.igot.plt       0x00405664        0x0
 .igot.plt      0x00000000        0x0 c:/program files (x86)/atmel/atmel toolchain/arm gcc/native/4.8.1437/arm-gnu-toolchain/bin/../lib/gcc/arm-none-eabi/4.8.4/armv7e-m/crtbegin.o
                0x00405664                . = ALIGN (0x4)
                0x00405664                _etext = .

.relocate       0x20000000      0x874 load address 0x00405664
                0x20000000                . = ALIGN (0x4)
                0x20000000                _srelocate = .
 *(.ramfunc .ramfunc.*)
 *(.data .data.*)
 .data.SystemCoreClock
                0x20000000        0x4 src/ASF/sam/utils/cmsis/sam4s/source/templates/system_sam4s.o
                0x20000000                SystemCoreClock
 *fill*         0x20000004        0x4 
 .data.impure_data
                0x20000008      0x428 c:/program files (x86)/atmel/atmel toolchain/arm gcc/native/4.8.1437/arm-gnu-toolchain/bin/../lib/gcc/arm-none-eabi/4.8.4/../../../../arm-none-eabi/lib/armv7e-m\libc.a(lib_a-impure.o)
 .data._impure_ptr
                0x20000430        0x4 c:/program files (x86)/atmel/atmel toolchain/arm gcc/native/4.8.1437/arm-gnu-toolchain/bin/../lib/gcc/arm-none-eabi/4.8.4/../../../../arm-none-eabi/lib/armv7e-m\libc.a(lib_a-impure.o)
                0x20000430                _impure_ptr
 .data.__ctype_ptr__
                0x20000434        0x4 c:/program files (x86)/atmel/atmel toolchain/arm gcc/native/4.8.1437/arm-gnu-toolchain/bin/../lib/gcc/arm-none-eabi/4.8.4/../../../../arm-none-eabi/lib/armv7e-m\libc.a(lib_a-ctype_.o)
                0x20000434                __ctype_ptr__
 .data.lc_ctype_charset
                0x20000438       0x20 c:/program files (x86)/atmel/atmel toolchain/arm gcc/native/4.8.1437/arm-gnu-toolchain/bin/../lib/gcc/arm-none-eabi/4.8.4/../../../../arm-none-eabi/lib/armv7e-m\libc.a(lib_a-locale.o)
 .data.__mb_cur_max
                0x20000458        0x4 c:/program files (x86)/atmel/atmel toolchain/arm gcc/native/4.8.1437/arm-gnu-toolchain/bin/../lib/gcc/arm-none-eabi/4.8.4/../../../../arm-none-eabi/lib/armv7e-m\libc.a(lib_a-locale.o)
                0x20000458                __mb_cur_max
 .data.__malloc_av_
                0x2000045c      0x408 c:/program files (x86)/atmel/atmel toolchain/arm gcc/native/4.8.1437/arm-gnu-toolchain/bin/../lib/gcc/arm-none-eabi/4.8.4/../../../../arm-none-eabi/lib/armv7e-m\libc.a(lib_a-mallocr.o)
                0x2000045c                __malloc_av_
 .data.__malloc_trim_threshold
                0x20000864        0x4 c:/program files (x86)/atmel/atmel toolchain/arm gcc/native/4.8.1437/arm-gnu-toolchain/bin/../lib/gcc/arm-none-eabi/4.8.4/../../../../arm-none-eabi/lib/armv7e-m\libc.a(lib_a-mallocr.o)
                0x20000864                __malloc_trim_threshold
 .data.__malloc_sbrk_base
                0x20000868        0x4 c:/program files (x86)/atmel/atmel toolchain/arm gcc/native/4.8.1437/arm-gnu-toolchain/bin/../lib/gcc/arm-none-eabi/4.8.4/../../../../arm-none-eabi/lib/armv7e-m\libc.a(lib_a-mallocr.o)
                0x20000868                __malloc_sbrk_base
 .data.__mbtowc
                0x2000086c        0x4 c:/program files (x86)/atmel/atmel toolchain/arm gcc/native/4.8.1437/arm-gnu-toolchain/bin/../lib/gcc/arm-none-eabi/4.8.4/../../../../arm-none-eabi/lib/armv7e-m\libc.a(lib_a-mbtowc_r.o)
                0x2000086c                __mbtowc
 .data.__wctomb
                0x20000870        0x4 c:/program files (x86)/atmel/atmel toolchain/arm gcc/native/4.8.1437/arm-gnu-toolchain/bin/../lib/gcc/arm-none-eabi/4.8.4/../../../../arm-none-eabi/lib/armv7e-m\libc.a(lib_a-wctomb_r.o)
                0x20000870                __wctomb
                0x20000874                . = ALIGN (0x4)
                0x20000874                _erelocate = .

.bss            0x20000874       0xdc load address 0x00405ed8
                0x20000874                . = ALIGN (0x4)
                0x20000874                _sbss = .
                0x20000874                _szero = .
 *(.bss .bss.*)
 .bss           0x20000874       0x1c c:/program files (x86)/atmel/atmel toolchain/arm gcc/native/4.8.1437/arm-gnu-toolchain/bin/../lib/gcc/arm-none-eabi/4.8.4/armv7e-m/crtbegin.o
 .bss.pio_capture_handler
                0x20000890        0x4 src/ASF/sam/drivers/pio/pio_handler.o
 .bss.gs_interrupt_sources
                0x20000894       0x70 src/ASF/sam/drivers/pio/pio_handler.o
 .bss.heap.5098
                0x20000904        0x4 src/ASF/sam/utils/syscalls/gcc/syscalls.o
 .bss.__malloc_max_total_mem
                0x20000908        0x4 c:/program files (x86)/atmel/atmel toolchain/arm gcc/native/4.8.1437/arm-gnu-toolchain/bin/../lib/gcc/arm-none-eabi/4.8.4/../../../../arm-none-eabi/lib/armv7e-m\libc.a(lib_a-mallocr.o)
                0x20000908                __malloc_max_total_mem
 .bss.__malloc_max_sbrked_mem
                0x2000090c        0x4 c:/program files (x86)/atmel/atmel toolchain/arm gcc/native/4.8.1437/arm-gnu-toolchain/bin/../lib/gcc/arm-none-eabi/4.8.4/../../../../arm-none-eabi/lib/armv7e-m\libc.a(lib_a-mallocr.o)
                0x2000090c                __malloc_max_sbrked_mem
 .bss.__malloc_top_pad
                0x20000910        0x4 c:/program files (x86)/atmel/atmel toolchain/arm gcc/native/4.8.1437/arm-gnu-toolchain/bin/../lib/gcc/arm-none-eabi/4.8.4/../../../../arm-none-eabi/lib/armv7e-m\libc.a(lib_a-mallocr.o)
                0x20000910                __malloc_top_pad
 .bss.__malloc_current_mallinfo
                0x20000914       0x28 c:/program files (x86)/atmel/atmel toolchain/arm gcc/native/4.8.1437/arm-gnu-toolchain/bin/../lib/gcc/arm-none-eabi/4.8.4/../../../../arm-none-eabi/lib/armv7e-m\libc.a(lib_a-mallocr.o)
                0x20000914                __malloc_current_mallinfo
 *(COMMON)
 COMMON         0x2000093c        0x4 src/ASF/common/utils/stdio/read.o
                0x2000093c                ptr_get
 COMMON         0x20000940        0x8 src/ASF/common/utils/stdio/write.o
                0x20000940                ptr_put
                0x20000944                stdio_base
 COMMON         0x20000948        0x4 src/ASF/sam/drivers/pio/pio.o
                0x20000948                pio_capture_enable_flag
 COMMON         0x2000094c        0x4 c:/program files (x86)/atmel/atmel toolchain/arm gcc/native/4.8.1437/arm-gnu-toolchain/bin/../lib/gcc/arm-none-eabi/4.8.4/../../../../arm-none-eabi/lib/armv7e-m\libc.a(lib_a-reent.o)
                0x2000094c                errno
                0x20000950                . = ALIGN (0x4)
                0x20000950                _ebss = .
                0x20000950                _ezero = .

.stack          0x20000950     0x3000 load address 0x00405fb4
                0x20000950                . = ALIGN (0x8)
                0x20000950                _sstack = .
                0x20003950                . = (. + __stack_size__)
 *fill*         0x20000950     0x3000 
                0x20003950                . = ALIGN (0x8)
                0x20003950                _estack = .
                0x20003950                . = ALIGN (0x4)
                0x20003950                _end = .
OUTPUT(SPI_try.elf elf32-littlearm)

.ARM.attributes
                0x00000000       0x2a
 .ARM.attributes
                0x00000000       0x1e c:/program files (x86)/atmel/atmel toolchain/arm gcc/native/4.8.1437/arm-gnu-toolchain/bin/../lib/gcc/arm-none-eabi/4.8.4/armv7e-m/crti.o
 .ARM.attributes
                0x0000001e       0x2e c:/program files (x86)/atmel/atmel toolchain/arm gcc/native/4.8.1437/arm-gnu-toolchain/bin/../lib/gcc/arm-none-eabi/4.8.4/armv7e-m/crtbegin.o
 .ARM.attributes
                0x0000004c       0x33 src/ASF/common/services/clock/sam4s/sysclk.o
 .ARM.attributes
                0x0000007f       0x33 src/ASF/common/utils/stdio/read.o
 .ARM.attributes
                0x000000b2       0x33 src/ASF/common/utils/stdio/write.o
 .ARM.attributes
                0x000000e5       0x33 src/ASF/sam/boards/sam4s_xplained/init.o
 .ARM.attributes
                0x00000118       0x33 src/ASF/sam/drivers/pio/pio.o
 .ARM.attributes
                0x0000014b       0x33 src/ASF/sam/drivers/pio/pio_handler.o
 .ARM.attributes
                0x0000017e       0x33 src/ASF/sam/drivers/pmc/pmc.o
 .ARM.attributes
                0x000001b1       0x33 src/ASF/sam/drivers/spi/spi.o
 .ARM.attributes
                0x000001e4       0x33 src/ASF/sam/utils/cmsis/sam4s/source/templates/gcc/startup_sam4s.o
 .ARM.attributes
                0x00000217       0x33 src/ASF/sam/utils/cmsis/sam4s/source/templates/system_sam4s.o
 .ARM.attributes
                0x0000024a       0x33 src/ASF/sam/utils/syscalls/gcc/syscalls.o
 .ARM.attributes
                0x0000027d       0x33 src/spi_example.o
 .ARM.attributes
                0x000002b0       0x1e c:/program files (x86)/atmel/atmel toolchain/arm gcc/native/4.8.1437/arm-gnu-toolchain/bin/../lib/gcc/arm-none-eabi/4.8.4/armv7e-m\libgcc.a(_aeabi_ldivmod.o)
 .ARM.attributes
                0x000002ce       0x2e c:/program files (x86)/atmel/atmel toolchain/arm gcc/native/4.8.1437/arm-gnu-toolchain/bin/../lib/gcc/arm-none-eabi/4.8.4/armv7e-m\libgcc.a(bpabi.o)
 .ARM.attributes
                0x000002fc       0x1e c:/program files (x86)/atmel/atmel toolchain/arm gcc/native/4.8.1437/arm-gnu-toolchain/bin/../lib/gcc/arm-none-eabi/4.8.4/armv7e-m\libgcc.a(_dvmd_tls.o)
 .ARM.attributes
                0x0000031a       0x2e c:/program files (x86)/atmel/atmel toolchain/arm gcc/native/4.8.1437/arm-gnu-toolchain/bin/../lib/gcc/arm-none-eabi/4.8.4/armv7e-m\libgcc.a(_divdi3.o)
 .ARM.attributes
                0x00000348       0x2e c:/program files (x86)/atmel/atmel toolchain/arm gcc/native/4.8.1437/arm-gnu-toolchain/bin/../lib/gcc/arm-none-eabi/4.8.4/armv7e-m\libgcc.a(_udivdi3.o)
 .ARM.attributes
                0x00000376       0x2e c:/program files (x86)/atmel/atmel toolchain/arm gcc/native/4.8.1437/arm-gnu-toolchain/bin/../lib/gcc/arm-none-eabi/4.8.4/../../../../arm-none-eabi/lib/armv7e-m\libc.a(lib_a-impure.o)
 .ARM.attributes
                0x000003a4       0x2e c:/program files (x86)/atmel/atmel toolchain/arm gcc/native/4.8.1437/arm-gnu-toolchain/bin/../lib/gcc/arm-none-eabi/4.8.4/../../../../arm-none-eabi/lib/armv7e-m\libc.a(lib_a-init.o)
 .ARM.attributes
                0x000003d2       0x2e c:/program files (x86)/atmel/atmel toolchain/arm gcc/native/4.8.1437/arm-gnu-toolchain/bin/../lib/gcc/arm-none-eabi/4.8.4/../../../../arm-none-eabi/lib/armv7e-m\libc.a(lib_a-iprintf.o)
 .ARM.attributes
                0x00000400       0x2e c:/program files (x86)/atmel/atmel toolchain/arm gcc/native/4.8.1437/arm-gnu-toolchain/bin/../lib/gcc/arm-none-eabi/4.8.4/../../../../arm-none-eabi/lib/armv7e-m\libc.a(lib_a-iscanf.o)
 .ARM.attributes
                0x0000042e       0x2e c:/program files (x86)/atmel/atmel toolchain/arm gcc/native/4.8.1437/arm-gnu-toolchain/bin/../lib/gcc/arm-none-eabi/4.8.4/../../../../arm-none-eabi/lib/armv7e-m\libc.a(lib_a-memset.o)
 .ARM.attributes
                0x0000045c       0x2e c:/program files (x86)/atmel/atmel toolchain/arm gcc/native/4.8.1437/arm-gnu-toolchain/bin/../lib/gcc/arm-none-eabi/4.8.4/../../../../arm-none-eabi/lib/armv7e-m\libc.a(lib_a-puts.o)
 .ARM.attributes
                0x0000048a       0x1c c:/program files (x86)/atmel/atmel toolchain/arm gcc/native/4.8.1437/arm-gnu-toolchain/bin/../lib/gcc/arm-none-eabi/4.8.4/../../../../arm-none-eabi/lib/armv7e-m\libc.a(lib_a-strcmp.o)
 .ARM.attributes
                0x000004a6       0x2e c:/program files (x86)/atmel/atmel toolchain/arm gcc/native/4.8.1437/arm-gnu-toolchain/bin/../lib/gcc/arm-none-eabi/4.8.4/../../../../arm-none-eabi/lib/armv7e-m\libc.a(lib_a-strlen.o)
 .ARM.attributes
                0x000004d4       0x2e c:/program files (x86)/atmel/atmel toolchain/arm gcc/native/4.8.1437/arm-gnu-toolchain/bin/../lib/gcc/arm-none-eabi/4.8.4/../../../../arm-none-eabi/lib/armv7e-m\libc.a(lib_a-vfiprintf.o)
 .ARM.attributes
                0x00000502       0x2e c:/program files (x86)/atmel/atmel toolchain/arm gcc/native/4.8.1437/arm-gnu-toolchain/bin/../lib/gcc/arm-none-eabi/4.8.4/../../../../arm-none-eabi/lib/armv7e-m\libc.a(lib_a-vfiscanf.o)
 .ARM.attributes
                0x00000530       0x2e c:/program files (x86)/atmel/atmel toolchain/arm gcc/native/4.8.1437/arm-gnu-toolchain/bin/../lib/gcc/arm-none-eabi/4.8.4/../../../../arm-none-eabi/lib/armv7e-m\libc.a(lib_a-wsetup.o)
 .ARM.attributes
                0x0000055e       0x2e c:/program files (x86)/atmel/atmel toolchain/arm gcc/native/4.8.1437/arm-gnu-toolchain/bin/../lib/gcc/arm-none-eabi/4.8.4/../../../../arm-none-eabi/lib/armv7e-m\libc.a(lib_a-__call_atexit.o)
 .ARM.attributes
                0x0000058c       0x2e c:/program files (x86)/atmel/atmel toolchain/arm gcc/native/4.8.1437/arm-gnu-toolchain/bin/../lib/gcc/arm-none-eabi/4.8.4/../../../../arm-none-eabi/lib/armv7e-m\libc.a(lib_a-atexit.o)
 .ARM.attributes
                0x000005ba       0x2e c:/program files (x86)/atmel/atmel toolchain/arm gcc/native/4.8.1437/arm-gnu-toolchain/bin/../lib/gcc/arm-none-eabi/4.8.4/../../../../arm-none-eabi/lib/armv7e-m\libc.a(lib_a-ctype_.o)
 .ARM.attributes
                0x000005e8       0x2e c:/program files (x86)/atmel/atmel toolchain/arm gcc/native/4.8.1437/arm-gnu-toolchain/bin/../lib/gcc/arm-none-eabi/4.8.4/../../../../arm-none-eabi/lib/armv7e-m\libc.a(lib_a-fflush.o)
 .ARM.attributes
                0x00000616       0x2e c:/program files (x86)/atmel/atmel toolchain/arm gcc/native/4.8.1437/arm-gnu-toolchain/bin/../lib/gcc/arm-none-eabi/4.8.4/../../../../arm-none-eabi/lib/armv7e-m\libc.a(lib_a-findfp.o)
 .ARM.attributes
                0x00000644       0x2e c:/program files (x86)/atmel/atmel toolchain/arm gcc/native/4.8.1437/arm-gnu-toolchain/bin/../lib/gcc/arm-none-eabi/4.8.4/../../../../arm-none-eabi/lib/armv7e-m\libc.a(lib_a-fini.o)
 .ARM.attributes
                0x00000672       0x2e c:/program files (x86)/atmel/atmel toolchain/arm gcc/native/4.8.1437/arm-gnu-toolchain/bin/../lib/gcc/arm-none-eabi/4.8.4/../../../../arm-none-eabi/lib/armv7e-m\libc.a(lib_a-fputwc.o)
 .ARM.attributes
                0x000006a0       0x2e c:/program files (x86)/atmel/atmel toolchain/arm gcc/native/4.8.1437/arm-gnu-toolchain/bin/../lib/gcc/arm-none-eabi/4.8.4/../../../../arm-none-eabi/lib/armv7e-m\libc.a(lib_a-fread.o)
 .ARM.attributes
                0x000006ce       0x2e c:/program files (x86)/atmel/atmel toolchain/arm gcc/native/4.8.1437/arm-gnu-toolchain/bin/../lib/gcc/arm-none-eabi/4.8.4/../../../../arm-none-eabi/lib/armv7e-m\libc.a(lib_a-freer.o)
 .ARM.attributes
                0x000006fc       0x2e c:/program files (x86)/atmel/atmel toolchain/arm gcc/native/4.8.1437/arm-gnu-toolchain/bin/../lib/gcc/arm-none-eabi/4.8.4/../../../../arm-none-eabi/lib/armv7e-m\libc.a(lib_a-fvwrite.o)
 .ARM.attributes
                0x0000072a       0x2e c:/program files (x86)/atmel/atmel toolchain/arm gcc/native/4.8.1437/arm-gnu-toolchain/bin/../lib/gcc/arm-none-eabi/4.8.4/../../../../arm-none-eabi/lib/armv7e-m\libc.a(lib_a-fwalk.o)
 .ARM.attributes
                0x00000758       0x2e c:/program files (x86)/atmel/atmel toolchain/arm gcc/native/4.8.1437/arm-gnu-toolchain/bin/../lib/gcc/arm-none-eabi/4.8.4/../../../../arm-none-eabi/lib/armv7e-m\libc.a(lib_a-iswspace.o)
 .ARM.attributes
                0x00000786       0x2e c:/program files (x86)/atmel/atmel toolchain/arm gcc/native/4.8.1437/arm-gnu-toolchain/bin/../lib/gcc/arm-none-eabi/4.8.4/../../../../arm-none-eabi/lib/armv7e-m\libc.a(lib_a-locale.o)
 .ARM.attributes
                0x000007b4       0x2e c:/program files (x86)/atmel/atmel toolchain/arm gcc/native/4.8.1437/arm-gnu-toolchain/bin/../lib/gcc/arm-none-eabi/4.8.4/../../../../arm-none-eabi/lib/armv7e-m\libc.a(lib_a-makebuf.o)
 .ARM.attributes
                0x000007e2       0x2e c:/program files (x86)/atmel/atmel toolchain/arm gcc/native/4.8.1437/arm-gnu-toolchain/bin/../lib/gcc/arm-none-eabi/4.8.4/../../../../arm-none-eabi/lib/armv7e-m\libc.a(lib_a-mallocr.o)
 .ARM.attributes
                0x00000810       0x2e c:/program files (x86)/atmel/atmel toolchain/arm gcc/native/4.8.1437/arm-gnu-toolchain/bin/../lib/gcc/arm-none-eabi/4.8.4/../../../../arm-none-eabi/lib/armv7e-m\libc.a(lib_a-mbrtowc.o)
 .ARM.attributes
                0x0000083e       0x2e c:/program files (x86)/atmel/atmel toolchain/arm gcc/native/4.8.1437/arm-gnu-toolchain/bin/../lib/gcc/arm-none-eabi/4.8.4/../../../../arm-none-eabi/lib/armv7e-m\libc.a(lib_a-mbtowc_r.o)
 .ARM.attributes
                0x0000086c       0x2e c:/program files (x86)/atmel/atmel toolchain/arm gcc/native/4.8.1437/arm-gnu-toolchain/bin/../lib/gcc/arm-none-eabi/4.8.4/../../../../arm-none-eabi/lib/armv7e-m\libc.a(lib_a-memchr-stub.o)
 .ARM.attributes
                0x0000089a       0x1c c:/program files (x86)/atmel/atmel toolchain/arm gcc/native/4.8.1437/arm-gnu-toolchain/bin/../lib/gcc/arm-none-eabi/4.8.4/../../../../arm-none-eabi/lib/armv7e-m\libc.a(lib_a-memcpy.o)
 .ARM.attributes
                0x000008b6       0x2e c:/program files (x86)/atmel/atmel toolchain/arm gcc/native/4.8.1437/arm-gnu-toolchain/bin/../lib/gcc/arm-none-eabi/4.8.4/../../../../arm-none-eabi/lib/armv7e-m\libc.a(lib_a-memmove.o)
 .ARM.attributes
                0x000008e4       0x2e c:/program files (x86)/atmel/atmel toolchain/arm gcc/native/4.8.1437/arm-gnu-toolchain/bin/../lib/gcc/arm-none-eabi/4.8.4/../../../../arm-none-eabi/lib/armv7e-m\libc.a(lib_a-mlock.o)
 .ARM.attributes
                0x00000912       0x2e c:/program files (x86)/atmel/atmel toolchain/arm gcc/native/4.8.1437/arm-gnu-toolchain/bin/../lib/gcc/arm-none-eabi/4.8.4/../../../../arm-none-eabi/lib/armv7e-m\libc.a(lib_a-reallocr.o)
 .ARM.attributes
                0x00000940       0x2e c:/program files (x86)/atmel/atmel toolchain/arm gcc/native/4.8.1437/arm-gnu-toolchain/bin/../lib/gcc/arm-none-eabi/4.8.4/../../../../arm-none-eabi/lib/armv7e-m\libc.a(lib_a-refill.o)
 .ARM.attributes
                0x0000096e       0x2e c:/program files (x86)/atmel/atmel toolchain/arm gcc/native/4.8.1437/arm-gnu-toolchain/bin/../lib/gcc/arm-none-eabi/4.8.4/../../../../arm-none-eabi/lib/armv7e-m\libc.a(lib_a-sbrkr.o)
 .ARM.attributes
                0x0000099c       0x2e c:/program files (x86)/atmel/atmel toolchain/arm gcc/native/4.8.1437/arm-gnu-toolchain/bin/../lib/gcc/arm-none-eabi/4.8.4/../../../../arm-none-eabi/lib/armv7e-m\libc.a(lib_a-sccl.o)
 .ARM.attributes
                0x000009ca       0x2e c:/program files (x86)/atmel/atmel toolchain/arm gcc/native/4.8.1437/arm-gnu-toolchain/bin/../lib/gcc/arm-none-eabi/4.8.4/../../../../arm-none-eabi/lib/armv7e-m\libc.a(lib_a-stdio.o)
 .ARM.attributes
                0x000009f8       0x2e c:/program files (x86)/atmel/atmel toolchain/arm gcc/native/4.8.1437/arm-gnu-toolchain/bin/../lib/gcc/arm-none-eabi/4.8.4/../../../../arm-none-eabi/lib/armv7e-m\libc.a(lib_a-strtol.o)
 .ARM.attributes
                0x00000a26       0x2e c:/program files (x86)/atmel/atmel toolchain/arm gcc/native/4.8.1437/arm-gnu-toolchain/bin/../lib/gcc/arm-none-eabi/4.8.4/../../../../arm-none-eabi/lib/armv7e-m\libc.a(lib_a-strtoll_r.o)
 .ARM.attributes
                0x00000a54       0x2e c:/program files (x86)/atmel/atmel toolchain/arm gcc/native/4.8.1437/arm-gnu-toolchain/bin/../lib/gcc/arm-none-eabi/4.8.4/../../../../arm-none-eabi/lib/armv7e-m\libc.a(lib_a-strtoul.o)
 .ARM.attributes
                0x00000a82       0x2e c:/program files (x86)/atmel/atmel toolchain/arm gcc/native/4.8.1437/arm-gnu-toolchain/bin/../lib/gcc/arm-none-eabi/4.8.4/../../../../arm-none-eabi/lib/armv7e-m\libc.a(lib_a-strtoull_r.o)
 .ARM.attributes
                0x00000ab0       0x2e c:/program files (x86)/atmel/atmel toolchain/arm gcc/native/4.8.1437/arm-gnu-toolchain/bin/../lib/gcc/arm-none-eabi/4.8.4/../../../../arm-none-eabi/lib/armv7e-m\libc.a(lib_a-ungetc.o)
 .ARM.attributes
                0x00000ade       0x2e c:/program files (x86)/atmel/atmel toolchain/arm gcc/native/4.8.1437/arm-gnu-toolchain/bin/../lib/gcc/arm-none-eabi/4.8.4/../../../../arm-none-eabi/lib/armv7e-m\libc.a(lib_a-wbuf.o)
 .ARM.attributes
                0x00000b0c       0x2e c:/program files (x86)/atmel/atmel toolchain/arm gcc/native/4.8.1437/arm-gnu-toolchain/bin/../lib/gcc/arm-none-eabi/4.8.4/../../../../arm-none-eabi/lib/armv7e-m\libc.a(lib_a-wcrtomb.o)
 .ARM.attributes
                0x00000b3a       0x2e c:/program files (x86)/atmel/atmel toolchain/arm gcc/native/4.8.1437/arm-gnu-toolchain/bin/../lib/gcc/arm-none-eabi/4.8.4/../../../../arm-none-eabi/lib/armv7e-m\libc.a(lib_a-wctomb_r.o)
 .ARM.attributes
                0x00000b68       0x2e c:/program files (x86)/atmel/atmel toolchain/arm gcc/native/4.8.1437/arm-gnu-toolchain/bin/../lib/gcc/arm-none-eabi/4.8.4/../../../../arm-none-eabi/lib/armv7e-m\libc.a(lib_a-writer.o)
 .ARM.attributes
                0x00000b96       0x2e c:/program files (x86)/atmel/atmel toolchain/arm gcc/native/4.8.1437/arm-gnu-toolchain/bin/../lib/gcc/arm-none-eabi/4.8.4/../../../../arm-none-eabi/lib/armv7e-m\libc.a(lib_a-__atexit.o)
 .ARM.attributes
                0x00000bc4       0x2e c:/program files (x86)/atmel/atmel toolchain/arm gcc/native/4.8.1437/arm-gnu-toolchain/bin/../lib/gcc/arm-none-eabi/4.8.4/../../../../arm-none-eabi/lib/armv7e-m\libc.a(lib_a-closer.o)
 .ARM.attributes
                0x00000bf2       0x2e c:/program files (x86)/atmel/atmel toolchain/arm gcc/native/4.8.1437/arm-gnu-toolchain/bin/../lib/gcc/arm-none-eabi/4.8.4/../../../../arm-none-eabi/lib/armv7e-m\libc.a(lib_a-fclose.o)
 .ARM.attributes
                0x00000c20       0x2e c:/program files (x86)/atmel/atmel toolchain/arm gcc/native/4.8.1437/arm-gnu-toolchain/bin/../lib/gcc/arm-none-eabi/4.8.4/../../../../arm-none-eabi/lib/armv7e-m\libc.a(lib_a-fstatr.o)
 .ARM.attributes
                0x00000c4e       0x2e c:/program files (x86)/atmel/atmel toolchain/arm gcc/native/4.8.1437/arm-gnu-toolchain/bin/../lib/gcc/arm-none-eabi/4.8.4/../../../../arm-none-eabi/lib/armv7e-m\libc.a(lib_a-isattyr.o)
 .ARM.attributes
                0x00000c7c       0x2e c:/program files (x86)/atmel/atmel toolchain/arm gcc/native/4.8.1437/arm-gnu-toolchain/bin/../lib/gcc/arm-none-eabi/4.8.4/../../../../arm-none-eabi/lib/armv7e-m\libc.a(lib_a-lseekr.o)
 .ARM.attributes
                0x00000caa       0x2e c:/program files (x86)/atmel/atmel toolchain/arm gcc/native/4.8.1437/arm-gnu-toolchain/bin/../lib/gcc/arm-none-eabi/4.8.4/../../../../arm-none-eabi/lib/armv7e-m\libc.a(lib_a-readr.o)
 .ARM.attributes
                0x00000cd8       0x2e c:/program files (x86)/atmel/atmel toolchain/arm gcc/native/4.8.1437/arm-gnu-toolchain/bin/../lib/gcc/arm-none-eabi/4.8.4/../../../../arm-none-eabi/lib/armv7e-m\libc.a(lib_a-reent.o)
 .ARM.attributes
                0x00000d06       0x1e c:/program files (x86)/atmel/atmel toolchain/arm gcc/native/4.8.1437/arm-gnu-toolchain/bin/../lib/gcc/arm-none-eabi/4.8.4/armv7e-m\libgcc.a(_aeabi_uldivmod.o)
 .ARM.attributes
                0x00000d24       0x1e c:/program files (x86)/atmel/atmel toolchain/arm gcc/native/4.8.1437/arm-gnu-toolchain/bin/../lib/gcc/arm-none-eabi/4.8.4/armv7e-m/crtn.o

.comment        0x00000000       0x5b
 .comment       0x00000000       0x5b src/ASF/common/services/clock/sam4s/sysclk.o
                                 0x5c (size before relaxing)
 .comment       0x00000000       0x5c src/ASF/common/utils/stdio/read.o
 .comment       0x00000000       0x5c src/ASF/common/utils/stdio/write.o
 .comment       0x00000000       0x5c src/ASF/sam/boards/sam4s_xplained/init.o
 .comment       0x00000000       0x5c src/ASF/sam/drivers/pio/pio.o
 .comment       0x00000000       0x5c src/ASF/sam/drivers/pio/pio_handler.o
 .comment       0x00000000       0x5c src/ASF/sam/drivers/pmc/pmc.o
 .comment       0x00000000       0x5c src/ASF/sam/drivers/spi/spi.o
 .comment       0x00000000       0x5c src/ASF/sam/utils/cmsis/sam4s/source/templates/gcc/startup_sam4s.o
 .comment       0x00000000       0x5c src/ASF/sam/utils/cmsis/sam4s/source/templates/system_sam4s.o
 .comment       0x00000000       0x5c src/ASF/sam/utils/syscalls/gcc/syscalls.o
 .comment       0x00000000       0x5c src/spi_example.o

.debug_info     0x00000000     0x79a9
 .debug_info    0x00000000      0x76e src/ASF/common/services/clock/sam4s/sysclk.o
 .debug_info    0x0000076e      0x1bb src/ASF/common/utils/stdio/read.o
 .debug_info    0x00000929      0x1c0 src/ASF/common/utils/stdio/write.o
 .debug_info    0x00000ae9      0x883 src/ASF/sam/boards/sam4s_xplained/init.o
 .debug_info    0x0000136c     0x1949 src/ASF/sam/drivers/pio/pio.o
 .debug_info    0x00002cb5      0xf72 src/ASF/sam/drivers/pio/pio_handler.o
 .debug_info    0x00003c27     0x10bf src/ASF/sam/drivers/pmc/pmc.o
 .debug_info    0x00004ce6      0x860 src/ASF/sam/drivers/spi/spi.o
 .debug_info    0x00005546      0x68d src/ASF/sam/utils/cmsis/sam4s/source/templates/gcc/startup_sam4s.o
 .debug_info    0x00005bd3      0x4a1 src/ASF/sam/utils/cmsis/sam4s/source/templates/system_sam4s.o
 .debug_info    0x00006074      0x43f src/ASF/sam/utils/syscalls/gcc/syscalls.o
 .debug_info    0x000064b3     0x14f6 src/spi_example.o

.debug_abbrev   0x00000000     0x16cd
 .debug_abbrev  0x00000000      0x221 src/ASF/common/services/clock/sam4s/sysclk.o
 .debug_abbrev  0x00000221      0x101 src/ASF/common/utils/stdio/read.o
 .debug_abbrev  0x00000322       0xf5 src/ASF/common/utils/stdio/write.o
 .debug_abbrev  0x00000417      0x17c src/ASF/sam/boards/sam4s_xplained/init.o
 .debug_abbrev  0x00000593      0x30d src/ASF/sam/drivers/pio/pio.o
 .debug_abbrev  0x000008a0      0x280 src/ASF/sam/drivers/pio/pio_handler.o
 .debug_abbrev  0x00000b20      0x277 src/ASF/sam/drivers/pmc/pmc.o
 .debug_abbrev  0x00000d97      0x247 src/ASF/sam/drivers/spi/spi.o
 .debug_abbrev  0x00000fde      0x168 src/ASF/sam/utils/cmsis/sam4s/source/templates/gcc/startup_sam4s.o
 .debug_abbrev  0x00001146       0xf5 src/ASF/sam/utils/cmsis/sam4s/source/templates/system_sam4s.o
 .debug_abbrev  0x0000123b      0x14e src/ASF/sam/utils/syscalls/gcc/syscalls.o
 .debug_abbrev  0x00001389      0x344 src/spi_example.o

.debug_loc      0x00000000     0x2b35
 .debug_loc     0x00000000       0xed src/ASF/common/services/clock/sam4s/sysclk.o
 .debug_loc     0x000000ed       0xc5 src/ASF/common/utils/stdio/read.o
 .debug_loc     0x000001b2      0x161 src/ASF/common/utils/stdio/write.o
 .debug_loc     0x00000313       0x20 src/ASF/sam/boards/sam4s_xplained/init.o
 .debug_loc     0x00000333      0xdc1 src/ASF/sam/drivers/pio/pio.o
 .debug_loc     0x000010f4      0x51d src/ASF/sam/drivers/pio/pio_handler.o
 .debug_loc     0x00001611      0xc77 src/ASF/sam/drivers/pmc/pmc.o
 .debug_loc     0x00002288      0x51a src/ASF/sam/drivers/spi/spi.o
 .debug_loc     0x000027a2       0xb6 src/ASF/sam/utils/cmsis/sam4s/source/templates/gcc/startup_sam4s.o
 .debug_loc     0x00002858      0x12b src/ASF/sam/utils/syscalls/gcc/syscalls.o
 .debug_loc     0x00002983      0x1b2 src/spi_example.o

.debug_aranges  0x00000000      0x5f8
 .debug_aranges
                0x00000000       0x30 src/ASF/common/services/clock/sam4s/sysclk.o
 .debug_aranges
                0x00000030       0x20 src/ASF/common/utils/stdio/read.o
 .debug_aranges
                0x00000050       0x20 src/ASF/common/utils/stdio/write.o
 .debug_aranges
                0x00000070       0x20 src/ASF/sam/boards/sam4s_xplained/init.o
 .debug_aranges
                0x00000090      0x1a8 src/ASF/sam/drivers/pio/pio.o
 .debug_aranges
                0x00000238       0x58 src/ASF/sam/drivers/pio/pio_handler.o
 .debug_aranges
                0x00000290      0x200 src/ASF/sam/drivers/pmc/pmc.o
 .debug_aranges
                0x00000490       0x90 src/ASF/sam/drivers/spi/spi.o
 .debug_aranges
                0x00000520       0x28 src/ASF/sam/utils/cmsis/sam4s/source/templates/gcc/startup_sam4s.o
 .debug_aranges
                0x00000548       0x30 src/ASF/sam/utils/cmsis/sam4s/source/templates/system_sam4s.o
 .debug_aranges
                0x00000578       0x60 src/ASF/sam/utils/syscalls/gcc/syscalls.o
 .debug_aranges
                0x000005d8       0x20 src/spi_example.o

.debug_ranges   0x00000000      0x580
 .debug_ranges  0x00000000       0x20 src/ASF/common/services/clock/sam4s/sysclk.o
 .debug_ranges  0x00000020       0x10 src/ASF/common/utils/stdio/read.o
 .debug_ranges  0x00000030       0x10 src/ASF/common/utils/stdio/write.o
 .debug_ranges  0x00000040       0x10 src/ASF/sam/boards/sam4s_xplained/init.o
 .debug_ranges  0x00000050      0x198 src/ASF/sam/drivers/pio/pio.o
 .debug_ranges  0x000001e8       0x48 src/ASF/sam/drivers/pio/pio_handler.o
 .debug_ranges  0x00000230      0x1f0 src/ASF/sam/drivers/pmc/pmc.o
 .debug_ranges  0x00000420       0x80 src/ASF/sam/drivers/spi/spi.o
 .debug_ranges  0x000004a0       0x18 src/ASF/sam/utils/cmsis/sam4s/source/templates/gcc/startup_sam4s.o
 .debug_ranges  0x000004b8       0x20 src/ASF/sam/utils/cmsis/sam4s/source/templates/system_sam4s.o
 .debug_ranges  0x000004d8       0x50 src/ASF/sam/utils/syscalls/gcc/syscalls.o
 .debug_ranges  0x00000528       0x58 src/spi_example.o

.debug_macro    0x00000000    0x11cac
 .debug_macro   0x00000000      0x4d9 src/ASF/common/services/clock/sam4s/sysclk.o
 .debug_macro   0x000004d9      0x880 src/ASF/common/services/clock/sam4s/sysclk.o
 .debug_macro   0x00000d59      0x4ae src/ASF/common/services/clock/sam4s/sysclk.o
 .debug_macro   0x00001207       0x28 src/ASF/common/services/clock/sam4s/sysclk.o
 .debug_macro   0x0000122f      0x166 src/ASF/common/services/clock/sam4s/sysclk.o
 .debug_macro   0x00001395       0x76 src/ASF/common/services/clock/sam4s/sysclk.o
 .debug_macro   0x0000140b       0x16 src/ASF/common/services/clock/sam4s/sysclk.o
 .debug_macro   0x00001421      0x6e1 src/ASF/common/services/clock/sam4s/sysclk.o
 .debug_macro   0x00001b02       0x16 src/ASF/common/services/clock/sam4s/sysclk.o
 .debug_macro   0x00001b18       0x44 src/ASF/common/services/clock/sam4s/sysclk.o
 .debug_macro   0x00001b5c      0x209 src/ASF/common/services/clock/sam4s/sysclk.o
 .debug_macro   0x00001d65       0x27 src/ASF/common/services/clock/sam4s/sysclk.o
 .debug_macro   0x00001d8c       0x3b src/ASF/common/services/clock/sam4s/sysclk.o
 .debug_macro   0x00001dc7       0x18 src/ASF/common/services/clock/sam4s/sysclk.o
 .debug_macro   0x00001ddf       0x42 src/ASF/common/services/clock/sam4s/sysclk.o
 .debug_macro   0x00001e21      0xb17 src/ASF/common/services/clock/sam4s/sysclk.o
 .debug_macro   0x00002938      0x157 src/ASF/common/services/clock/sam4s/sysclk.o
 .debug_macro   0x00002a8f      0x970 src/ASF/common/services/clock/sam4s/sysclk.o
 .debug_macro   0x000033ff      0x281 src/ASF/common/services/clock/sam4s/sysclk.o
 .debug_macro   0x00003680       0xac src/ASF/common/services/clock/sam4s/sysclk.o
 .debug_macro   0x0000372c      0x317 src/ASF/common/services/clock/sam4s/sysclk.o
 .debug_macro   0x00003a43      0x106 src/ASF/common/services/clock/sam4s/sysclk.o
 .debug_macro   0x00003b49       0x1c src/ASF/common/services/clock/sam4s/sysclk.o
 .debug_macro   0x00003b65      0x735 src/ASF/common/services/clock/sam4s/sysclk.o
 .debug_macro   0x0000429a      0x2d0 src/ASF/common/services/clock/sam4s/sysclk.o
 .debug_macro   0x0000456a       0xbe src/ASF/common/services/clock/sam4s/sysclk.o
 .debug_macro   0x00004628     0x280b src/ASF/common/services/clock/sam4s/sysclk.o
 .debug_macro   0x00006e33      0x76f src/ASF/common/services/clock/sam4s/sysclk.o
 .debug_macro   0x000075a2      0xa8b src/ASF/common/services/clock/sam4s/sysclk.o
 .debug_macro   0x0000802d       0x9a src/ASF/common/services/clock/sam4s/sysclk.o
 .debug_macro   0x000080c7      0x3d6 src/ASF/common/services/clock/sam4s/sysclk.o
 .debug_macro   0x0000849d       0x64 src/ASF/common/services/clock/sam4s/sysclk.o
 .debug_macro   0x00008501      0x1ab src/ASF/common/services/clock/sam4s/sysclk.o
 .debug_macro   0x000086ac      0x383 src/ASF/common/services/clock/sam4s/sysclk.o
 .debug_macro   0x00008a2f      0x621 src/ASF/common/services/clock/sam4s/sysclk.o
 .debug_macro   0x00009050      0x68d src/ASF/common/services/clock/sam4s/sysclk.o
 .debug_macro   0x000096dd      0x59c src/ASF/common/services/clock/sam4s/sysclk.o
 .debug_macro   0x00009c79      0x34a src/ASF/common/services/clock/sam4s/sysclk.o
 .debug_macro   0x00009fc3      0x289 src/ASF/common/services/clock/sam4s/sysclk.o
 .debug_macro   0x0000a24c      0x2d3 src/ASF/common/services/clock/sam4s/sysclk.o
 .debug_macro   0x0000a51f      0x6d6 src/ASF/common/services/clock/sam4s/sysclk.o
 .debug_macro   0x0000abf5       0x76 src/ASF/common/services/clock/sam4s/sysclk.o
 .debug_macro   0x0000ac6b       0xb8 src/ASF/common/services/clock/sam4s/sysclk.o
 .debug_macro   0x0000ad23       0xb2 src/ASF/common/services/clock/sam4s/sysclk.o
 .debug_macro   0x0000add5       0x88 src/ASF/common/services/clock/sam4s/sysclk.o
 .debug_macro   0x0000ae5d      0x102 src/ASF/common/services/clock/sam4s/sysclk.o
 .debug_macro   0x0000af5f      0x102 src/ASF/common/services/clock/sam4s/sysclk.o
 .debug_macro   0x0000b061       0x88 src/ASF/common/services/clock/sam4s/sysclk.o
 .debug_macro   0x0000b0e9       0x88 src/ASF/common/services/clock/sam4s/sysclk.o
 .debug_macro   0x0000b171      0x2cd src/ASF/common/services/clock/sam4s/sysclk.o
 .debug_macro   0x0000b43e       0xb2 src/ASF/common/services/clock/sam4s/sysclk.o
 .debug_macro   0x0000b4f0       0xb2 src/ASF/common/services/clock/sam4s/sysclk.o
 .debug_macro   0x0000b5a2       0x52 src/ASF/common/services/clock/sam4s/sysclk.o
 .debug_macro   0x0000b5f4       0xa6 src/ASF/common/services/clock/sam4s/sysclk.o
 .debug_macro   0x0000b69a       0x7c src/ASF/common/services/clock/sam4s/sysclk.o
 .debug_macro   0x0000b716       0x40 src/ASF/common/services/clock/sam4s/sysclk.o
 .debug_macro   0x0000b756       0x64 src/ASF/common/services/clock/sam4s/sysclk.o
 .debug_macro   0x0000b7ba       0x88 src/ASF/common/services/clock/sam4s/sysclk.o
 .debug_macro   0x0000b842       0x4c src/ASF/common/services/clock/sam4s/sysclk.o
 .debug_macro   0x0000b88e       0xac src/ASF/common/services/clock/sam4s/sysclk.o
 .debug_macro   0x0000b93a       0x7c src/ASF/common/services/clock/sam4s/sysclk.o
 .debug_macro   0x0000b9b6       0x16 src/ASF/common/services/clock/sam4s/sysclk.o
 .debug_macro   0x0000b9cc       0x7c src/ASF/common/services/clock/sam4s/sysclk.o
 .debug_macro   0x0000ba48       0x22 src/ASF/common/services/clock/sam4s/sysclk.o
 .debug_macro   0x0000ba6a      0x192 src/ASF/common/services/clock/sam4s/sysclk.o
 .debug_macro   0x0000bbfc      0x162 src/ASF/common/services/clock/sam4s/sysclk.o
 .debug_macro   0x0000bd5e      0x162 src/ASF/common/services/clock/sam4s/sysclk.o
 .debug_macro   0x0000bec0       0x1c src/ASF/common/services/clock/sam4s/sysclk.o
 .debug_macro   0x0000bedc       0x2e src/ASF/common/services/clock/sam4s/sysclk.o
 .debug_macro   0x0000bf0a       0x22 src/ASF/common/services/clock/sam4s/sysclk.o
 .debug_macro   0x0000bf2c       0x1c src/ASF/common/services/clock/sam4s/sysclk.o
 .debug_macro   0x0000bf48       0x52 src/ASF/common/services/clock/sam4s/sysclk.o
 .debug_macro   0x0000bf9a       0x10 src/ASF/common/services/clock/sam4s/sysclk.o
 .debug_macro   0x0000bfaa      0x21f src/ASF/common/services/clock/sam4s/sysclk.o
 .debug_macro   0x0000c1c9      0x935 src/ASF/common/services/clock/sam4s/sysclk.o
 .debug_macro   0x0000cafe      0x107 src/ASF/common/services/clock/sam4s/sysclk.o
 .debug_macro   0x0000cc05       0x58 src/ASF/common/services/clock/sam4s/sysclk.o
 .debug_macro   0x0000cc5d       0x35 src/ASF/common/services/clock/sam4s/sysclk.o
 .debug_macro   0x0000cc92       0xa3 src/ASF/common/services/clock/sam4s/sysclk.o
 .debug_macro   0x0000cd35       0x16 src/ASF/common/services/clock/sam4s/sysclk.o
 .debug_macro   0x0000cd4b       0x35 src/ASF/common/services/clock/sam4s/sysclk.o
 .debug_macro   0x0000cd80       0x10 src/ASF/common/services/clock/sam4s/sysclk.o
 .debug_macro   0x0000cd90       0x52 src/ASF/common/services/clock/sam4s/sysclk.o
 .debug_macro   0x0000cde2       0x16 src/ASF/common/services/clock/sam4s/sysclk.o
 .debug_macro   0x0000cdf8       0x43 src/ASF/common/services/clock/sam4s/sysclk.o
 .debug_macro   0x0000ce3b      0x180 src/ASF/common/services/clock/sam4s/sysclk.o
 .debug_macro   0x0000cfbb       0x10 src/ASF/common/services/clock/sam4s/sysclk.o
 .debug_macro   0x0000cfcb       0x22 src/ASF/common/services/clock/sam4s/sysclk.o
 .debug_macro   0x0000cfed       0xbd src/ASF/common/services/clock/sam4s/sysclk.o
 .debug_macro   0x0000d0aa       0x16 src/ASF/common/services/clock/sam4s/sysclk.o
 .debug_macro   0x0000d0c0      0x16c src/ASF/common/services/clock/sam4s/sysclk.o
 .debug_macro   0x0000d22c       0x22 src/ASF/common/services/clock/sam4s/sysclk.o
 .debug_macro   0x0000d24e       0x16 src/ASF/common/services/clock/sam4s/sysclk.o
 .debug_macro   0x0000d264       0x16 src/ASF/common/services/clock/sam4s/sysclk.o
 .debug_macro   0x0000d27a       0x29 src/ASF/common/services/clock/sam4s/sysclk.o
 .debug_macro   0x0000d2a3       0x6d src/ASF/common/services/clock/sam4s/sysclk.o
 .debug_macro   0x0000d310       0x3f src/ASF/common/services/clock/sam4s/sysclk.o
 .debug_macro   0x0000d34f      0x3c3 src/ASF/common/services/clock/sam4s/sysclk.o
 .debug_macro   0x0000d712      0x231 src/ASF/common/services/clock/sam4s/sysclk.o
 .debug_macro   0x0000d943      0x6a9 src/ASF/common/services/clock/sam4s/sysclk.o
 .debug_macro   0x0000dfec       0x58 src/ASF/common/services/clock/sam4s/sysclk.o
 .debug_macro   0x0000e044       0x64 src/ASF/common/services/clock/sam4s/sysclk.o
 .debug_macro   0x0000e0a8       0x46 src/ASF/common/services/clock/sam4s/sysclk.o
 .debug_macro   0x0000e0ee       0x90 src/ASF/common/services/clock/sam4s/sysclk.o
 .debug_macro   0x0000e17e      0x45f src/ASF/common/utils/stdio/read.o
 .debug_macro   0x0000e5dd      0x45f src/ASF/common/utils/stdio/write.o
 .debug_macro   0x0000ea3c      0x518 src/ASF/sam/boards/sam4s_xplained/init.o
 .debug_macro   0x0000ef54       0x34 src/ASF/sam/boards/sam4s_xplained/init.o
 .debug_macro   0x0000ef88       0x94 src/ASF/sam/boards/sam4s_xplained/init.o
 .debug_macro   0x0000f01c       0x40 src/ASF/sam/boards/sam4s_xplained/init.o
 .debug_macro   0x0000f05c       0x82 src/ASF/sam/boards/sam4s_xplained/init.o
 .debug_macro   0x0000f0de      0x474 src/ASF/sam/drivers/pio/pio.o
 .debug_macro   0x0000f552       0x8e src/ASF/sam/drivers/pio/pio.o
 .debug_macro   0x0000f5e0      0x47e src/ASF/sam/drivers/pio/pio_handler.o
 .debug_macro   0x0000fa5e      0x474 src/ASF/sam/drivers/pmc/pmc.o
 .debug_macro   0x0000fed2       0x52 src/ASF/sam/drivers/pmc/pmc.o
 .debug_macro   0x0000ff24      0x4e2 src/ASF/sam/drivers/spi/spi.o
 .debug_macro   0x00010406       0x10 src/ASF/sam/drivers/spi/spi.o
 .debug_macro   0x00010416      0x2e6 src/ASF/sam/utils/cmsis/sam4s/source/templates/gcc/startup_sam4s.o
 .debug_macro   0x000106fc      0x2ee src/ASF/sam/utils/cmsis/sam4s/source/templates/system_sam4s.o
 .debug_macro   0x000109ea      0x129 src/ASF/sam/utils/syscalls/gcc/syscalls.o
 .debug_macro   0x00010b13       0x97 src/ASF/sam/utils/syscalls/gcc/syscalls.o
 .debug_macro   0x00010baa       0xef src/ASF/sam/utils/syscalls/gcc/syscalls.o
 .debug_macro   0x00010c99       0x4a src/ASF/sam/utils/syscalls/gcc/syscalls.o
 .debug_macro   0x00010ce3       0x52 src/ASF/sam/utils/syscalls/gcc/syscalls.o
 .debug_macro   0x00010d35       0x16 src/ASF/sam/utils/syscalls/gcc/syscalls.o
 .debug_macro   0x00010d4b       0x10 src/ASF/sam/utils/syscalls/gcc/syscalls.o
 .debug_macro   0x00010d5b       0x41 src/ASF/sam/utils/syscalls/gcc/syscalls.o
 .debug_macro   0x00010d9c      0x120 src/ASF/sam/utils/syscalls/gcc/syscalls.o
 .debug_macro   0x00010ebc      0x67d src/spi_example.o
 .debug_macro   0x00011539       0x10 src/spi_example.o
 .debug_macro   0x00011549       0x16 src/spi_example.o
 .debug_macro   0x0001155f       0x16 src/spi_example.o
 .debug_macro   0x00011575      0x2a6 src/spi_example.o
 .debug_macro   0x0001181b       0x10 src/spi_example.o
 .debug_macro   0x0001182b       0x1f src/spi_example.o
 .debug_macro   0x0001184a       0x10 src/spi_example.o
 .debug_macro   0x0001185a      0x452 src/spi_example.o

.debug_line     0x00000000     0x83c9
 .debug_line    0x00000000      0xb44 src/ASF/common/services/clock/sam4s/sysclk.o
 .debug_line    0x00000b44      0xa07 src/ASF/common/utils/stdio/read.o
 .debug_line    0x0000154b      0x9fd src/ASF/common/utils/stdio/write.o
 .debug_line    0x00001f48      0xbff src/ASF/sam/boards/sam4s_xplained/init.o
 .debug_line    0x00002b47      0xe8a src/ASF/sam/drivers/pio/pio.o
 .debug_line    0x000039d1      0xac0 src/ASF/sam/drivers/pio/pio_handler.o
 .debug_line    0x00004491      0xf7d src/ASF/sam/drivers/pmc/pmc.o
 .debug_line    0x0000540e      0xc58 src/ASF/sam/drivers/spi/spi.o
 .debug_line    0x00006066      0x861 src/ASF/sam/utils/cmsis/sam4s/source/templates/gcc/startup_sam4s.o
 .debug_line    0x000068c7      0x877 src/ASF/sam/utils/cmsis/sam4s/source/templates/system_sam4s.o
 .debug_line    0x0000713e      0x39b src/ASF/sam/utils/syscalls/gcc/syscalls.o
 .debug_line    0x000074d9      0xef0 src/spi_example.o

.debug_str      0x00000000    0x4e362
 .debug_str     0x00000000    0x48f0d src/ASF/common/services/clock/sam4s/sysclk.o
                              0x49289 (size before relaxing)
 .debug_str     0x00048f0d       0x3f src/ASF/common/utils/stdio/read.o
                              0x45d5a (size before relaxing)
 .debug_str     0x00048f4c       0x2e src/ASF/common/utils/stdio/write.o
                              0x45d5c (size before relaxing)
 .debug_str     0x00048f7a      0xbf2 src/ASF/sam/boards/sam4s_xplained/init.o
                              0x49bf2 (size before relaxing)
 .debug_str     0x00049b6c      0x5d2 src/ASF/sam/drivers/pio/pio.o
                              0x4696f (size before relaxing)
 .debug_str     0x0004a13e      0x3f8 src/ASF/sam/drivers/pio/pio_handler.o
                              0x467e0 (size before relaxing)
 .debug_str     0x0004a536      0x6c9 src/ASF/sam/drivers/pmc/pmc.o
                              0x467bb (size before relaxing)
 .debug_str     0x0004abff      0x447 src/ASF/sam/drivers/spi/spi.o
                              0x49400 (size before relaxing)
 .debug_str     0x0004b046      0x40a src/ASF/sam/utils/cmsis/sam4s/source/templates/gcc/startup_sam4s.o
                              0x39d3b (size before relaxing)
 .debug_str     0x0004b450       0xf1 src/ASF/sam/utils/cmsis/sam4s/source/templates/system_sam4s.o
                              0x39b1b (size before relaxing)
 .debug_str     0x0004b541      0x754 src/ASF/sam/utils/syscalls/gcc/syscalls.o
                               0x4f36 (size before relaxing)
 .debug_str     0x0004bc95     0x26cd src/spi_example.o
                              0x4c1a4 (size before relaxing)

.debug_frame    0x00000000     0x1a70
 .debug_frame   0x00000000       0x58 src/ASF/common/services/clock/sam4s/sysclk.o
 .debug_frame   0x00000058       0x30 src/ASF/common/utils/stdio/read.o
 .debug_frame   0x00000088       0x30 src/ASF/common/utils/stdio/write.o
 .debug_frame   0x000000b8       0x28 src/ASF/sam/boards/sam4s_xplained/init.o
 .debug_frame   0x000000e0      0x370 src/ASF/sam/drivers/pio/pio.o
 .debug_frame   0x00000450       0xf4 src/ASF/sam/drivers/pio/pio_handler.o
 .debug_frame   0x00000544      0x410 src/ASF/sam/drivers/pmc/pmc.o
 .debug_frame   0x00000954      0x120 src/ASF/sam/drivers/spi/spi.o
 .debug_frame   0x00000a74       0x38 src/ASF/sam/utils/cmsis/sam4s/source/templates/gcc/startup_sam4s.o
 .debug_frame   0x00000aac       0x40 src/ASF/sam/utils/cmsis/sam4s/source/templates/system_sam4s.o
 .debug_frame   0x00000aec       0xa8 src/ASF/sam/utils/syscalls/gcc/syscalls.o
 .debug_frame   0x00000b94       0x2c src/spi_example.o
 .debug_frame   0x00000bc0       0x50 c:/program files (x86)/atmel/atmel toolchain/arm gcc/native/4.8.1437/arm-gnu-toolchain/bin/../lib/gcc/arm-none-eabi/4.8.4/armv7e-m\libgcc.a(bpabi.o)
 .debug_frame   0x00000c10       0x34 c:/program files (x86)/atmel/atmel toolchain/arm gcc/native/4.8.1437/arm-gnu-toolchain/bin/../lib/gcc/arm-none-eabi/4.8.4/armv7e-m\libgcc.a(_divdi3.o)
 .debug_frame   0x00000c44       0x34 c:/program files (x86)/atmel/atmel toolchain/arm gcc/native/4.8.1437/arm-gnu-toolchain/bin/../lib/gcc/arm-none-eabi/4.8.4/armv7e-m\libgcc.a(_udivdi3.o)
 .debug_frame   0x00000c78       0x2c c:/program files (x86)/atmel/atmel toolchain/arm gcc/native/4.8.1437/arm-gnu-toolchain/bin/../lib/gcc/arm-none-eabi/4.8.4/../../../../arm-none-eabi/lib/armv7e-m\libc.a(lib_a-init.o)
 .debug_frame   0x00000ca4       0x58 c:/program files (x86)/atmel/atmel toolchain/arm gcc/native/4.8.1437/arm-gnu-toolchain/bin/../lib/gcc/arm-none-eabi/4.8.4/../../../../arm-none-eabi/lib/armv7e-m\libc.a(lib_a-iprintf.o)
 .debug_frame   0x00000cfc       0x58 c:/program files (x86)/atmel/atmel toolchain/arm gcc/native/4.8.1437/arm-gnu-toolchain/bin/../lib/gcc/arm-none-eabi/4.8.4/../../../../arm-none-eabi/lib/armv7e-m\libc.a(lib_a-iscanf.o)
 .debug_frame   0x00000d54       0x2c c:/program files (x86)/atmel/atmel toolchain/arm gcc/native/4.8.1437/arm-gnu-toolchain/bin/../lib/gcc/arm-none-eabi/4.8.4/../../../../arm-none-eabi/lib/armv7e-m\libc.a(lib_a-memset.o)
 .debug_frame   0x00000d80       0x40 c:/program files (x86)/atmel/atmel toolchain/arm gcc/native/4.8.1437/arm-gnu-toolchain/bin/../lib/gcc/arm-none-eabi/4.8.4/../../../../arm-none-eabi/lib/armv7e-m\libc.a(lib_a-puts.o)
 .debug_frame   0x00000dc0       0x20 c:/program files (x86)/atmel/atmel toolchain/arm gcc/native/4.8.1437/arm-gnu-toolchain/bin/../lib/gcc/arm-none-eabi/4.8.4/../../../../arm-none-eabi/lib/armv7e-m\libc.a(lib_a-strlen.o)
 .debug_frame   0x00000de0       0xb8 c:/program files (x86)/atmel/atmel toolchain/arm gcc/native/4.8.1437/arm-gnu-toolchain/bin/../lib/gcc/arm-none-eabi/4.8.4/../../../../arm-none-eabi/lib/armv7e-m\libc.a(lib_a-vfiprintf.o)
 .debug_frame   0x00000e98       0x90 c:/program files (x86)/atmel/atmel toolchain/arm gcc/native/4.8.1437/arm-gnu-toolchain/bin/../lib/gcc/arm-none-eabi/4.8.4/../../../../arm-none-eabi/lib/armv7e-m\libc.a(lib_a-vfiscanf.o)
 .debug_frame   0x00000f28       0x2c c:/program files (x86)/atmel/atmel toolchain/arm gcc/native/4.8.1437/arm-gnu-toolchain/bin/../lib/gcc/arm-none-eabi/4.8.4/../../../../arm-none-eabi/lib/armv7e-m\libc.a(lib_a-wsetup.o)
 .debug_frame   0x00000f54       0x48 c:/program files (x86)/atmel/atmel toolchain/arm gcc/native/4.8.1437/arm-gnu-toolchain/bin/../lib/gcc/arm-none-eabi/4.8.4/../../../../arm-none-eabi/lib/armv7e-m\libc.a(lib_a-__call_atexit.o)
 .debug_frame   0x00000f9c       0x20 c:/program files (x86)/atmel/atmel toolchain/arm gcc/native/4.8.1437/arm-gnu-toolchain/bin/../lib/gcc/arm-none-eabi/4.8.4/../../../../arm-none-eabi/lib/armv7e-m\libc.a(lib_a-atexit.o)
 .debug_frame   0x00000fbc       0x5c c:/program files (x86)/atmel/atmel toolchain/arm gcc/native/4.8.1437/arm-gnu-toolchain/bin/../lib/gcc/arm-none-eabi/4.8.4/../../../../arm-none-eabi/lib/armv7e-m\libc.a(lib_a-fflush.o)
 .debug_frame   0x00001018      0x110 c:/program files (x86)/atmel/atmel toolchain/arm gcc/native/4.8.1437/arm-gnu-toolchain/bin/../lib/gcc/arm-none-eabi/4.8.4/../../../../arm-none-eabi/lib/armv7e-m\libc.a(lib_a-findfp.o)
 .debug_frame   0x00001128       0x2c c:/program files (x86)/atmel/atmel toolchain/arm gcc/native/4.8.1437/arm-gnu-toolchain/bin/../lib/gcc/arm-none-eabi/4.8.4/../../../../arm-none-eabi/lib/armv7e-m\libc.a(lib_a-fini.o)
 .debug_frame   0x00001154       0x50 c:/program files (x86)/atmel/atmel toolchain/arm gcc/native/4.8.1437/arm-gnu-toolchain/bin/../lib/gcc/arm-none-eabi/4.8.4/../../../../arm-none-eabi/lib/armv7e-m\libc.a(lib_a-fputwc.o)
 .debug_frame   0x000011a4       0x54 c:/program files (x86)/atmel/atmel toolchain/arm gcc/native/4.8.1437/arm-gnu-toolchain/bin/../lib/gcc/arm-none-eabi/4.8.4/../../../../arm-none-eabi/lib/armv7e-m\libc.a(lib_a-fread.o)
 .debug_frame   0x000011f8       0x50 c:/program files (x86)/atmel/atmel toolchain/arm gcc/native/4.8.1437/arm-gnu-toolchain/bin/../lib/gcc/arm-none-eabi/4.8.4/../../../../arm-none-eabi/lib/armv7e-m\libc.a(lib_a-freer.o)
 .debug_frame   0x00001248       0x38 c:/program files (x86)/atmel/atmel toolchain/arm gcc/native/4.8.1437/arm-gnu-toolchain/bin/../lib/gcc/arm-none-eabi/4.8.4/../../../../arm-none-eabi/lib/armv7e-m\libc.a(lib_a-fvwrite.o)
 .debug_frame   0x00001280       0x54 c:/program files (x86)/atmel/atmel toolchain/arm gcc/native/4.8.1437/arm-gnu-toolchain/bin/../lib/gcc/arm-none-eabi/4.8.4/../../../../arm-none-eabi/lib/armv7e-m\libc.a(lib_a-fwalk.o)
 .debug_frame   0x000012d4       0x20 c:/program files (x86)/atmel/atmel toolchain/arm gcc/native/4.8.1437/arm-gnu-toolchain/bin/../lib/gcc/arm-none-eabi/4.8.4/../../../../arm-none-eabi/lib/armv7e-m\libc.a(lib_a-iswspace.o)
 .debug_frame   0x000012f4       0x98 c:/program files (x86)/atmel/atmel toolchain/arm gcc/native/4.8.1437/arm-gnu-toolchain/bin/../lib/gcc/arm-none-eabi/4.8.4/../../../../arm-none-eabi/lib/armv7e-m\libc.a(lib_a-locale.o)
 .debug_frame   0x0000138c       0x30 c:/program files (x86)/atmel/atmel toolchain/arm gcc/native/4.8.1437/arm-gnu-toolchain/bin/../lib/gcc/arm-none-eabi/4.8.4/../../../../arm-none-eabi/lib/armv7e-m\libc.a(lib_a-makebuf.o)
 .debug_frame   0x000013bc       0x38 c:/program files (x86)/atmel/atmel toolchain/arm gcc/native/4.8.1437/arm-gnu-toolchain/bin/../lib/gcc/arm-none-eabi/4.8.4/../../../../arm-none-eabi/lib/armv7e-m\libc.a(lib_a-mallocr.o)
 .debug_frame   0x000013f4       0x58 c:/program files (x86)/atmel/atmel toolchain/arm gcc/native/4.8.1437/arm-gnu-toolchain/bin/../lib/gcc/arm-none-eabi/4.8.4/../../../../arm-none-eabi/lib/armv7e-m\libc.a(lib_a-mbrtowc.o)
 .debug_frame   0x0000144c       0x48 c:/program files (x86)/atmel/atmel toolchain/arm gcc/native/4.8.1437/arm-gnu-toolchain/bin/../lib/gcc/arm-none-eabi/4.8.4/../../../../arm-none-eabi/lib/armv7e-m\libc.a(lib_a-mbtowc_r.o)
 .debug_frame   0x00001494       0x2c c:/program files (x86)/atmel/atmel toolchain/arm gcc/native/4.8.1437/arm-gnu-toolchain/bin/../lib/gcc/arm-none-eabi/4.8.4/../../../../arm-none-eabi/lib/armv7e-m\libc.a(lib_a-memchr-stub.o)
 .debug_frame   0x000014c0       0x2c c:/program files (x86)/atmel/atmel toolchain/arm gcc/native/4.8.1437/arm-gnu-toolchain/bin/../lib/gcc/arm-none-eabi/4.8.4/../../../../arm-none-eabi/lib/armv7e-m\libc.a(lib_a-memmove.o)
 .debug_frame   0x000014ec       0x30 c:/program files (x86)/atmel/atmel toolchain/arm gcc/native/4.8.1437/arm-gnu-toolchain/bin/../lib/gcc/arm-none-eabi/4.8.4/../../../../arm-none-eabi/lib/armv7e-m\libc.a(lib_a-mlock.o)
 .debug_frame   0x0000151c       0x38 c:/program files (x86)/atmel/atmel toolchain/arm gcc/native/4.8.1437/arm-gnu-toolchain/bin/../lib/gcc/arm-none-eabi/4.8.4/../../../../arm-none-eabi/lib/armv7e-m\libc.a(lib_a-reallocr.o)
 .debug_frame   0x00001554       0x40 c:/program files (x86)/atmel/atmel toolchain/arm gcc/native/4.8.1437/arm-gnu-toolchain/bin/../lib/gcc/arm-none-eabi/4.8.4/../../../../arm-none-eabi/lib/armv7e-m\libc.a(lib_a-refill.o)
 .debug_frame   0x00001594       0x2c c:/program files (x86)/atmel/atmel toolchain/arm gcc/native/4.8.1437/arm-gnu-toolchain/bin/../lib/gcc/arm-none-eabi/4.8.4/../../../../arm-none-eabi/lib/armv7e-m\libc.a(lib_a-sbrkr.o)
 .debug_frame   0x000015c0       0x2c c:/program files (x86)/atmel/atmel toolchain/arm gcc/native/4.8.1437/arm-gnu-toolchain/bin/../lib/gcc/arm-none-eabi/4.8.4/../../../../arm-none-eabi/lib/armv7e-m\libc.a(lib_a-sccl.o)
 .debug_frame   0x000015ec       0x80 c:/program files (x86)/atmel/atmel toolchain/arm gcc/native/4.8.1437/arm-gnu-toolchain/bin/../lib/gcc/arm-none-eabi/4.8.4/../../../../arm-none-eabi/lib/armv7e-m\libc.a(lib_a-stdio.o)
 .debug_frame   0x0000166c       0x50 c:/program files (x86)/atmel/atmel toolchain/arm gcc/native/4.8.1437/arm-gnu-toolchain/bin/../lib/gcc/arm-none-eabi/4.8.4/../../../../arm-none-eabi/lib/armv7e-m\libc.a(lib_a-strtol.o)
 .debug_frame   0x000016bc       0x38 c:/program files (x86)/atmel/atmel toolchain/arm gcc/native/4.8.1437/arm-gnu-toolchain/bin/../lib/gcc/arm-none-eabi/4.8.4/../../../../arm-none-eabi/lib/armv7e-m\libc.a(lib_a-strtoll_r.o)
 .debug_frame   0x000016f4       0x50 c:/program files (x86)/atmel/atmel toolchain/arm gcc/native/4.8.1437/arm-gnu-toolchain/bin/../lib/gcc/arm-none-eabi/4.8.4/../../../../arm-none-eabi/lib/armv7e-m\libc.a(lib_a-strtoul.o)
 .debug_frame   0x00001744       0x38 c:/program files (x86)/atmel/atmel toolchain/arm gcc/native/4.8.1437/arm-gnu-toolchain/bin/../lib/gcc/arm-none-eabi/4.8.4/../../../../arm-none-eabi/lib/armv7e-m\libc.a(lib_a-strtoull_r.o)
 .debug_frame   0x0000177c       0x5c c:/program files (x86)/atmel/atmel toolchain/arm gcc/native/4.8.1437/arm-gnu-toolchain/bin/../lib/gcc/arm-none-eabi/4.8.4/../../../../arm-none-eabi/lib/armv7e-m\libc.a(lib_a-ungetc.o)
 .debug_frame   0x000017d8       0x40 c:/program files (x86)/atmel/atmel toolchain/arm gcc/native/4.8.1437/arm-gnu-toolchain/bin/../lib/gcc/arm-none-eabi/4.8.4/../../../../arm-none-eabi/lib/armv7e-m\libc.a(lib_a-wbuf.o)
 .debug_frame   0x00001818       0x58 c:/program files (x86)/atmel/atmel toolchain/arm gcc/native/4.8.1437/arm-gnu-toolchain/bin/../lib/gcc/arm-none-eabi/4.8.4/../../../../arm-none-eabi/lib/armv7e-m\libc.a(lib_a-wcrtomb.o)
 .debug_frame   0x00001870       0x44 c:/program files (x86)/atmel/atmel toolchain/arm gcc/native/4.8.1437/arm-gnu-toolchain/bin/../lib/gcc/arm-none-eabi/4.8.4/../../../../arm-none-eabi/lib/armv7e-m\libc.a(lib_a-wctomb_r.o)
 .debug_frame   0x000018b4       0x2c c:/program files (x86)/atmel/atmel toolchain/arm gcc/native/4.8.1437/arm-gnu-toolchain/bin/../lib/gcc/arm-none-eabi/4.8.4/../../../../arm-none-eabi/lib/armv7e-m\libc.a(lib_a-writer.o)
 .debug_frame   0x000018e0       0x30 c:/program files (x86)/atmel/atmel toolchain/arm gcc/native/4.8.1437/arm-gnu-toolchain/bin/../lib/gcc/arm-none-eabi/4.8.4/../../../../arm-none-eabi/lib/armv7e-m\libc.a(lib_a-__atexit.o)
 .debug_frame   0x00001910       0x2c c:/program files (x86)/atmel/atmel toolchain/arm gcc/native/4.8.1437/arm-gnu-toolchain/bin/../lib/gcc/arm-none-eabi/4.8.4/../../../../arm-none-eabi/lib/armv7e-m\libc.a(lib_a-closer.o)
 .debug_frame   0x0000193c       0x3c c:/program files (x86)/atmel/atmel toolchain/arm gcc/native/4.8.1437/arm-gnu-toolchain/bin/../lib/gcc/arm-none-eabi/4.8.4/../../../../arm-none-eabi/lib/armv7e-m\libc.a(lib_a-fclose.o)
 .debug_frame   0x00001978       0x2c c:/program files (x86)/atmel/atmel toolchain/arm gcc/native/4.8.1437/arm-gnu-toolchain/bin/../lib/gcc/arm-none-eabi/4.8.4/../../../../arm-none-eabi/lib/armv7e-m\libc.a(lib_a-fstatr.o)
 .debug_frame   0x000019a4       0x2c c:/program files (x86)/atmel/atmel toolchain/arm gcc/native/4.8.1437/arm-gnu-toolchain/bin/../lib/gcc/arm-none-eabi/4.8.4/../../../../arm-none-eabi/lib/armv7e-m\libc.a(lib_a-isattyr.o)
 .debug_frame   0x000019d0       0x2c c:/program files (x86)/atmel/atmel toolchain/arm gcc/native/4.8.1437/arm-gnu-toolchain/bin/../lib/gcc/arm-none-eabi/4.8.4/../../../../arm-none-eabi/lib/armv7e-m\libc.a(lib_a-lseekr.o)